files/linked-dir/\../*.dat PASS
files/**/\./*.dat PASS
files/**/\../*.dat PASS
files/* PASS
files/** PASS
files/**/** PASS
files/**/**/** PASS
files/**/*.dat PASS
files/**/sub/* PASS
files/*/*.dat PASS
files/*/deep/?*.dat PASS
files/**/sub/.. PASS
files/**/./*.dat PASS
files/**/../*.dat PASS
files/linked-dir/*.dat PASS
files/linked-dir/** PASS
files/**/deep/** PASS
files/**/.* PASS
files/.private/** PASS
files/.private/*.dat PASS
files/??.dat PASS
files/?.dat PASS
files/[ab]*.dat PASS
files/**/[ab].dat PASS
files/**/[a-z].dat PASS
files/**/*.DAT PASS
files/**/*.missing PASS
files/**/no-such/* PASS
files/linked-dir/../*.dat PASS
files/dangling* PASS
files/external* PASS
files/link* PASS
./files/**/*.dat PASS
**/*.dat PASS
** PASS
**/** PASS
../files/**/*.dat PASS
<ORACLE_ROOT>/files/**/*.dat PASS
<ORACLE_ROOT>/files/* PASS
same-parser-retarget PASS
PASS 40 general/stable and between-operation alias contracts
