PASS payload-8192-Z-q
PASS payload-8192-_-__
PASS payload-8192-_-
PASS payload-8192-_-_
PASS payload-8192-missing-x
PASS payload-16384-Z-q
PASS payload-16384-_-__
PASS payload-16384-_-
PASS payload-16384-_-_
PASS payload-16384-missing-x
PASS payload-32768-Z-q
PASS payload-32768-_-__
PASS payload-32768-_-
PASS payload-32768-_-_
PASS payload-32768-missing-x
PASS payload-65536-Z-q
PASS payload-65536-_-__
PASS payload-65536-_-
PASS payload-65536-_-_
PASS payload-65536-missing-x
PASS payload-131072-Z-q
PASS payload-131072-_-__
PASS payload-131072-_-
PASS payload-131072-_-_
PASS payload-131072-missing-x
PASS shape-.to_upper().replace("A","x")
PASS shape-.to_upper().replace("A","x",)
PASS shape-.to_upper().replace(,"A","x")
PASS shape-.to_upper().replace("","x")
PASS shape-.to_upper(,).replace("A","x")
PASS shape-.trim().replace("a","x")
PASS shape-.to_lower().replace("a","x")
PASS shape-.replace("a",7)
PASS mixed-body-counts
PASS receiver-factory
PASS argument-factory
PASS nested-error
PASS 37 exact large payload / factory / error contracts
