CC="cc" CXX="g++" CFLAGS="-O2 -fPIC -Wno-deprecated-declarations" bash scripts/build_vendored_libffi.sh ".build/libffi/x86_64-linux-gnu-cc"
NIFT=/home/nick/Repositories/nift/nift/nift /usr/bin/python3 tests/v410_large_string_parity.py
PASS payload-8192-Z-q
PASS payload-8192-_-__
PASS payload-8192-_-
PASS payload-8192-_-_
PASS payload-8192-missing-x
PASS payload-16384-Z-q
PASS payload-16384-_-__
PASS payload-16384-_-
PASS payload-16384-_-_
PASS payload-16384-missing-x
PASS payload-32768-Z-q
PASS payload-32768-_-__
PASS payload-32768-_-
PASS payload-32768-_-_
PASS payload-32768-missing-x
PASS payload-65536-Z-q
PASS payload-65536-_-__
PASS payload-65536-_-
PASS payload-65536-_-_
PASS payload-65536-missing-x
PASS payload-131072-Z-q
PASS payload-131072-_-__
PASS payload-131072-_-
PASS payload-131072-_-_
PASS payload-131072-missing-x
PASS shape-.to_upper().replace("A","x")
PASS shape-.to_upper().replace("A","x",)
PASS shape-.to_upper().replace(,"A","x")
PASS shape-.to_upper().replace("","x")
PASS shape-.to_upper(,).replace("A","x")
PASS shape-.trim().replace("a","x")
PASS shape-.to_lower().replace("a","x")
PASS shape-.replace("a",7)
PASS mixed-body-counts
PASS receiver-factory
PASS argument-factory
PASS nested-error
PASS 37 exact payload/factory/diagnostic contracts
g++ -Isrc -Iinclude -Iminifypp/include -Iminifypp/src -Imarkuppp/include -Imarkuppp/vendor/cmark -I.build/libffi/x86_64-linux-gnu-cc/install/include -std=c++17 -O2 -Wall -Wextra -pedantic -pthread tests/v410_large_string_guard.cpp src/ProjectOwnership.o src/PackageTransaction.o src/Process.o src/JobControl.o src/RuntimeValue.o src/Value.o src/FileSystem.o src/JsonFile.o src/JsonSchema.o minifypp/src/Minify.o markuppp/src/Markup.o markuppp/src/AsciiDoc.o markuppp/src/ReStructuredText.o src/Parser.o src/ParserAsyncPool.o src/ParserExpression.o src/ParserHelpers.o src/ParserScript.o src/ParserTemplate.o src/ProjectInfo.o src/ProjectRead.o src/ProjectState.o src/WatchList.o src/BuildProgress.o src/Automation.o src/Hooks.o src/Ast.o markuppp/vendor/cmark/blocks.o markuppp/vendor/cmark/buffer.o markuppp/vendor/cmark/cmark.o markuppp/vendor/cmark/cmark_ctype.o markuppp/vendor/cmark/houdini_href_e.o markuppp/vendor/cmark/houdini_html_e.o markuppp/vendor/cmark/houdini_html_u.o markuppp/vendor/cmark/html.o markuppp/vendor/cmark/inlines.o markuppp/vendor/cmark/iterator.o markuppp/vendor/cmark/node.o markuppp/vendor/cmark/references.o markuppp/vendor/cmark/render.o markuppp/vendor/cmark/scanners.o markuppp/vendor/cmark/utf8.o  -ldl .build/libffi/x86_64-linux-gnu-cc/install/lib/libffi.a -o .build/large-string-guard
.build/large-string-guard
PASS bounded canonical cache: peak owned-capacity allowance=3891684 entries=10
