mkdir -p ".build/san-lifetime/src/"
mkdir -p ".build/san-lifetime/src/"
g++ -Isrc -Iinclude -Iminifypp/include -Iminifypp/src -Imarkuppp/include -Imarkuppp/vendor/cmark -I.build/libffi/sanitize-x86_64-linux-gnu-cc/install/include -std=c++17 -Wall -Wextra -pedantic -pthread -O1 -g -fno-omit-frame-pointer -fsanitize=address,undefined -MMD -MP -c "src/ParserHelpers.cpp" -o ".build/san-lifetime/src/ParserHelpers.o"
g++ -Isrc -Iinclude -Iminifypp/include -Iminifypp/src -Imarkuppp/include -Imarkuppp/vendor/cmark -I.build/libffi/sanitize-x86_64-linux-gnu-cc/install/include -std=c++17 -Wall -Wextra -pedantic -pthread -O1 -g -fno-omit-frame-pointer -fsanitize=address,undefined -MMD -MP -c "src/ParserExpression.cpp" -o ".build/san-lifetime/src/ParserExpression.o"
CC="cc" CXX="g++" CFLAGS="-O2 -fPIC -Wno-deprecated-declarations -O1 -g -fno-omit-frame-pointer -fsanitize=address,undefined -fno-sanitize-address-use-after-scope" bash scripts/build_vendored_libffi.sh ".build/libffi/sanitize-x86_64-linux-gnu-cc"
src/ParserExpression.cpp: In lambda function:
src/ParserExpression.cpp:1233:37: note: variable tracking size limit exceeded with ‘-fvar-tracking-assignments’, retrying without
 1233 |         const auto evaluate_slice = [&]() -> bool {
      |                                     ^
mkdir -p ".build"
g++ -std=c++17 -pthread -O1 -g -fno-omit-frame-pointer -fsanitize=address,undefined .build/san-lifetime/src/nift.o .build/san-lifetime/src/ProjectOwnership.o .build/san-lifetime/src/PackageTransaction.o .build/san-lifetime/src/CLI.o .build/san-lifetime/src/Process.o .build/san-lifetime/src/JobControl.o .build/san-lifetime/src/RuntimeValue.o .build/san-lifetime/src/Value.o .build/san-lifetime/src/FileSystem.o .build/san-lifetime/src/JsonFile.o .build/san-lifetime/src/JsonSchema.o .build/san-lifetime/minifypp/src/Minify.o .build/san-lifetime/markuppp/src/Markup.o .build/san-lifetime/markuppp/src/AsciiDoc.o .build/san-lifetime/markuppp/src/ReStructuredText.o .build/san-lifetime/src/Parser.o .build/san-lifetime/src/ParserAsyncPool.o .build/san-lifetime/src/ParserExpression.o .build/san-lifetime/src/ParserHelpers.o .build/san-lifetime/src/ParserScript.o .build/san-lifetime/src/ParserTemplate.o .build/san-lifetime/src/ProjectInfo.o .build/san-lifetime/src/ProjectRead.o .build/san-lifetime/src/ProjectState.o .build/san-lifetime/src/WatchList.o .build/san-lifetime/src/BuildProgress.o .build/san-lifetime/src/Automation.o .build/san-lifetime/src/Hooks.o .build/san-lifetime/src/Ast.o .build/san-lifetime/src/embed/Engine.o .build/san-lifetime/src/embed/Context.o .build/san-lifetime/src/embed/c_abi.o .build/san-lifetime/markuppp/vendor/cmark/blocks.o .build/san-lifetime/markuppp/vendor/cmark/buffer.o .build/san-lifetime/markuppp/vendor/cmark/cmark.o .build/san-lifetime/markuppp/vendor/cmark/cmark_ctype.o .build/san-lifetime/markuppp/vendor/cmark/houdini_href_e.o .build/san-lifetime/markuppp/vendor/cmark/houdini_html_e.o .build/san-lifetime/markuppp/vendor/cmark/houdini_html_u.o .build/san-lifetime/markuppp/vendor/cmark/html.o .build/san-lifetime/markuppp/vendor/cmark/inlines.o .build/san-lifetime/markuppp/vendor/cmark/iterator.o .build/san-lifetime/markuppp/vendor/cmark/node.o .build/san-lifetime/markuppp/vendor/cmark/references.o .build/san-lifetime/markuppp/vendor/cmark/render.o .build/san-lifetime/markuppp/vendor/cmark/scanners.o .build/san-lifetime/markuppp/vendor/cmark/utf8.o .build/libffi/sanitize-x86_64-linux-gnu-cc/install/lib/libffi.a -o ".build/nift-sanitize-lifetime"
sanitizer profiles differ: lifetime use-after-scope ON, deep OFF
env -u LD_PRELOAD ASAN_OPTIONS=detect_leaks=$(test "$(uname -s)" = Darwin && echo 0 || echo 1):halt_on_error=1 UBSAN_OPTIONS=halt_on_error=1 ".build/nift-sanitize-lifetime" --version
Nift v4.10.0
env -u LD_PRELOAD ASAN_OPTIONS=detect_leaks=$(test "$(uname -s)" = Darwin && echo 0 || echo 1):halt_on_error=1 UBSAN_OPTIONS=halt_on_error=1 NIFT_BIN="/home/nick/Repositories/nift/nift/.build/nift-sanitize-lifetime" tests/v43_cp0_cp14_smoke.sh
env -u LD_PRELOAD ASAN_OPTIONS=detect_leaks=$(test "$(uname -s)" = Darwin && echo 0 || echo 1):halt_on_error=1 UBSAN_OPTIONS=halt_on_error=1 NIFT_BIN="/home/nick/Repositories/nift/nift/.build/nift-sanitize-lifetime" tests/v43_cp15_cp34_smoke.sh
env -u LD_PRELOAD ASAN_OPTIONS=detect_leaks=$(test "$(uname -s)" = Darwin && echo 0 || echo 1):halt_on_error=1 UBSAN_OPTIONS=halt_on_error=1 NIFT_BIN="/home/nick/Repositories/nift/nift/.build/nift-sanitize-lifetime" tests/collection_ops_smoke.sh
collection ops smoke: PASS
env -u LD_PRELOAD ASAN_OPTIONS=detect_leaks=$(test "$(uname -s)" = Darwin && echo 0 || echo 1):halt_on_error=1 UBSAN_OPTIONS=halt_on_error=1 NIFT_BIN="/home/nick/Repositories/nift/nift/.build/nift-sanitize-lifetime" tests/v43_cp117_object_methods_smoke.sh
object methods smoke passed
env -u LD_PRELOAD ASAN_OPTIONS=detect_leaks=$(test "$(uname -s)" = Darwin && echo 0 || echo 1):halt_on_error=1 UBSAN_OPTIONS=halt_on_error=1 NIFT_BIN="/home/nick/Repositories/nift/nift/.build/nift-sanitize-lifetime" tests/v43_cp51_cp70_scripting_smoke.sh
v4.3 CP51-CP70 scripting smoke: PASS
env -u LD_PRELOAD ASAN_OPTIONS=detect_leaks=$(test "$(uname -s)" = Darwin && echo 0 || echo 1):halt_on_error=1 UBSAN_OPTIONS=halt_on_error=1 NIFT_BIN="/home/nick/Repositories/nift/nift/.build/nift-sanitize-lifetime" tests/v46_b4_cp3_recoverable_errors.sh
env -u LD_PRELOAD ASAN_OPTIONS=detect_leaks=$(test "$(uname -s)" = Darwin && echo 0 || echo 1):halt_on_error=1 UBSAN_OPTIONS=halt_on_error=1 NIFT_BIN="/home/nick/Repositories/nift/nift/.build/nift-sanitize-lifetime" tests/v45_threads.sh
v4.5 thread primitive smoke passed
env -u LD_PRELOAD ASAN_OPTIONS=detect_leaks=$(test "$(uname -s)" = Darwin && echo 0 || echo 1):halt_on_error=1 UBSAN_OPTIONS=halt_on_error=1 NIFT_BIN="/home/nick/Repositories/nift/nift/.build/nift-sanitize-lifetime" tests/v44_ast_expression_smoke.sh
v4.4 AST expression smoke: PASS
env -u LD_PRELOAD ASAN_OPTIONS=detect_leaks=$(test "$(uname -s)" = Darwin && echo 0 || echo 1):halt_on_error=1 UBSAN_OPTIONS=halt_on_error=1 NIFT_BIN="/home/nick/Repositories/nift/nift/.build/nift-sanitize-lifetime" bash tests/v44_ast_differential_corpus.sh
v4.4 AST differential corpus: PASS (20 programs, legacy-equivalent)
echo "lifetime sanitizer shallow corpus passed"
lifetime sanitizer shallow corpus passed
