START focused
PASS focused
START native-bindings
START focused
PASS focused
START native-bindings
PASS native-bindings
START warnings
PASS warnings
START binding-warnings
PASS binding-warnings
START nrs
PASS nrs
START prs
PASS prs
START lifetime
PASS lifetime
START extra-safety
PASS extra-safety
START sanitized-object
PASS sanitized-object
START sanitized-sort
PASS sanitized-sort
START core-memory
PASS core-memory
START deep-sanitizer
PASS deep-sanitizer
START parser-fuzz
PASS parser-fuzz
COMPLETE
