PASS loops/2000
PASS array-build/2000
PASS call-noarg/2000
PASS call-scalar/2000
PASS call-multi/2000
PASS call-locals/2000
PASS call-recursion/2000
PASS call-closure/2000
PASS call-callback/2000
PASS array-index/2000
PASS sort-identity/2000
PASS sort-index/2000
PASS sort-arithmetic/2000
PASS map-identity/2000
PASS map-index/2000
PASS map-arithmetic/2000
PASS frequency/2000
PASS map-set/2000
PASS sliding-window/2000
PASS json-parse-convert/2000
PASS json-traverse/2000
PASS json-mutate/2000
PASS json-serialize/2000
PASS construct-destroy/2000
PASS bfs/2000
PASS filesystem/2000
PASS loops/4000
PASS array-build/4000
PASS call-noarg/4000
PASS call-scalar/4000
PASS call-multi/4000
PASS call-locals/4000
PASS call-recursion/4000
PASS call-closure/4000
PASS call-callback/4000
PASS array-index/4000
PASS sort-identity/4000
PASS sort-index/4000
PASS sort-arithmetic/4000
PASS map-identity/4000
PASS map-index/4000
PASS map-arithmetic/4000
PASS frequency/4000
PASS map-set/4000
PASS sliding-window/4000
PASS json-parse-convert/4000
PASS json-traverse/4000
PASS json-mutate/4000
PASS json-serialize/4000
PASS construct-destroy/4000
PASS bfs/4000
PASS filesystem/4000
PASS loops/8000
PASS array-build/8000
PASS call-noarg/8000
PASS call-scalar/8000
PASS call-multi/8000
PASS call-locals/8000
PASS call-recursion/8000
PASS call-closure/8000
PASS call-callback/8000
PASS array-index/8000
PASS sort-identity/8000
PASS sort-index/8000
PASS sort-arithmetic/8000
PASS map-identity/8000
PASS map-index/8000
PASS map-arithmetic/8000
PASS frequency/8000
PASS map-set/8000
PASS sliding-window/8000
PASS json-parse-convert/8000
PASS json-traverse/8000
PASS json-mutate/8000
PASS json-serialize/8000
PASS construct-destroy/8000
PASS bfs/8000
PASS filesystem/8000
PASS empty/0
PASS map-aggregate/2000
PASS filter-aggregate/2000
PASS group-unique/2000
PASS group-repeated/2000
PASS official-sort-index/1000
PASS official-scan/1000
PASS official-frequency-count/1000
PASS official-map-set/1000
PASS official-sliding-window/1000
PASS official-bfs/1000
PASS official-json-parse/1000
PASS official-json-transform/1000
PASS official-function-calls/1000
PASS official-json-traverse/1000
PASS official-sort/1000
PASS captured-sort/1000
PASS unused-captures/1000
PASS official-sort/2000
PASS captured-sort/2000
PASS unused-captures/2000
PASS official-sort/4000
PASS captured-sort/4000
PASS unused-captures/4000
PASS wide-object-8/2000
PASS wide-object-32/2000
PASS wide-object-128/2000
PASS wide-object-512/2000
PASS wide-object-2000/2000
PASS wide-object-8000/2000
PASS sort-aggregate/2000
PASS call-imported/2000
PASS call-aggregate/2000
PASS sort-multi/2000
PASS json-wide/2000
PASS json-deep/2000
PASS json-mixed/2000
PASS bfs-queue/2000
PASS bfs-set-visit/2000
PASS bfs-map-update/2000
PASS bfs-nested-index/2000
