2000 0 identity PASS
2000 0 captured PASS
2000 0 map PASS
2000 0 filter PASS
2000 0 group PASS
2000 0 closure PASS
2000 5 identity PASS
2000 5 captured PASS
2000 5 map PASS
2000 5 filter PASS
2000 5 group PASS
2000 5 closure PASS
2000 16 identity PASS
2000 16 captured PASS
2000 16 map PASS
2000 16 filter PASS
2000 16 group PASS
2000 16 closure PASS
2000 50 identity PASS
2000 50 captured PASS
2000 50 map PASS
2000 50 filter PASS
2000 50 group PASS
2000 50 closure PASS
2000 100 identity PASS
2000 100 captured PASS
2000 100 map PASS
2000 100 filter PASS
2000 100 group PASS
2000 100 closure PASS
4000 0 identity PASS
4000 0 captured PASS
4000 0 map PASS
4000 0 filter PASS
4000 0 group PASS
4000 0 closure PASS
4000 5 identity PASS
4000 5 captured PASS
4000 5 map PASS
4000 5 filter PASS
4000 5 group PASS
4000 5 closure PASS
4000 16 identity PASS
4000 16 captured PASS
4000 16 map PASS
4000 16 filter PASS
4000 16 group PASS
4000 16 closure PASS
4000 50 identity PASS
4000 50 captured PASS
4000 50 map PASS
4000 50 filter PASS
4000 50 group PASS
4000 50 closure PASS
4000 100 identity PASS
4000 100 captured PASS
4000 100 map PASS
4000 100 filter PASS
4000 100 group PASS
4000 100 closure PASS
8000 0 identity PASS
8000 0 captured PASS
8000 0 map PASS
8000 0 filter PASS
8000 0 group PASS
8000 0 closure PASS
8000 5 identity PASS
8000 5 captured PASS
8000 5 map PASS
8000 5 filter PASS
8000 5 group PASS
8000 5 closure PASS
8000 16 identity PASS
8000 16 captured PASS
8000 16 map PASS
8000 16 filter PASS
8000 16 group PASS
8000 16 closure PASS
8000 50 identity PASS
8000 50 captured PASS
8000 50 map PASS
8000 50 filter PASS
8000 50 group PASS
8000 50 closure PASS
8000 100 identity PASS
8000 100 captured PASS
8000 100 map PASS
8000 100 filter PASS
8000 100 group PASS
8000 100 closure PASS
16000 0 identity PASS
16000 0 captured PASS
16000 0 map PASS
16000 0 filter PASS
16000 0 group PASS
16000 0 closure PASS
16000 5 identity PASS
16000 5 captured PASS
16000 5 map PASS
16000 5 filter PASS
16000 5 group PASS
16000 5 closure PASS
16000 16 identity PASS
16000 16 captured PASS
16000 16 map PASS
16000 16 filter PASS
16000 16 group PASS
16000 16 closure PASS
16000 50 identity PASS
16000 50 captured PASS
16000 50 map PASS
16000 50 filter PASS
16000 50 group PASS
16000 50 closure PASS
16000 100 identity PASS
16000 100 captured PASS
16000 100 map PASS
16000 100 filter PASS
16000 100 group PASS
16000 100 closure PASS
COMPLETE 240 exact-output whole-process instruction profiles
