mkdir -p ".build/san/src/"
g++ -Isrc -Iinclude -Iminifypp/include -Iminifypp/src -Imarkuppp/include -Imarkuppp/vendor/cmark -I.build/libffi/sanitize-x86_64-linux-gnu-cc/install/include -std=c++17 -Wall -Wextra -pedantic -pthread -O1 -g -fno-omit-frame-pointer -fsanitize=address,undefined -fno-sanitize-address-use-after-scope -MMD -MP -c "src/CLI.cpp" -o ".build/san/src/CLI.o"
mkdir -p ".build/san/src/"
g++ -Isrc -Iinclude -Iminifypp/include -Iminifypp/src -Imarkuppp/include -Imarkuppp/vendor/cmark -I.build/libffi/sanitize-x86_64-linux-gnu-cc/install/include -std=c++17 -Wall -Wextra -pedantic -pthread -O1 -g -fno-omit-frame-pointer -fsanitize=address,undefined -fno-sanitize-address-use-after-scope -MMD -MP -c "src/ProjectInfo.cpp" -o ".build/san/src/ProjectInfo.o"
mkdir -p ".build/san/src/"
g++ -Isrc -Iinclude -Iminifypp/include -Iminifypp/src -Imarkuppp/include -Imarkuppp/vendor/cmark -I.build/libffi/sanitize-x86_64-linux-gnu-cc/install/include -std=c++17 -Wall -Wextra -pedantic -pthread -O1 -g -fno-omit-frame-pointer -fsanitize=address,undefined -fno-sanitize-address-use-after-scope -MMD -MP -c "src/Hooks.cpp" -o ".build/san/src/Hooks.o"
mkdir -p ".build/san/src/embed/"
g++ -Isrc -Iinclude -Iminifypp/include -Iminifypp/src -Imarkuppp/include -Imarkuppp/vendor/cmark -I.build/libffi/sanitize-x86_64-linux-gnu-cc/install/include -std=c++17 -Wall -Wextra -pedantic -pthread -O1 -g -fno-omit-frame-pointer -fsanitize=address,undefined -fno-sanitize-address-use-after-scope -MMD -MP -c "src/embed/Engine.cpp" -o ".build/san/src/embed/Engine.o"
CC="cc" CXX="g++" CFLAGS="-O2 -fPIC -Wno-deprecated-declarations -O1 -g -fno-omit-frame-pointer -fsanitize=address,undefined -fno-sanitize-address-use-after-scope" bash scripts/build_vendored_libffi.sh ".build/libffi/sanitize-x86_64-linux-gnu-cc"
mkdir -p ".build/san/src/"
g++ -Isrc -Iinclude -Iminifypp/include -Iminifypp/src -Imarkuppp/include -Imarkuppp/vendor/cmark -I.build/libffi/sanitize-x86_64-linux-gnu-cc/install/include -std=c++17 -Wall -Wextra -pedantic -pthread -O1 -g -fno-omit-frame-pointer -fsanitize=address,undefined -fno-sanitize-address-use-after-scope -MMD -MP -c "src/Parser.cpp" -o ".build/san/src/Parser.o"
mkdir -p ".build/san/src/"
g++ -Isrc -Iinclude -Iminifypp/include -Iminifypp/src -Imarkuppp/include -Imarkuppp/vendor/cmark -I.build/libffi/sanitize-x86_64-linux-gnu-cc/install/include -std=c++17 -Wall -Wextra -pedantic -pthread -O1 -g -fno-omit-frame-pointer -fsanitize=address,undefined -fno-sanitize-address-use-after-scope -MMD -MP -c "src/ParserExpression.cpp" -o ".build/san/src/ParserExpression.o"
mkdir -p ".build/san/src/"
g++ -Isrc -Iinclude -Iminifypp/include -Iminifypp/src -Imarkuppp/include -Imarkuppp/vendor/cmark -I.build/libffi/sanitize-x86_64-linux-gnu-cc/install/include -std=c++17 -Wall -Wextra -pedantic -pthread -O1 -g -fno-omit-frame-pointer -fsanitize=address,undefined -fno-sanitize-address-use-after-scope -MMD -MP -c "src/ParserScript.cpp" -o ".build/san/src/ParserScript.o"
mkdir -p ".build/san/src/"
g++ -Isrc -Iinclude -Iminifypp/include -Iminifypp/src -Imarkuppp/include -Imarkuppp/vendor/cmark -I.build/libffi/sanitize-x86_64-linux-gnu-cc/install/include -std=c++17 -Wall -Wextra -pedantic -pthread -O1 -g -fno-omit-frame-pointer -fsanitize=address,undefined -fno-sanitize-address-use-after-scope -MMD -MP -c "src/ParserTemplate.cpp" -o ".build/san/src/ParserTemplate.o"
In file included from /usr/include/c++/15/bits/stl_algobase.h:71,
                 from /usr/include/c++/15/bits/specfun.h:43,
                 from /usr/include/c++/15/cmath:3913,
                 from src/../jsonic/include/json.h:5,
                 from src/Json.h:6,
                 from src/JsonFile.h:2,
                 from src/ParserExpression.cpp:1:
In constructor ‘constexpr __gnu_cxx::__ops::_Iter_comp_iter<_Compare>::_Iter_comp_iter(_Compare) [with _Compare = Parser::evaluate_collection_value(const std::string&, nift::RuntimeValue&, std::string&)::<lambda(auto:7, auto:8)>]’,
    inlined from ‘constexpr __gnu_cxx::__ops::_Iter_comp_iter<_Compare> __gnu_cxx::__ops::__iter_comp_iter(_Compare) [with _Compare = Parser::evaluate_collection_value(const std::string&, nift::RuntimeValue&, std::string&)::<lambda(auto:7, auto:8)>]’ at /usr/include/c++/15/bits/predefined_ops.h:165:61,
    inlined from ‘void std::stable_sort(_RAIter, _RAIter, _Compare) [with _RAIter = __gnu_cxx::__normal_iterator<long unsigned int*, vector<long unsigned int> >; _Compare = Parser::evaluate_collection_value(const std::string&, nift::RuntimeValue&, std::string&)::<lambda(auto:7, auto:8)>]’ at /usr/include/c++/15/bits/stl_algo.h:5108:36,
    inlined from ‘bool Parser::evaluate_collection_value(const std::string&, nift::RuntimeValue&, std::string&)’ at src/ParserExpression.cpp:894:21:
/usr/include/c++/15/bits/predefined_ops.h:151:11: warning: ‘SR.25398’ may be used uninitialized [-Wmaybe-uninitialized]
  151 |         : _M_comp(_GLIBCXX_MOVE(__comp))
      |           ^~~~~~~~~~~~~~~~~~~~~~~~~~~~~~
In file included from /usr/include/c++/15/algorithm:63,
                 from src/../jsonic/include/json.h:8:
/usr/include/c++/15/bits/stl_algo.h: In member function ‘bool Parser::evaluate_collection_value(const std::string&, nift::RuntimeValue&, std::string&)’:
/usr/include/c++/15/bits/stl_algo.h:5108:36: note: ‘SR.25398’ was declared here
 5108 |       _GLIBCXX_STD_A::__stable_sort(__first, __last,
      |                                    ^
src/ParserExpression.cpp: In lambda function:
src/ParserExpression.cpp:1236:37: note: variable tracking size limit exceeded with ‘-fvar-tracking-assignments’, retrying without
 1236 |         const auto evaluate_slice = [&]() -> bool {
      |                                     ^
mkdir -p ".build"
g++ -std=c++17 -pthread -O1 -g -fno-omit-frame-pointer -fsanitize=address,undefined -fno-sanitize-address-use-after-scope .build/san/src/nift.o .build/san/src/ProjectOwnership.o .build/san/src/PackageTransaction.o .build/san/src/CLI.o .build/san/src/Process.o .build/san/src/JobControl.o .build/san/src/RuntimeValue.o .build/san/src/Value.o .build/san/src/FileSystem.o .build/san/src/JsonFile.o .build/san/src/JsonSchema.o .build/san/minifypp/src/Minify.o .build/san/markuppp/src/Markup.o .build/san/markuppp/src/AsciiDoc.o .build/san/markuppp/src/ReStructuredText.o .build/san/src/Parser.o .build/san/src/ParserAsyncPool.o .build/san/src/ParserExpression.o .build/san/src/ParserHelpers.o .build/san/src/ParserScript.o .build/san/src/ParserTemplate.o .build/san/src/ProjectInfo.o .build/san/src/ProjectRead.o .build/san/src/ProjectState.o .build/san/src/WatchList.o .build/san/src/BuildProgress.o .build/san/src/Automation.o .build/san/src/Hooks.o .build/san/src/Ast.o .build/san/src/embed/Engine.o .build/san/src/embed/Context.o .build/san/src/embed/c_abi.o .build/san/markuppp/vendor/cmark/blocks.o .build/san/markuppp/vendor/cmark/buffer.o .build/san/markuppp/vendor/cmark/cmark.o .build/san/markuppp/vendor/cmark/cmark_ctype.o .build/san/markuppp/vendor/cmark/houdini_href_e.o .build/san/markuppp/vendor/cmark/houdini_html_e.o .build/san/markuppp/vendor/cmark/houdini_html_u.o .build/san/markuppp/vendor/cmark/html.o .build/san/markuppp/vendor/cmark/inlines.o .build/san/markuppp/vendor/cmark/iterator.o .build/san/markuppp/vendor/cmark/node.o .build/san/markuppp/vendor/cmark/references.o .build/san/markuppp/vendor/cmark/render.o .build/san/markuppp/vendor/cmark/scanners.o .build/san/markuppp/vendor/cmark/utf8.o .build/libffi/sanitize-x86_64-linux-gnu-cc/install/lib/libffi.a -o ".build/nift-sanitize"
env -u LD_PRELOAD ASAN_OPTIONS=detect_leaks=$(test "$(uname -s)" = Darwin && echo 0 || echo 1):halt_on_error=1 UBSAN_OPTIONS=halt_on_error=1 ".build/nift-sanitize" --version
Nift v4.10.0
