CC="cc" CXX="g++" CFLAGS="-O2 -fPIC -Wno-deprecated-declarations" bash scripts/build_vendored_libffi.sh ".build/libffi/x86_64-linux-gnu-cc"
python3 tests/v410_callback_overlay_parity.py --nift "/home/nick/Repositories/nift/nift/nift"
PASS 23 exact callback environment/origin contracts
NIFT="/home/nick/Repositories/nift/nift/.build/nift-lambda-cache-guard" python3 tests/v48_callback_guard.py
PASS indexed map: {'syntax': 1, 'numeric': 1, 'instances': 1, 'prepared': 100000, 'legacy': 0}
PASS indexed sort: {'syntax': 1, 'numeric': 1, 'instances': 100000, 'prepared': 100000, 'legacy': 0}
PASS identity map: {'syntax': 1, 'numeric': 0, 'instances': 1, 'prepared': 100000, 'legacy': 0}
PASS identity sort: {'syntax': 1, 'numeric': 0, 'instances': 100000, 'prepared': 100000, 'legacy': 0}
PASS identity typed fallback: {'syntax': 1, 'numeric': 0, 'instances': 1, 'prepared': 1, 'legacy': 1}
PASS sort: {'syntax': 1, 'numeric': 1, 'instances': 100000, 'prepared': 100000, 'legacy': 0}
PASS reduce: {'syntax': 1, 'numeric': 1, 'instances': 1, 'prepared': 100000, 'legacy': 0}
PASS numeric filter: {'syntax': 1, 'numeric': 1, 'instances': 1, 'prepared': 100000, 'legacy': 0}
PASS numeric equality filter: {'syntax': 1, 'numeric': 1, 'instances': 1, 'prepared': 100000, 'legacy': 0}
PASS bounded cache: {'syntax': 300, 'numeric': 256, 'instances': 300, 'prepared': 256, 'legacy': 44}
PASS oversized body: {'syntax': 1, 'numeric': 0, 'instances': 1, 'prepared': 0, 'legacy': 1}
PASS typed fallback: {'syntax': 1, 'numeric': 1, 'instances': 1, 'prepared': 1, 'legacy': 1}
NIFT="/home/nick/Repositories/nift/nift/nift" python3 tests/v410_string_replace_parity.py
PASS 20 exact byte-string replacement contracts
NIFT="/home/nick/Repositories/nift/nift/nift" python3 tests/v410_native_dispatch_parity.py
PASS 15 exact native dispatch/method/error contracts
NIFT="/home/nick/Repositories/nift/nift/nift" python3 tests/v410_glob_parity.py
PASS 12 exact glob path/ordering/hidden/Unicode/alias contracts
mkdir -p ".build/glob-relative/"
g++ -Isrc -Iinclude -Iminifypp/include -Iminifypp/src -Imarkuppp/include -Imarkuppp/vendor/cmark -I.build/libffi/x86_64-linux-gnu-cc/install/include -std=c++17 -O2 -Wall -Wextra -pedantic -pthread -DNIFT_TEST_GLOB_PATH_STATS -MMD -MP -c src/ParserExpression.cpp -o .build/glob-relative/ParserExpression.o
g++ -std=c++17 -O2 -Wall -Wextra -pedantic -pthread  src/nift.o src/ProjectOwnership.o src/PackageTransaction.o src/CLI.o src/Process.o src/JobControl.o src/RuntimeValue.o src/Value.o src/FileSystem.o src/JsonFile.o src/JsonSchema.o minifypp/src/Minify.o markuppp/src/Markup.o markuppp/src/AsciiDoc.o markuppp/src/ReStructuredText.o src/Parser.o src/ParserAsyncPool.o src/ParserHelpers.o src/ParserScript.o src/ParserTemplate.o src/ProjectInfo.o src/ProjectRead.o src/ProjectState.o src/WatchList.o src/BuildProgress.o src/Automation.o src/Hooks.o src/Ast.o markuppp/vendor/cmark/blocks.o markuppp/vendor/cmark/buffer.o markuppp/vendor/cmark/cmark.o markuppp/vendor/cmark/cmark_ctype.o markuppp/vendor/cmark/houdini_href_e.o markuppp/vendor/cmark/houdini_html_e.o markuppp/vendor/cmark/houdini_html_u.o markuppp/vendor/cmark/html.o markuppp/vendor/cmark/inlines.o markuppp/vendor/cmark/iterator.o markuppp/vendor/cmark/node.o markuppp/vendor/cmark/references.o markuppp/vendor/cmark/render.o markuppp/vendor/cmark/scanners.o markuppp/vendor/cmark/utf8.o .build/glob-relative/ParserExpression.o -ldl .build/libffi/x86_64-linux-gnu-cc/install/lib/libffi.a -o .build/nift-glob-relative-guard
NIFT="/home/nick/Repositories/nift/nift/.build/nift-glob-relative-guard" python3 tests/v410_glob_relative_guard.py
PASS relative-base scaling: 32/128/512; absolute and empty globs bypass canonicalization
NIFT="/home/nick/Repositories/nift/nift/nift" python3 tests/v49_glob_order.py
PASS 8 glob ordering/dedup/Unicode/hidden/missing contracts plus POSIX symlinks
g++ -std=c++17 -O2 -Wall -Wextra -pedantic -pthread  src/nift.o src/ProjectOwnership.o src/PackageTransaction.o src/CLI.o src/Process.o src/JobControl.o src/RuntimeValue.o src/Value.o src/FileSystem.o src/JsonFile.o src/JsonSchema.o minifypp/src/Minify.o markuppp/src/Markup.o markuppp/src/AsciiDoc.o markuppp/src/ReStructuredText.o src/Parser.o src/ParserAsyncPool.o src/ParserExpression.o src/ParserScript.o src/ParserTemplate.o src/ProjectInfo.o src/ProjectRead.o src/ProjectState.o src/WatchList.o src/BuildProgress.o src/Automation.o src/Hooks.o src/Ast.o markuppp/vendor/cmark/blocks.o markuppp/vendor/cmark/buffer.o markuppp/vendor/cmark/cmark.o markuppp/vendor/cmark/cmark_ctype.o markuppp/vendor/cmark/houdini_href_e.o markuppp/vendor/cmark/houdini_html_e.o markuppp/vendor/cmark/houdini_html_u.o markuppp/vendor/cmark/html.o markuppp/vendor/cmark/inlines.o markuppp/vendor/cmark/iterator.o markuppp/vendor/cmark/node.o markuppp/vendor/cmark/references.o markuppp/vendor/cmark/render.o markuppp/vendor/cmark/scanners.o markuppp/vendor/cmark/utf8.o .build/glob-keys/ParserHelpers.o -ldl .build/libffi/x86_64-linux-gnu-cc/install/lib/libffi.a -o .build/nift-glob-key-guard
NIFT="/home/nick/Repositories/nift/nift/.build/nift-glob-key-guard" python3 tests/v49_glob_key_guard.py
PASS 100 entries: 100 ordering-key conversions
PASS 200 entries: 200 ordering-key conversions
PASS 400 entries: 400 ordering-key conversions
NIFT_BIN="/home/nick/Repositories/nift/nift/nift" tests/diagnostics_smoke.sh
diagnostics smoke passed
diagnostics smoke passed
python3 tests/v410_oracle_paths_test.py
...
----------------------------------------------------------------------
Ran 3 tests in 0.000s

OK
python3 tests/v410_sort_factory_parity.py --nift ./nift
PASS 31 exact sort/factory/capture/origin contracts
python3 tests/v410_object_member_parity.py --nift ./nift
PASS 86 exact object/member/location/origin contracts
mkdir -p .build
g++ -std=c++17 -O2 -Wall -Wextra -pedantic -Isrc -Ijsonic/include tests/v410_object_member_unit.cpp src/RuntimeValue.cpp -o .build/v410-object-member-unit
.build/v410-object-member-unit
g++ -std=c++17 -O2 -Wall -Wextra -pedantic -pthread  src/nift.o src/ProjectOwnership.o src/PackageTransaction.o src/CLI.o src/Process.o src/JobControl.o src/Value.o src/FileSystem.o src/JsonFile.o src/JsonSchema.o minifypp/src/Minify.o markuppp/src/Markup.o markuppp/src/AsciiDoc.o markuppp/src/ReStructuredText.o src/Parser.o src/ParserAsyncPool.o src/ParserExpression.o src/ParserHelpers.o src/ParserScript.o src/ParserTemplate.o src/ProjectInfo.o src/ProjectRead.o src/ProjectState.o src/WatchList.o src/BuildProgress.o src/Automation.o src/Hooks.o src/Ast.o markuppp/vendor/cmark/blocks.o markuppp/vendor/cmark/buffer.o markuppp/vendor/cmark/cmark.o markuppp/vendor/cmark/cmark_ctype.o markuppp/vendor/cmark/houdini_href_e.o markuppp/vendor/cmark/houdini_html_e.o markuppp/vendor/cmark/houdini_html_u.o markuppp/vendor/cmark/html.o markuppp/vendor/cmark/inlines.o markuppp/vendor/cmark/iterator.o markuppp/vendor/cmark/node.o markuppp/vendor/cmark/references.o markuppp/vendor/cmark/render.o markuppp/vendor/cmark/scanners.o markuppp/vendor/cmark/utf8.o .build/object-lookup/RuntimeValue.o -ldl .build/libffi/x86_64-linux-gnu-cc/install/lib/libffi.a -o .build/nift-object-lookup-guard
python3 tests/v410_object_member_guard.py --nift ./.build/nift-object-lookup-guard
PASS one traversal per object lookup, exact comparison positions and missing checks
NIFT="/home/nick/Repositories/nift/nift/nift" bash tests/v48_callable_parity.sh
PASS v4.8 callable parity
NIFT="/home/nick/Repositories/nift/nift/nift" bash tests/v48_callback_parity.sh
PASS v4.8 identifier and callback compatibility parity
PASS v4.8 callback compatibility matrix
NIFT="/home/nick/Repositories/nift/nift/nift" python3 tests/v48_callback_numeric_parity.py
PASS 470 ordinary/callback numeric and fallback parity pairs
NIFT="/home/nick/Repositories/nift/nift/nift" python3 tests/v410_allocation_guard.py
[
  {
    "low": 100,
    "high": 200,
    "capture_slope": 0.125,
    "dispatch_slope": 33.0
  },
  {
    "low": 200,
    "high": 400,
    "capture_slope": 0.125,
    "dispatch_slope": 33.0
  }
]
PASS capture and native-dispatch allocation slopes (N/2N/4N)
