CC="cc" CXX="g++" CFLAGS="-O2 -fPIC -Wno-deprecated-declarations" bash scripts/build_vendored_libffi.sh ".build/libffi/x86_64-linux-gnu-cc"
BUILD vendored libffi (x86_64-linux-gnu-cc)
BUILD vendored libffi: done (9s)
g++ -Isrc -Iinclude -Iminifypp/include -Iminifypp/src -Imarkuppp/include -Imarkuppp/vendor/cmark -I.build/libffi/x86_64-linux-gnu-cc/install/include -std=c++17 -O2 -Wall -Wextra -pedantic -pthread -MMD -MP -c src/ParserExpression.cpp -o src/ParserExpression.o
g++ -std=c++17 -O2 -Wall -Wextra -pedantic -pthread  src/nift.o src/ProjectOwnership.o src/PackageTransaction.o src/CLI.o src/Process.o src/JobControl.o src/RuntimeValue.o src/Value.o src/FileSystem.o src/JsonFile.o src/JsonSchema.o minifypp/src/Minify.o markuppp/src/Markup.o markuppp/src/AsciiDoc.o markuppp/src/ReStructuredText.o src/Parser.o src/ParserAsyncPool.o src/ParserExpression.o src/ParserHelpers.o src/ParserScript.o src/ParserTemplate.o src/ProjectInfo.o src/ProjectRead.o src/ProjectState.o src/WatchList.o src/BuildProgress.o src/Automation.o src/Hooks.o src/Ast.o markuppp/vendor/cmark/blocks.o markuppp/vendor/cmark/buffer.o markuppp/vendor/cmark/cmark.o markuppp/vendor/cmark/cmark_ctype.o markuppp/vendor/cmark/houdini_href_e.o markuppp/vendor/cmark/houdini_html_e.o markuppp/vendor/cmark/houdini_html_u.o markuppp/vendor/cmark/html.o markuppp/vendor/cmark/inlines.o markuppp/vendor/cmark/iterator.o markuppp/vendor/cmark/node.o markuppp/vendor/cmark/references.o markuppp/vendor/cmark/render.o markuppp/vendor/cmark/scanners.o markuppp/vendor/cmark/utf8.o -ldl .build/libffi/x86_64-linux-gnu-cc/install/lib/libffi.a -o nift
NIFT_BIN="/home/nick/Repositories/nift/nift/nift" tests/diagnostics_smoke.sh
diagnostics smoke passed
diagnostics smoke passed
NIFT="/home/nick/Repositories/nift/nift/nift" bash tests/v48_callable_parity.sh
PASS v4.8 callable parity
NIFT="/home/nick/Repositories/nift/nift/nift" bash tests/v48_callback_parity.sh
PASS v4.8 identifier and callback compatibility parity
PASS v4.8 callback compatibility matrix
NIFT="/home/nick/Repositories/nift/nift/nift" python3 tests/v48_callback_numeric_parity.py
PASS 470 ordinary/callback numeric and fallback parity pairs
NIFT="/home/nick/Repositories/nift/nift/nift" python3 tests/v410_allocation_guard.py
[
  {
    "low": 100,
    "high": 200,
    "capture_slope": 2.25,
    "dispatch_slope": 33.0
  },
  {
    "low": 200,
    "high": 400,
    "capture_slope": 2.25,
    "dispatch_slope": 33.0
  }
]
PASS capture and native-dispatch allocation slopes (N/2N/4N)
