mkdir -p ".build/san-lifetime/src/"
mkdir -p ".build/san-lifetime/src/"
mkdir -p ".build/san-lifetime/src/"
mkdir -p ".build/san-lifetime/src/"
g++ -Isrc -Iinclude -Iminifypp/include -Iminifypp/src -Imarkuppp/include -Imarkuppp/vendor/cmark -I.build/libffi/sanitize-x86_64-linux-gnu-cc/install/include -std=c++17 -Wall -Wextra -pedantic -pthread -O1 -g -fno-omit-frame-pointer -fsanitize=address,undefined -MMD -MP -c "src/PackageTransaction.cpp" -o ".build/san-lifetime/src/PackageTransaction.o"
g++ -Isrc -Iinclude -Iminifypp/include -Iminifypp/src -Imarkuppp/include -Imarkuppp/vendor/cmark -I.build/libffi/sanitize-x86_64-linux-gnu-cc/install/include -std=c++17 -Wall -Wextra -pedantic -pthread -O1 -g -fno-omit-frame-pointer -fsanitize=address,undefined -MMD -MP -c "src/CLI.cpp" -o ".build/san-lifetime/src/CLI.o"
g++ -Isrc -Iinclude -Iminifypp/include -Iminifypp/src -Imarkuppp/include -Imarkuppp/vendor/cmark -I.build/libffi/sanitize-x86_64-linux-gnu-cc/install/include -std=c++17 -Wall -Wextra -pedantic -pthread -O1 -g -fno-omit-frame-pointer -fsanitize=address,undefined -MMD -MP -c "src/FileSystem.cpp" -o ".build/san-lifetime/src/FileSystem.o"
g++ -Isrc -Iinclude -Iminifypp/include -Iminifypp/src -Imarkuppp/include -Imarkuppp/vendor/cmark -I.build/libffi/sanitize-x86_64-linux-gnu-cc/install/include -std=c++17 -Wall -Wextra -pedantic -pthread -O1 -g -fno-omit-frame-pointer -fsanitize=address,undefined -MMD -MP -c "src/JsonFile.cpp" -o ".build/san-lifetime/src/JsonFile.o"
mkdir -p ".build/san-lifetime/src/"
g++ -Isrc -Iinclude -Iminifypp/include -Iminifypp/src -Imarkuppp/include -Imarkuppp/vendor/cmark -I.build/libffi/sanitize-x86_64-linux-gnu-cc/install/include -std=c++17 -Wall -Wextra -pedantic -pthread -O1 -g -fno-omit-frame-pointer -fsanitize=address,undefined -MMD -MP -c "src/Parser.cpp" -o ".build/san-lifetime/src/Parser.o"
mkdir -p ".build/san-lifetime/src/"
g++ -Isrc -Iinclude -Iminifypp/include -Iminifypp/src -Imarkuppp/include -Imarkuppp/vendor/cmark -I.build/libffi/sanitize-x86_64-linux-gnu-cc/install/include -std=c++17 -Wall -Wextra -pedantic -pthread -O1 -g -fno-omit-frame-pointer -fsanitize=address,undefined -MMD -MP -c "src/ParserExpression.cpp" -o ".build/san-lifetime/src/ParserExpression.o"
mkdir -p ".build/san-lifetime/src/"
g++ -Isrc -Iinclude -Iminifypp/include -Iminifypp/src -Imarkuppp/include -Imarkuppp/vendor/cmark -I.build/libffi/sanitize-x86_64-linux-gnu-cc/install/include -std=c++17 -Wall -Wextra -pedantic -pthread -O1 -g -fno-omit-frame-pointer -fsanitize=address,undefined -MMD -MP -c "src/ParserScript.cpp" -o ".build/san-lifetime/src/ParserScript.o"
mkdir -p ".build/san-lifetime/src/"
g++ -Isrc -Iinclude -Iminifypp/include -Iminifypp/src -Imarkuppp/include -Imarkuppp/vendor/cmark -I.build/libffi/sanitize-x86_64-linux-gnu-cc/install/include -std=c++17 -Wall -Wextra -pedantic -pthread -O1 -g -fno-omit-frame-pointer -fsanitize=address,undefined -MMD -MP -c "src/ParserTemplate.cpp" -o ".build/san-lifetime/src/ParserTemplate.o"
mkdir -p ".build/san-lifetime/src/"
g++ -Isrc -Iinclude -Iminifypp/include -Iminifypp/src -Imarkuppp/include -Imarkuppp/vendor/cmark -I.build/libffi/sanitize-x86_64-linux-gnu-cc/install/include -std=c++17 -Wall -Wextra -pedantic -pthread -O1 -g -fno-omit-frame-pointer -fsanitize=address,undefined -MMD -MP -c "src/ProjectInfo.cpp" -o ".build/san-lifetime/src/ProjectInfo.o"
mkdir -p ".build/san-lifetime/src/"
g++ -Isrc -Iinclude -Iminifypp/include -Iminifypp/src -Imarkuppp/include -Imarkuppp/vendor/cmark -I.build/libffi/sanitize-x86_64-linux-gnu-cc/install/include -std=c++17 -Wall -Wextra -pedantic -pthread -O1 -g -fno-omit-frame-pointer -fsanitize=address,undefined -MMD -MP -c "src/ProjectRead.cpp" -o ".build/san-lifetime/src/ProjectRead.o"
mkdir -p ".build/san-lifetime/src/"
g++ -Isrc -Iinclude -Iminifypp/include -Iminifypp/src -Imarkuppp/include -Imarkuppp/vendor/cmark -I.build/libffi/sanitize-x86_64-linux-gnu-cc/install/include -std=c++17 -Wall -Wextra -pedantic -pthread -O1 -g -fno-omit-frame-pointer -fsanitize=address,undefined -MMD -MP -c "src/ProjectState.cpp" -o ".build/san-lifetime/src/ProjectState.o"
mkdir -p ".build/san-lifetime/src/"
g++ -Isrc -Iinclude -Iminifypp/include -Iminifypp/src -Imarkuppp/include -Imarkuppp/vendor/cmark -I.build/libffi/sanitize-x86_64-linux-gnu-cc/install/include -std=c++17 -Wall -Wextra -pedantic -pthread -O1 -g -fno-omit-frame-pointer -fsanitize=address,undefined -MMD -MP -c "src/WatchList.cpp" -o ".build/san-lifetime/src/WatchList.o"
mkdir -p ".build/san-lifetime/src/"
g++ -Isrc -Iinclude -Iminifypp/include -Iminifypp/src -Imarkuppp/include -Imarkuppp/vendor/cmark -I.build/libffi/sanitize-x86_64-linux-gnu-cc/install/include -std=c++17 -Wall -Wextra -pedantic -pthread -O1 -g -fno-omit-frame-pointer -fsanitize=address,undefined -MMD -MP -c "src/Automation.cpp" -o ".build/san-lifetime/src/Automation.o"
mkdir -p ".build/san-lifetime/src/"
g++ -Isrc -Iinclude -Iminifypp/include -Iminifypp/src -Imarkuppp/include -Imarkuppp/vendor/cmark -I.build/libffi/sanitize-x86_64-linux-gnu-cc/install/include -std=c++17 -Wall -Wextra -pedantic -pthread -O1 -g -fno-omit-frame-pointer -fsanitize=address,undefined -MMD -MP -c "src/Hooks.cpp" -o ".build/san-lifetime/src/Hooks.o"
mkdir -p ".build/san-lifetime/src/embed/"
g++ -Isrc -Iinclude -Iminifypp/include -Iminifypp/src -Imarkuppp/include -Imarkuppp/vendor/cmark -I.build/libffi/sanitize-x86_64-linux-gnu-cc/install/include -std=c++17 -Wall -Wextra -pedantic -pthread -O1 -g -fno-omit-frame-pointer -fsanitize=address,undefined -MMD -MP -c "src/embed/Engine.cpp" -o ".build/san-lifetime/src/embed/Engine.o"
CC="cc" CXX="g++" CFLAGS="-O2 -fPIC -Wno-deprecated-declarations -O1 -g -fno-omit-frame-pointer -fsanitize=address,undefined -fno-sanitize-address-use-after-scope" bash scripts/build_vendored_libffi.sh ".build/libffi/sanitize-x86_64-linux-gnu-cc"
mkdir -p ".build"
g++ -std=c++17 -pthread -O1 -g -fno-omit-frame-pointer -fsanitize=address,undefined .build/san-lifetime/src/nift.o .build/san-lifetime/src/ProjectOwnership.o .build/san-lifetime/src/PackageTransaction.o .build/san-lifetime/src/CLI.o .build/san-lifetime/src/Process.o .build/san-lifetime/src/JobControl.o .build/san-lifetime/src/RuntimeValue.o .build/san-lifetime/src/Value.o .build/san-lifetime/src/FileSystem.o .build/san-lifetime/src/JsonFile.o .build/san-lifetime/src/JsonSchema.o .build/san-lifetime/minifypp/src/Minify.o .build/san-lifetime/markuppp/src/Markup.o .build/san-lifetime/markuppp/src/AsciiDoc.o .build/san-lifetime/markuppp/src/ReStructuredText.o .build/san-lifetime/src/Parser.o .build/san-lifetime/src/ParserAsyncPool.o .build/san-lifetime/src/ParserExpression.o .build/san-lifetime/src/ParserHelpers.o .build/san-lifetime/src/ParserScript.o .build/san-lifetime/src/ParserTemplate.o .build/san-lifetime/src/ProjectInfo.o .build/san-lifetime/src/ProjectRead.o .build/san-lifetime/src/ProjectState.o .build/san-lifetime/src/WatchList.o .build/san-lifetime/src/BuildProgress.o .build/san-lifetime/src/Automation.o .build/san-lifetime/src/Hooks.o .build/san-lifetime/src/Ast.o .build/san-lifetime/src/embed/Engine.o .build/san-lifetime/src/embed/Context.o .build/san-lifetime/src/embed/c_abi.o .build/san-lifetime/markuppp/vendor/cmark/blocks.o .build/san-lifetime/markuppp/vendor/cmark/buffer.o .build/san-lifetime/markuppp/vendor/cmark/cmark.o .build/san-lifetime/markuppp/vendor/cmark/cmark_ctype.o .build/san-lifetime/markuppp/vendor/cmark/houdini_href_e.o .build/san-lifetime/markuppp/vendor/cmark/houdini_html_e.o .build/san-lifetime/markuppp/vendor/cmark/houdini_html_u.o .build/san-lifetime/markuppp/vendor/cmark/html.o .build/san-lifetime/markuppp/vendor/cmark/inlines.o .build/san-lifetime/markuppp/vendor/cmark/iterator.o .build/san-lifetime/markuppp/vendor/cmark/node.o .build/san-lifetime/markuppp/vendor/cmark/references.o .build/san-lifetime/markuppp/vendor/cmark/render.o .build/san-lifetime/markuppp/vendor/cmark/scanners.o .build/san-lifetime/markuppp/vendor/cmark/utf8.o .build/libffi/sanitize-x86_64-linux-gnu-cc/install/lib/libffi.a -o ".build/nift-sanitize-lifetime"
env -u LD_PRELOAD ASAN_OPTIONS=detect_leaks=$(test "$(uname -s)" = Darwin && echo 0 || echo 1):halt_on_error=1 UBSAN_OPTIONS=halt_on_error=1 /usr/bin/python3 tests/v410_build_pipeline.py --nift "/home/nick/Repositories/nift/nift/.build/nift-sanitize-lifetime"
PASS custom replaces render; pre/main/post; dependency recording; incremental
PASS all scripts and content invalidate
PASS pre-build generates missing content before render
PASS script-relevant tracked metadata invalidates
PASS failure pre-build
PASS repair pre-build
PASS failure build
PASS repair build
PASS failure post-build
PASS repair post-build
PASS failure missing-output
PASS repair missing-output
PASS sidecars; removal invalidation; conflict; explicit precedence
PASS chain ordering, targeted closure, clean prerequisites and no invalidation
PASS diamond ordering, targeted closure, clean prerequisites and no invalidation
PASS transitive failure propagation; independent branch; recovery
PASS missing/self/duplicate/cycle/type validation before mutation
PASS parallel independent branches with deterministic barrier
PASS normal/custom composition
PASS 10k iterative cycle diagnostic
PASS transitive closure across a clean intermediate
PASS same-pass ordinary file invalidation, multiple consumers hash
PASS same-pass ordinary file invalidation, multiple consumers modified
PASS generated output alias cache freshness
PASS tracking serialization, rename references and safe prerequisite removal
PASS build-auto reloads changed script and dependency graph
PASS existing project preservation/idempotency ('rewrite', 'redesign')
PASS existing project preservation/idempotency ('redesign', 'rewrite')
PASS fresh rewrite
PASS fresh redesign
PASS 30 build pipeline groups
