PASS open-r
PASS open-rw
PASS open-w
PASS open-a
PASS mutate-write("xy")
PASS mutate-write("")
PASS mutate-write_line("xy")
PASS mutate-write_bytes(bytes([0,255,65]))
PASS mutate-write(bytes([0,255,65]))
PASS mutate-write_val(42)
PASS mutate-append("xy")
PASS mutate-append("")
PASS mutate-prepend("xy")
PASS mutate-insert(2,"xy")
PASS mutate-insert_before("CD","xy")
PASS mutate-insert_after("CD","xy")
PASS mutate-replace("CD","xy")
PASS mutate-replace("CD","CD")
PASS mutate-replace("missing","xy")
PASS mutate-replace_once("CD","xy")
PASS save-then-revert
PASS overwrite-initial-revert
PASS new-empty-write
PASS append-new-empty-write
PASS reopen-external-edit
PASS opaque-closed-reopen
PASS write-argument-saves
PASS write-argument-reverts
PASS write-argument-closes
PASS closed-write-factory-count
PASS readonly-write-factory-count
PASS failed-save-revert
PASS duplicate-replace-once-error
PASS receiver-factory-count
PASS factory-path-counter
PASS factory-changing-cwd
PASS open-mode-factory-cwd
PASS closed-file-copy
PASS closed-file-move
PASS closed-file-remove
PASS open-copy-precondition-counter
PASS copy-invalid-argument
PASS unknown-file-tag
PASS nonfile-receiver-counter
PASS read-val-token-contract
PASS invalid-mode-arity
PASS save-argument-arity
PASS empty-write-return-to-clean
PASS nested-method-depth-20
PASS nested-method-depth-40
PASS nested-method-depth-48
PASS nested-method-depth-50
PASS nested-method-depth-60
PASS stack-named-20
PASS stack-named-40
PASS stack-named-48
PASS stack-named-50
PASS stack-named-60
PASS stack-named-80
PASS stack-named-96
PASS stack-named-110
PASS stack-builtin-20
PASS stack-builtin-40
PASS stack-builtin-48
PASS stack-builtin-50
PASS stack-builtin-60
PASS stack-builtin-80
PASS stack-builtin-96
PASS stack-builtin-110
PASS stack-method-20
PASS stack-method-40
PASS stack-method-48
PASS stack-method-50
PASS stack-method-60
PASS stack-method-80
PASS stack-method-96
PASS stack-method-110
PASS 77 exact buffer / reentry / save / shell identity contracts
