PASS open-r
PASS open-rw
PASS open-w
PASS open-a
PASS mutate-write("xy")
PASS mutate-write("")
PASS mutate-write_line("xy")
PASS mutate-write_bytes(bytes([0,255,65]))
PASS mutate-write(bytes([0,255,65]))
PASS mutate-write_val(42)
PASS mutate-append("xy")
PASS mutate-append("")
PASS mutate-prepend("xy")
PASS mutate-insert(2,"xy")
PASS mutate-insert_before("CD","xy")
PASS mutate-insert_after("CD","xy")
PASS mutate-replace("CD","xy")
PASS mutate-replace("CD","CD")
PASS mutate-replace("missing","xy")
PASS mutate-replace_once("CD","xy")
PASS save-then-revert
PASS overwrite-initial-revert
PASS new-empty-write
PASS append-new-empty-write
PASS reopen-external-edit
PASS opaque-closed-reopen
PASS write-argument-saves
PASS write-argument-reverts
PASS write-argument-closes
PASS closed-write-factory-count
PASS readonly-write-factory-count
PASS failed-save-revert
PASS duplicate-replace-once-error
PASS 33 exact buffer / reentry / save / shell identity contracts
