CC="cc" CXX="g++" CFLAGS="-O2 -fPIC -Wno-deprecated-declarations" bash scripts/build_vendored_libffi.sh ".build/libffi/x86_64-linux-gnu-cc"
BUILD vendored libffi (x86_64-linux-gnu-cc)
BUILD vendored libffi: done (5s)
g++ -Isrc -Iinclude -Iminifypp/include -Iminifypp/src -Imarkuppp/include -Imarkuppp/vendor/cmark -I.build/libffi/x86_64-linux-gnu-cc/install/include -std=c++17 -O2 -Wall -Wextra -pedantic -pthread -MMD -MP -c src/ParserExpression.cpp -o src/ParserExpression.o
cp .build/libffi/x86_64-linux-gnu-cc/install/lib/libffi.a libnift_c.a
ar rcs libnift_c.a src/ProjectOwnership.o src/PackageTransaction.o src/Process.o src/JobControl.o src/RuntimeValue.o src/Value.o src/FileSystem.o src/JsonFile.o src/JsonSchema.o minifypp/src/Minify.o markuppp/src/Markup.o markuppp/src/AsciiDoc.o markuppp/src/ReStructuredText.o src/Parser.o src/ParserAsyncPool.o src/ParserExpression.o src/ParserHelpers.o src/ParserScript.o src/ParserTemplate.o src/ProjectInfo.o src/ProjectRead.o src/ProjectState.o src/WatchList.o src/BuildProgress.o src/Automation.o src/Hooks.o src/Ast.o src/embed/Engine.o src/embed/Context.o src/embed/c_abi.o markuppp/vendor/cmark/blocks.o markuppp/vendor/cmark/buffer.o markuppp/vendor/cmark/cmark.o markuppp/vendor/cmark/cmark_ctype.o markuppp/vendor/cmark/houdini_href_e.o markuppp/vendor/cmark/houdini_html_e.o markuppp/vendor/cmark/houdini_html_u.o markuppp/vendor/cmark/html.o markuppp/vendor/cmark/inlines.o markuppp/vendor/cmark/iterator.o markuppp/vendor/cmark/node.o markuppp/vendor/cmark/references.o markuppp/vendor/cmark/render.o markuppp/vendor/cmark/scanners.o markuppp/vendor/cmark/utf8.o
mkdir -p .build/pic/src/
g++ -Isrc -Iinclude -Iminifypp/include -Iminifypp/src -Imarkuppp/include -Imarkuppp/vendor/cmark -I.build/libffi/x86_64-linux-gnu-cc/install/include -std=c++17 -O2 -Wall -Wextra -pedantic -pthread -fPIC -MMD -MP -c src/ParserExpression.cpp -o .build/pic/src/ParserExpression.o
g++ -std=c++17 -O2 -Wall -Wextra -pedantic -pthread -shared -Wl,--exclude-libs,ALL -Wl,-Bsymbolic -o libnift_c.so .build/pic/src/ProjectOwnership.o .build/pic/src/PackageTransaction.o .build/pic/src/Process.o .build/pic/src/JobControl.o .build/pic/src/RuntimeValue.o .build/pic/src/Value.o .build/pic/src/FileSystem.o .build/pic/src/JsonFile.o .build/pic/src/JsonSchema.o .build/pic/minifypp/src/Minify.o .build/pic/markuppp/src/Markup.o .build/pic/markuppp/src/AsciiDoc.o .build/pic/markuppp/src/ReStructuredText.o .build/pic/src/Parser.o .build/pic/src/ParserAsyncPool.o .build/pic/src/ParserExpression.o .build/pic/src/ParserHelpers.o .build/pic/src/ParserScript.o .build/pic/src/ParserTemplate.o .build/pic/src/ProjectInfo.o .build/pic/src/ProjectRead.o .build/pic/src/ProjectState.o .build/pic/src/WatchList.o .build/pic/src/BuildProgress.o .build/pic/src/Automation.o .build/pic/src/Hooks.o .build/pic/src/Ast.o .build/pic/src/embed/Engine.o .build/pic/src/embed/Context.o .build/pic/src/embed/c_abi.o .build/pic/markuppp/vendor/cmark/blocks.o .build/pic/markuppp/vendor/cmark/buffer.o .build/pic/markuppp/vendor/cmark/cmark.o .build/pic/markuppp/vendor/cmark/cmark_ctype.o .build/pic/markuppp/vendor/cmark/houdini_href_e.o .build/pic/markuppp/vendor/cmark/houdini_html_e.o .build/pic/markuppp/vendor/cmark/houdini_html_u.o .build/pic/markuppp/vendor/cmark/html.o .build/pic/markuppp/vendor/cmark/inlines.o .build/pic/markuppp/vendor/cmark/iterator.o .build/pic/markuppp/vendor/cmark/node.o .build/pic/markuppp/vendor/cmark/references.o .build/pic/markuppp/vendor/cmark/render.o .build/pic/markuppp/vendor/cmark/scanners.o .build/pic/markuppp/vendor/cmark/utf8.o .build/libffi/x86_64-linux-gnu-cc/install/lib/libffi.a
rm -rf dist/embed-prefix
mkdir -p dist/embed-prefix/include/nift dist/embed-prefix/lib/pkgconfig
cp include/nift/*.h dist/embed-prefix/include/nift/
cp libnift_c.a libnift_c.so dist/embed-prefix/lib/
# Dev prefix: the version here is not release metadata (the real per-release
# nift.pc is generated by packaging/stage-release.sh with the validated
# version). 0.0.0-dev avoids running the CLI binary inside make (fragile on
# Windows); ABI compatibility is governed by the C ABI version.
bash packaging/gen-dev-pc.sh
gen-dev-pc: uname_s=Linux uname_m=x86_64
gen-dev-pc: wrote dist/embed-prefix/lib/pkgconfig/nift.pc with PC_LIBS=-L${libdir} -Wl,-Bstatic -lnift_c -Wl,-Bdynamic -lstdc++ -lm -pthread
