{
  "scripting-benchmark": {
    "unchanged": true,
    "files": 8292,
    "head": "6f5b0e3d7c977fca25758c6e2dd2189b67d209ea",
    "missing": [],
    "changed": [],
    "added": []
  },
  "shell-benchmark": {
    "unchanged": false,
    "files": 102,
    "head": "48a4a8e3e1f3e1ccf2c61fc7f8a7fd3a490ab4a1",
    "missing": [],
    "changed": [
      "README.md"
    ],
    "added": []
  },
  "lab": {
    "unchanged": false,
    "files": 71,
    "head": "1b6502d49d538d4aa164d761143b71948671bad7",
    "missing": [
      "content/benchmarks/archives/20261008-v480/scripting/archive-identity.json",
      "content/benchmarks/archives/20261008-v480/shell/archive-identity.json",
      "content/benchmarks/data/calibration.json",
      "content/benchmarks/data/dpkg-versions.tsv",
      "content/benchmarks/data/history/20261007-v472/calibration.json",
      "content/benchmarks/data/history/20261007-v472/rc-body.json",
      "content/benchmarks/data/history/20261007-v472/rc-certification.json",
      "content/benchmarks/data/history/20261007-v472/scripting.json",
      "content/benchmarks/data/history/20261007-v472/shell-application-cold.json",
      "content/benchmarks/data/history/20261007-v472/shell-repeated.json",
      "content/benchmarks/data/history/20261008-v480/scripting/README.md",
      "content/benchmarks/data/history/20261008-v480/scripting/SHA256SUMS",
      "content/benchmarks/data/history/20261008-v480/scripting/compiler.txt",
      "content/benchmarks/data/history/20261008-v480/scripting/cxx-compiler.txt",
      "content/benchmarks/data/history/20261008-v480/scripting/dpkg-versions.tsv",
      "content/benchmarks/data/history/20261008-v480/scripting/filesystem.json",
      "content/benchmarks/data/history/20261008-v480/scripting/freeze.json",
      "content/benchmarks/data/history/20261008-v480/scripting/machine-extra.json",
      "content/benchmarks/data/history/20261008-v480/scripting/nift-binary.sha256",
      "content/benchmarks/data/history/20261008-v480/scripting/nift-revision.txt",
      "content/benchmarks/data/history/20261008-v480/scripting/node-specifications.json",
      "content/benchmarks/data/history/20261008-v480/scripting/official-end.txt",
      "content/benchmarks/data/history/20261008-v480/scripting/official-start.txt",
      "content/benchmarks/data/history/20261008-v480/scripting/official-validation.log",
      "content/benchmarks/data/history/20261008-v480/scripting/official.sh",
      "content/benchmarks/data/history/20261008-v480/scripting/publication-verification-before-teardown.json",
      "content/benchmarks/data/history/20261008-v480/scripting/run-identity.json",
      "content/benchmarks/data/history/20261008-v480/scripting/same-node-version-diagnostic-summary.json",
      "content/benchmarks/data/history/20261008-v480/scripting/same-node-version-diagnostic.json",
      "content/benchmarks/data/history/20261008-v480/scripting/same-node-version-diagnostic.py",
      "content/benchmarks/data/history/20261008-v480/scripting/scripting-summary.json",
      "content/benchmarks/data/history/20261008-v480/scripting/scripting.json",
      "content/benchmarks/data/history/20261008-v480/scripting/setup.sh",
      "content/benchmarks/data/history/20261008-v480/scripting/smoke-scripting-summary.json",
      "content/benchmarks/data/history/20261008-v480/scripting/smoke-scripting.json",
      "content/benchmarks/data/history/20261008-v480/scripting/smoke.sh",
      "content/benchmarks/data/history/20261008-v480/scripting/storage.json",
      "content/benchmarks/data/history/20261008-v480/scripting/system-startup-files.json",
      "content/benchmarks/data/history/20261008-v480/scripting/teardown.json",
      "content/benchmarks/data/history/20261008-v480/scripting/validation.json",
      "content/benchmarks/data/history/20261008-v480/shell/README.md",
      "content/benchmarks/data/history/20261008-v480/shell/SHA256SUMS",
      "content/benchmarks/data/history/20261008-v480/shell/calibration.json",
      "content/benchmarks/data/history/20261008-v480/shell/compiler.txt",
      "content/benchmarks/data/history/20261008-v480/shell/cxx-compiler.txt",
      "content/benchmarks/data/history/20261008-v480/shell/dpkg-versions.tsv",
      "content/benchmarks/data/history/20261008-v480/shell/filesystem.json",
      "content/benchmarks/data/history/20261008-v480/shell/freeze.json",
      "content/benchmarks/data/history/20261008-v480/shell/machine-extra.json",
      "content/benchmarks/data/history/20261008-v480/shell/nift-binary.sha256",
      "content/benchmarks/data/history/20261008-v480/shell/nift-revision.txt",
      "content/benchmarks/data/history/20261008-v480/shell/node-specifications.json",
      "content/benchmarks/data/history/20261008-v480/shell/official-end.txt",
      "content/benchmarks/data/history/20261008-v480/shell/official-start.txt",
      "content/benchmarks/data/history/20261008-v480/shell/official-validation.log",
      "content/benchmarks/data/history/20261008-v480/shell/official.sh",
      "content/benchmarks/data/history/20261008-v480/shell/publication-verification-before-teardown.json",
      "content/benchmarks/data/history/20261008-v480/shell/rc-body.json",
      "content/benchmarks/data/history/20261008-v480/shell/rc-certification-after.json",
      "content/benchmarks/data/history/20261008-v480/shell/rc-certification.json",
      "content/benchmarks/data/history/20261008-v480/shell/run-identity.json",
      "content/benchmarks/data/history/20261008-v480/shell/setup.sh",
      "content/benchmarks/data/history/20261008-v480/shell/shell-application-cold.json",
      "content/benchmarks/data/history/20261008-v480/shell/shell-fresh-summary.json",
      "content/benchmarks/data/history/20261008-v480/shell/shell-repeated-summary.json",
      "content/benchmarks/data/history/20261008-v480/shell/shell-repeated.json",
      "content/benchmarks/data/history/20261008-v480/shell/smoke-fresh-summary.json",
      "content/benchmarks/data/history/20261008-v480/shell/smoke-fresh-work-command.txt",
      "content/benchmarks/data/history/20261008-v480/shell/smoke-fresh-work-summary.json",
      "content/benchmarks/data/history/20261008-v480/shell/smoke-shell-fresh-work.json",
      "content/benchmarks/data/history/20261008-v480/shell/smoke-shell-fresh.json",
      "content/benchmarks/data/history/20261008-v480/shell/smoke-shell-repeated.json",
      "content/benchmarks/data/history/20261008-v480/shell/smoke-shell-summary.json",
      "content/benchmarks/data/history/20261008-v480/shell/smoke.sh",
      "content/benchmarks/data/history/20261008-v480/shell/storage.json",
      "content/benchmarks/data/history/20261008-v480/shell/system-startup-files.json",
      "content/benchmarks/data/history/20261008-v480/shell/teardown.json",
      "content/benchmarks/data/history/20261008-v480/shell/validation.json",
      "content/benchmarks/data/history/20261009-v490/scripting/README.md",
      "content/benchmarks/data/history/20261009-v490/scripting/SHA256SUMS",
      "content/benchmarks/data/history/20261009-v490/scripting/cleanup.json",
      "content/benchmarks/data/history/20261009-v490/scripting/comparison.json",
      "content/benchmarks/data/history/20261009-v490/scripting/compiler.txt",
      "content/benchmarks/data/history/20261009-v490/scripting/cxx-compiler.txt",
      "content/benchmarks/data/history/20261009-v490/scripting/dpkg-versions.tsv",
      "content/benchmarks/data/history/20261009-v490/scripting/filesystem.json",
      "content/benchmarks/data/history/20261009-v490/scripting/freeze.json",
      "content/benchmarks/data/history/20261009-v490/scripting/machine-extra.json",
      "content/benchmarks/data/history/20261009-v490/scripting/nift-binary.sha256",
      "content/benchmarks/data/history/20261009-v490/scripting/nift-revision.txt",
      "content/benchmarks/data/history/20261009-v490/scripting/node-specifications.json",
      "content/benchmarks/data/history/20261009-v490/scripting/official-end.txt",
      "content/benchmarks/data/history/20261009-v490/scripting/official-start.txt",
      "content/benchmarks/data/history/20261009-v490/scripting/official-validation.log",
      "content/benchmarks/data/history/20261009-v490/scripting/official.sh",
      "content/benchmarks/data/history/20261009-v490/scripting/publication-verification-before-teardown.json",
      "content/benchmarks/data/history/20261009-v490/scripting/run-identity.json",
      "content/benchmarks/data/history/20261009-v490/scripting/scripting-summary.json",
      "content/benchmarks/data/history/20261009-v490/scripting/scripting.json",
      "content/benchmarks/data/history/20261009-v490/scripting/setup.sh",
      "content/benchmarks/data/history/20261009-v490/scripting/smoke-scripting-summary.json",
      "content/benchmarks/data/history/20261009-v490/scripting/smoke-scripting.json",
      "content/benchmarks/data/history/20261009-v490/scripting/smoke-validation.log",
      "content/benchmarks/data/history/20261009-v490/scripting/smoke.sh",
      "content/benchmarks/data/history/20261009-v490/scripting/storage.json",
      "content/benchmarks/data/history/20261009-v490/scripting/system-startup-files.json",
      "content/benchmarks/data/history/20261009-v490/scripting/teardown.json",
      "content/benchmarks/data/history/20261009-v490/scripting/validation.json",
      "content/benchmarks/data/history/20261009-v490/shell/README.md",
      "content/benchmarks/data/history/20261009-v490/shell/SHA256SUMS",
      "content/benchmarks/data/history/20261009-v490/shell/calibration.json",
      "content/benchmarks/data/history/20261009-v490/shell/cleanup.json",
      "content/benchmarks/data/history/20261009-v490/shell/comparison.json",
      "content/benchmarks/data/history/20261009-v490/shell/compiler.txt",
      "content/benchmarks/data/history/20261009-v490/shell/cxx-compiler.txt",
      "content/benchmarks/data/history/20261009-v490/shell/dpkg-versions.tsv",
      "content/benchmarks/data/history/20261009-v490/shell/filesystem.json",
      "content/benchmarks/data/history/20261009-v490/shell/freeze.json",
      "content/benchmarks/data/history/20261009-v490/shell/machine-extra.json",
      "content/benchmarks/data/history/20261009-v490/shell/nift-binary.sha256",
      "content/benchmarks/data/history/20261009-v490/shell/nift-revision.txt",
      "content/benchmarks/data/history/20261009-v490/shell/node-specifications.json",
      "content/benchmarks/data/history/20261009-v490/shell/official-end.txt",
      "content/benchmarks/data/history/20261009-v490/shell/official-start.txt",
      "content/benchmarks/data/history/20261009-v490/shell/official-validation.log",
      "content/benchmarks/data/history/20261009-v490/shell/official.sh",
      "content/benchmarks/data/history/20261009-v490/shell/publication-verification-before-teardown.json",
      "content/benchmarks/data/history/20261009-v490/shell/rc-body.json",
      "content/benchmarks/data/history/20261009-v490/shell/rc-certification-after.json",
      "content/benchmarks/data/history/20261009-v490/shell/rc-certification.json",
      "content/benchmarks/data/history/20261009-v490/shell/run-identity.json",
      "content/benchmarks/data/history/20261009-v490/shell/setup.sh",
      "content/benchmarks/data/history/20261009-v490/shell/shell-application-cold.json",
      "content/benchmarks/data/history/20261009-v490/shell/shell-fresh-summary.json",
      "content/benchmarks/data/history/20261009-v490/shell/shell-repeated-summary.json",
      "content/benchmarks/data/history/20261009-v490/shell/shell-repeated.json",
      "content/benchmarks/data/history/20261009-v490/shell/smoke-fresh-summary.json",
      "content/benchmarks/data/history/20261009-v490/shell/smoke-shell-fresh.json",
      "content/benchmarks/data/history/20261009-v490/shell/smoke-shell-repeated.json",
      "content/benchmarks/data/history/20261009-v490/shell/smoke-shell-summary.json",
      "content/benchmarks/data/history/20261009-v490/shell/smoke-validation.log",
      "content/benchmarks/data/history/20261009-v490/shell/smoke.sh",
      "content/benchmarks/data/history/20261009-v490/shell/storage.json",
      "content/benchmarks/data/history/20261009-v490/shell/system-startup-files.json",
      "content/benchmarks/data/history/20261009-v490/shell/teardown.json",
      "content/benchmarks/data/history/20261009-v490/shell/validation.json",
      "content/benchmarks/data/rc-body.json",
      "content/benchmarks/data/rc-certification.json",
      "content/benchmarks/data/scripting.json",
      "content/benchmarks/data/shell-application-cold.json",
      "content/benchmarks/data/shell-repeated.json",
      "content/benchmarks/data/system-startup-files.json",
      "content/benchmarks/data/targeted-builds.json",
      "content/benchmarks/data/website-100.json",
      "content/benchmarks/data/website-1000.json",
      "content/benchmarks/data/website-10000.json",
      "content/sites/ai-sdk/data/authored-A10-CLOSEOUT-PROOF.json",
      "content/sites/ai-sdk/data/authored-A9-BROWSER-MATRIX.json",
      "content/sites/ai-sdk/data/authored-A9-FRESH-CLONE-PROOF.json",
      "content/sites/ai-sdk/data/authored-body.json",
      "content/sites/ai-sdk/data/authored-routes.json",
      "content/sites/ai-sdk/data/provenance.json",
      "content/sites/ai-sdk/data/rendered-A10-CLOSEOUT-PROOF.json",
      "content/sites/ai-sdk/data/rendered-A9-BROWSER-MATRIX.json",
      "content/sites/ai-sdk/data/rendered-A9-FRESH-CLONE-PROOF.json",
      "content/sites/ai-sdk/data/rendered-body.json",
      "content/sites/ai-sdk/data/rendered-coordinated.json",
      "content/sites/ai-sdk/data/rendered-routes.json",
      "content/sites/ai-sdk/data/samples.json",
      "content/sites/ai-sdk/data/summary.json",
      "content/sites/ai-sdk/data/upstream-changed.json",
      "content/sites/deno/data/d7-initial-benchmark.json",
      "content/sites/deno/data/d8-all-route-http.json",
      "content/sites/deno/data/d8-browser-interactions.json",
      "content/sites/deno/data/d8-browser-parity.json",
      "content/sites/deno/data/d8-http-parity.json",
      "content/sites/deno/data/d8-production-lifecycle.json",
      "content/sites/deno/data/d8-profile-benchmark.json",
      "content/sites/deno/data/d8-static-og-verification.json",
      "content/sites/deno/data/d9-final-fresh-checkouts.json",
      "content/sites/deno/data/d9-final-profile-benchmark.json",
      "content/sites/deno/data/d9-final-upstream-benchmark.json",
      "content/sites/deno/data/d9-final-upstream-changed-input.json",
      "content/sites/deno/data/d9-native-dependency-delivery.json",
      "content/sites/deno/data/d9-native-wasm-inputs.json",
      "content/sites/deno/data/report-summary.json",
      "content/sites/docker/data/accepted-hash-proof.json",
      "content/sites/docker/data/agent-browser.json",
      "content/sites/docker/data/changed.json",
      "content/sites/docker/data/human-browser.json",
      "content/sites/docker/data/implementation-commits.json",
      "content/sites/docker/data/initial-changed.json",
      "content/sites/docker/data/initial-fresh.json",
      "content/sites/docker/data/initial-warm.json",
      "content/sites/docker/data/optimized-fresh.json",
      "content/sites/docker/data/optimized-warm.json",
      "content/sites/docker/data/route-lifecycle.json",
      "content/sites/docker/data/source-statistics.json",
      "docs/AI-SDK-PUBLICATION.md",
      "docs/BENCHMARK-CAMPAIGN-REPORT.md",
      "docs/BENCHMARK-CAMPAIGN.md",
      "docs/BENCHMARK-RERUN-20261008.md",
      "docs/BENCHMARK-RERUN-20261009.md",
      "docs/CAPGO-PUBLICATION.md",
      "docs/DENO-PUBLICATION.md",
      "docs/DOCKER-PUBLICATION.md",
      "docs/ai-sdk-browser-validation.json",
      "docs/ai-sdk-desktop.jpg",
      "docs/ai-sdk-link-validation.json",
      "docs/ai-sdk-live-desktop.jpg",
      "docs/ai-sdk-live-validation.json",
      "docs/ai-sdk-mobile-iteration.jpg",
      "docs/ai-sdk-mobile-table.jpg",
      "docs/ai-sdk-navigation-validation.json",
      "docs/ai-sdk-tablet-benchmarks.jpg",
      "docs/benchmark-publication-20261009-v490.json",
      "docs/deno-browser-validation.json",
      "docs/deno-desktop.png",
      "docs/deno-link-validation.json",
      "docs/deno-live-validation.json",
      "docs/deno-mobile-loop.png",
      "docs/deno-mobile-table.png",
      "docs/deno-tablet-benchmarks.png",
      "docs/docker-link-validation.json"
    ],
    "changed": [
      ".gitignore",
      ".nift/public/index.info.json",
      ".nift/tracked.json",
      "HANDOVER.md",
      "README.md",
      "content/benchmarks/archives/20261008-v480/scripting/index.html",
      "content/benchmarks/archives/20261008-v480/shell/index.html",
      "content/benchmarks/data/series.json",
      "content/benchmarks/index.html",
      "content/benchmarks/scripting/index.html",
      "content/benchmarks/shell/index.html",
      "content/benchmarks/website-generator/index.html",
      "content/data/benchmarks.json",
      "content/data/sites.json",
      "content/sites/ai-sdk/index.html",
      "content/sites/capgo/index.html",
      "content/sites/cloudflare-docs/index.html",
      "content/sites/deno/index.html",
      "content/sites/docker/index.html",
      "content/sites/omarchy/index.html",
      "scripts/render_ai_sdk.py",
      "scripts/render_benchmarks.py",
      "scripts/render_deno.py",
      "scripts/render_docker.py",
      "scripts/validate.py",
      "templates/benchmarks/shell/template.html",
      "templates/benchmarks/website-generator/template.html"
    ],
    "added": [
      ".github/workflows/storage-policy.yml",
      "content/benchmarks/archives/20261009-v490/shell/assets/external-work.png",
      "content/benchmarks/archives/20261009-v490/shell/assets/external-work.svg",
      "content/benchmarks/archives/20261009-v490/shell/assets/rc-prepared.png",
      "content/benchmarks/archives/20261009-v490/shell/assets/rc-prepared.svg",
      "content/benchmarks/archives/20261009-v490/shell/assets/startup-distributions.png",
      "content/benchmarks/archives/20261009-v490/shell/assets/startup-distributions.svg",
      "content/benchmarks/archives/20261009-v490/shell/assets/style.css",
      "content/benchmarks/archives/20261009-v490/shell/index.html",
      "content/benchmarks/styles/shell-workloads.css",
      "content/data/evidence-sources.json",
      "content/data/incremental-memory/ai-sdk.json",
      "content/data/incremental-memory/capgo.json",
      "content/data/incremental-memory/cloudflare-docs.json",
      "content/data/incremental-memory/deno.json",
      "content/data/incremental-memory/docker.json",
      "content/data/incremental-memory/omarchy.json",
      "content/data/incremental-memory/temporal.json",
      "content/data/incremental-memory/website-generator.json",
      "content/sites/temporal/index.html",
      "docs/EVIDENCE-SPLIT-CLOSEOUT.md",
      "docs/EVIDENCE-STORAGE.md",
      "docs/HISTORY-CLEANUP.md",
      "docs/SHELL-EXPANDED-20261009.md",
      "docs/evidence-repository-size.json",
      "docs/evidence-split-content-validation.json",
      "docs/evidence-split-live-responsive-validation.json",
      "docs/evidence-split-live-validation.json",
      "docs/evidence-split-local-responsive-validation.json",
      "docs/evidence-split-publication-content-validation.json",
      "docs/evidence-split-verification.json",
      "docs/history-rewrite-map.json",
      "docs/incremental-memory-external-link-validation.json",
      "docs/shell-publication-20261009-v4100-shell-expanded.json",
      "scripts/audit_iteration_memory.py",
      "scripts/audit_storage.py",
      "scripts/check_incremental_memory_links.py",
      "scripts/check_storage_policy.py",
      "scripts/check_temporal_links.py",
      "scripts/evidence_sources.py",
      "scripts/iteration_memory.py",
      "scripts/render_temporal.py",
      "scripts/report_presentation.py",
      "scripts/shell_visuals.py",
      "templates/sites/temporal/head.html",
      "templates/sites/temporal/template.html"
    ],
    "frozen_result_material_unchanged": false,
    "scripting_presentation_unchanged": false,
    "shell_presentation_unchanged": false,
    "oracle_files_checked": 20,
    "oracle_original_changes": [
      "content/benchmarks/archives/20261008-v480/scripting/archive-identity.json",
      "content/benchmarks/archives/20261008-v480/shell/archive-identity.json",
      "content/benchmarks/data/history/20261007-v472/scripting.json",
      "content/benchmarks/data/history/20261007-v472/shell-application-cold.json",
      "content/benchmarks/data/history/20261007-v472/shell-repeated.json",
      "content/benchmarks/data/history/20261008-v480/scripting/README.md",
      "content/benchmarks/data/history/20261008-v480/scripting/SHA256SUMS",
      "content/benchmarks/data/history/20261008-v480/scripting/compiler.txt",
      "content/benchmarks/data/history/20261008-v480/scripting/cxx-compiler.txt",
      "content/benchmarks/data/history/20261008-v480/scripting/dpkg-versions.tsv",
      "content/benchmarks/data/history/20261008-v480/scripting/filesystem.json",
      "content/benchmarks/data/history/20261008-v480/scripting/freeze.json",
      "content/benchmarks/data/history/20261008-v480/scripting/machine-extra.json",
      "content/benchmarks/data/history/20261008-v480/scripting/nift-binary.sha256",
      "content/benchmarks/data/history/20261008-v480/scripting/nift-revision.txt",
      "content/benchmarks/data/history/20261008-v480/scripting/node-specifications.json",
      "content/benchmarks/data/history/20261008-v480/scripting/official-end.txt",
      "content/benchmarks/data/history/20261008-v480/scripting/official-start.txt",
      "content/benchmarks/data/history/20261008-v480/scripting/official-validation.log",
      "content/benchmarks/data/history/20261008-v480/scripting/official.sh",
      "content/benchmarks/data/history/20261008-v480/scripting/publication-verification-before-teardown.json",
      "content/benchmarks/data/history/20261008-v480/scripting/run-identity.json",
      "content/benchmarks/data/history/20261008-v480/scripting/same-node-version-diagnostic-summary.json",
      "content/benchmarks/data/history/20261008-v480/scripting/same-node-version-diagnostic.json",
      "content/benchmarks/data/history/20261008-v480/scripting/same-node-version-diagnostic.py",
      "content/benchmarks/data/history/20261008-v480/scripting/scripting-summary.json",
      "content/benchmarks/data/history/20261008-v480/scripting/scripting.json",
      "content/benchmarks/data/history/20261008-v480/scripting/setup.sh",
      "content/benchmarks/data/history/20261008-v480/scripting/smoke-scripting-summary.json",
      "content/benchmarks/data/history/20261008-v480/scripting/smoke-scripting.json",
      "content/benchmarks/data/history/20261008-v480/scripting/smoke.sh",
      "content/benchmarks/data/history/20261008-v480/scripting/storage.json",
      "content/benchmarks/data/history/20261008-v480/scripting/system-startup-files.json",
      "content/benchmarks/data/history/20261008-v480/scripting/teardown.json",
      "content/benchmarks/data/history/20261008-v480/scripting/validation.json",
      "content/benchmarks/data/history/20261008-v480/shell/README.md",
      "content/benchmarks/data/history/20261008-v480/shell/SHA256SUMS",
      "content/benchmarks/data/history/20261008-v480/shell/calibration.json",
      "content/benchmarks/data/history/20261008-v480/shell/compiler.txt",
      "content/benchmarks/data/history/20261008-v480/shell/cxx-compiler.txt",
      "content/benchmarks/data/history/20261008-v480/shell/dpkg-versions.tsv",
      "content/benchmarks/data/history/20261008-v480/shell/filesystem.json",
      "content/benchmarks/data/history/20261008-v480/shell/freeze.json",
      "content/benchmarks/data/history/20261008-v480/shell/machine-extra.json",
      "content/benchmarks/data/history/20261008-v480/shell/nift-binary.sha256",
      "content/benchmarks/data/history/20261008-v480/shell/nift-revision.txt",
      "content/benchmarks/data/history/20261008-v480/shell/node-specifications.json",
      "content/benchmarks/data/history/20261008-v480/shell/official-end.txt",
      "content/benchmarks/data/history/20261008-v480/shell/official-start.txt",
      "content/benchmarks/data/history/20261008-v480/shell/official-validation.log",
      "content/benchmarks/data/history/20261008-v480/shell/official.sh",
      "content/benchmarks/data/history/20261008-v480/shell/publication-verification-before-teardown.json",
      "content/benchmarks/data/history/20261008-v480/shell/rc-body.json",
      "content/benchmarks/data/history/20261008-v480/shell/rc-certification-after.json",
      "content/benchmarks/data/history/20261008-v480/shell/rc-certification.json",
      "content/benchmarks/data/history/20261008-v480/shell/run-identity.json",
      "content/benchmarks/data/history/20261008-v480/shell/setup.sh",
      "content/benchmarks/data/history/20261008-v480/shell/shell-application-cold.json",
      "content/benchmarks/data/history/20261008-v480/shell/shell-fresh-summary.json",
      "content/benchmarks/data/history/20261008-v480/shell/shell-repeated-summary.json",
      "content/benchmarks/data/history/20261008-v480/shell/shell-repeated.json",
      "content/benchmarks/data/history/20261008-v480/shell/smoke-fresh-summary.json",
      "content/benchmarks/data/history/20261008-v480/shell/smoke-fresh-work-command.txt",
      "content/benchmarks/data/history/20261008-v480/shell/smoke-fresh-work-summary.json",
      "content/benchmarks/data/history/20261008-v480/shell/smoke-shell-fresh-work.json",
      "content/benchmarks/data/history/20261008-v480/shell/smoke-shell-fresh.json",
      "content/benchmarks/data/history/20261008-v480/shell/smoke-shell-repeated.json",
      "content/benchmarks/data/history/20261008-v480/shell/smoke-shell-summary.json",
      "content/benchmarks/data/history/20261008-v480/shell/smoke.sh",
      "content/benchmarks/data/history/20261008-v480/shell/storage.json",
      "content/benchmarks/data/history/20261008-v480/shell/system-startup-files.json",
      "content/benchmarks/data/history/20261008-v480/shell/teardown.json",
      "content/benchmarks/data/history/20261008-v480/shell/validation.json",
      "content/benchmarks/data/history/20261009-v490/scripting/README.md",
      "content/benchmarks/data/history/20261009-v490/scripting/SHA256SUMS",
      "content/benchmarks/data/history/20261009-v490/scripting/cleanup.json",
      "content/benchmarks/data/history/20261009-v490/scripting/comparison.json",
      "content/benchmarks/data/history/20261009-v490/scripting/compiler.txt",
      "content/benchmarks/data/history/20261009-v490/scripting/cxx-compiler.txt",
      "content/benchmarks/data/history/20261009-v490/scripting/dpkg-versions.tsv",
      "content/benchmarks/data/history/20261009-v490/scripting/filesystem.json",
      "content/benchmarks/data/history/20261009-v490/scripting/freeze.json",
      "content/benchmarks/data/history/20261009-v490/scripting/machine-extra.json",
      "content/benchmarks/data/history/20261009-v490/scripting/nift-binary.sha256",
      "content/benchmarks/data/history/20261009-v490/scripting/nift-revision.txt",
      "content/benchmarks/data/history/20261009-v490/scripting/node-specifications.json",
      "content/benchmarks/data/history/20261009-v490/scripting/official-end.txt",
      "content/benchmarks/data/history/20261009-v490/scripting/official-start.txt",
      "content/benchmarks/data/history/20261009-v490/scripting/official-validation.log",
      "content/benchmarks/data/history/20261009-v490/scripting/official.sh",
      "content/benchmarks/data/history/20261009-v490/scripting/publication-verification-before-teardown.json",
      "content/benchmarks/data/history/20261009-v490/scripting/run-identity.json",
      "content/benchmarks/data/history/20261009-v490/scripting/scripting-summary.json",
      "content/benchmarks/data/history/20261009-v490/scripting/scripting.json",
      "content/benchmarks/data/history/20261009-v490/scripting/setup.sh",
      "content/benchmarks/data/history/20261009-v490/scripting/smoke-scripting-summary.json",
      "content/benchmarks/data/history/20261009-v490/scripting/smoke-scripting.json",
      "content/benchmarks/data/history/20261009-v490/scripting/smoke-validation.log",
      "content/benchmarks/data/history/20261009-v490/scripting/smoke.sh",
      "content/benchmarks/data/history/20261009-v490/scripting/storage.json",
      "content/benchmarks/data/history/20261009-v490/scripting/system-startup-files.json",
      "content/benchmarks/data/history/20261009-v490/scripting/teardown.json",
      "content/benchmarks/data/history/20261009-v490/scripting/validation.json",
      "content/benchmarks/data/history/20261009-v490/shell/README.md",
      "content/benchmarks/data/history/20261009-v490/shell/SHA256SUMS",
      "content/benchmarks/data/history/20261009-v490/shell/calibration.json",
      "content/benchmarks/data/history/20261009-v490/shell/cleanup.json",
      "content/benchmarks/data/history/20261009-v490/shell/comparison.json",
      "content/benchmarks/data/history/20261009-v490/shell/compiler.txt",
      "content/benchmarks/data/history/20261009-v490/shell/cxx-compiler.txt",
      "content/benchmarks/data/history/20261009-v490/shell/dpkg-versions.tsv",
      "content/benchmarks/data/history/20261009-v490/shell/filesystem.json",
      "content/benchmarks/data/history/20261009-v490/shell/freeze.json",
      "content/benchmarks/data/history/20261009-v490/shell/machine-extra.json",
      "content/benchmarks/data/history/20261009-v490/shell/nift-binary.sha256",
      "content/benchmarks/data/history/20261009-v490/shell/nift-revision.txt",
      "content/benchmarks/data/history/20261009-v490/shell/node-specifications.json",
      "content/benchmarks/data/history/20261009-v490/shell/official-end.txt",
      "content/benchmarks/data/history/20261009-v490/shell/official-start.txt",
      "content/benchmarks/data/history/20261009-v490/shell/official-validation.log",
      "content/benchmarks/data/history/20261009-v490/shell/official.sh",
      "content/benchmarks/data/history/20261009-v490/shell/publication-verification-before-teardown.json",
      "content/benchmarks/data/history/20261009-v490/shell/rc-body.json",
      "content/benchmarks/data/history/20261009-v490/shell/rc-certification-after.json",
      "content/benchmarks/data/history/20261009-v490/shell/rc-certification.json",
      "content/benchmarks/data/history/20261009-v490/shell/run-identity.json",
      "content/benchmarks/data/history/20261009-v490/shell/setup.sh",
      "content/benchmarks/data/history/20261009-v490/shell/shell-application-cold.json",
      "content/benchmarks/data/history/20261009-v490/shell/shell-fresh-summary.json",
      "content/benchmarks/data/history/20261009-v490/shell/shell-repeated-summary.json",
      "content/benchmarks/data/history/20261009-v490/shell/shell-repeated.json",
      "content/benchmarks/data/history/20261009-v490/shell/smoke-fresh-summary.json",
      "content/benchmarks/data/history/20261009-v490/shell/smoke-shell-fresh.json",
      "content/benchmarks/data/history/20261009-v490/shell/smoke-shell-repeated.json",
      "content/benchmarks/data/history/20261009-v490/shell/smoke-shell-summary.json",
      "content/benchmarks/data/history/20261009-v490/shell/smoke-validation.log",
      "content/benchmarks/data/history/20261009-v490/shell/smoke.sh",
      "content/benchmarks/data/history/20261009-v490/shell/storage.json",
      "content/benchmarks/data/history/20261009-v490/shell/system-startup-files.json",
      "content/benchmarks/data/history/20261009-v490/shell/teardown.json",
      "content/benchmarks/data/history/20261009-v490/shell/validation.json",
      "content/benchmarks/data/scripting.json",
      "content/benchmarks/data/shell-application-cold.json",
      "content/benchmarks/data/shell-repeated.json",
      "docs/BENCHMARK-RERUN-20261009.md",
      "docs/benchmark-publication-20261009-v490.json",
      "content/benchmarks/archives/20261008-v480/scripting/index.html",
      "content/benchmarks/archives/20261008-v480/shell/index.html",
      "content/benchmarks/scripting/index.html",
      "content/benchmarks/shell/index.html",
      "templates/benchmarks/shell/template.html"
    ],
    "result_issues": [
      "content/benchmarks/archives/20261008-v480/scripting/archive-identity.json",
      "content/benchmarks/archives/20261008-v480/shell/archive-identity.json",
      "content/benchmarks/data/history/20261007-v472/scripting.json",
      "content/benchmarks/data/history/20261007-v472/shell-application-cold.json",
      "content/benchmarks/data/history/20261007-v472/shell-repeated.json",
      "content/benchmarks/data/history/20261008-v480/scripting/README.md",
      "content/benchmarks/data/history/20261008-v480/scripting/SHA256SUMS",
      "content/benchmarks/data/history/20261008-v480/scripting/compiler.txt",
      "content/benchmarks/data/history/20261008-v480/scripting/cxx-compiler.txt",
      "content/benchmarks/data/history/20261008-v480/scripting/dpkg-versions.tsv",
      "content/benchmarks/data/history/20261008-v480/scripting/filesystem.json",
      "content/benchmarks/data/history/20261008-v480/scripting/freeze.json",
      "content/benchmarks/data/history/20261008-v480/scripting/machine-extra.json",
      "content/benchmarks/data/history/20261008-v480/scripting/nift-binary.sha256",
      "content/benchmarks/data/history/20261008-v480/scripting/nift-revision.txt",
      "content/benchmarks/data/history/20261008-v480/scripting/node-specifications.json",
      "content/benchmarks/data/history/20261008-v480/scripting/official-end.txt",
      "content/benchmarks/data/history/20261008-v480/scripting/official-start.txt",
      "content/benchmarks/data/history/20261008-v480/scripting/official-validation.log",
      "content/benchmarks/data/history/20261008-v480/scripting/official.sh",
      "content/benchmarks/data/history/20261008-v480/scripting/publication-verification-before-teardown.json",
      "content/benchmarks/data/history/20261008-v480/scripting/run-identity.json",
      "content/benchmarks/data/history/20261008-v480/scripting/same-node-version-diagnostic-summary.json",
      "content/benchmarks/data/history/20261008-v480/scripting/same-node-version-diagnostic.json",
      "content/benchmarks/data/history/20261008-v480/scripting/same-node-version-diagnostic.py",
      "content/benchmarks/data/history/20261008-v480/scripting/scripting-summary.json",
      "content/benchmarks/data/history/20261008-v480/scripting/scripting.json",
      "content/benchmarks/data/history/20261008-v480/scripting/setup.sh",
      "content/benchmarks/data/history/20261008-v480/scripting/smoke-scripting-summary.json",
      "content/benchmarks/data/history/20261008-v480/scripting/smoke-scripting.json",
      "content/benchmarks/data/history/20261008-v480/scripting/smoke.sh",
      "content/benchmarks/data/history/20261008-v480/scripting/storage.json",
      "content/benchmarks/data/history/20261008-v480/scripting/system-startup-files.json",
      "content/benchmarks/data/history/20261008-v480/scripting/teardown.json",
      "content/benchmarks/data/history/20261008-v480/scripting/validation.json",
      "content/benchmarks/data/history/20261008-v480/shell/README.md",
      "content/benchmarks/data/history/20261008-v480/shell/SHA256SUMS",
      "content/benchmarks/data/history/20261008-v480/shell/calibration.json",
      "content/benchmarks/data/history/20261008-v480/shell/compiler.txt",
      "content/benchmarks/data/history/20261008-v480/shell/cxx-compiler.txt",
      "content/benchmarks/data/history/20261008-v480/shell/dpkg-versions.tsv",
      "content/benchmarks/data/history/20261008-v480/shell/filesystem.json",
      "content/benchmarks/data/history/20261008-v480/shell/freeze.json",
      "content/benchmarks/data/history/20261008-v480/shell/machine-extra.json",
      "content/benchmarks/data/history/20261008-v480/shell/nift-binary.sha256",
      "content/benchmarks/data/history/20261008-v480/shell/nift-revision.txt",
      "content/benchmarks/data/history/20261008-v480/shell/node-specifications.json",
      "content/benchmarks/data/history/20261008-v480/shell/official-end.txt",
      "content/benchmarks/data/history/20261008-v480/shell/official-start.txt",
      "content/benchmarks/data/history/20261008-v480/shell/official-validation.log",
      "content/benchmarks/data/history/20261008-v480/shell/official.sh",
      "content/benchmarks/data/history/20261008-v480/shell/publication-verification-before-teardown.json",
      "content/benchmarks/data/history/20261008-v480/shell/rc-body.json",
      "content/benchmarks/data/history/20261008-v480/shell/rc-certification-after.json",
      "content/benchmarks/data/history/20261008-v480/shell/rc-certification.json",
      "content/benchmarks/data/history/20261008-v480/shell/run-identity.json",
      "content/benchmarks/data/history/20261008-v480/shell/setup.sh",
      "content/benchmarks/data/history/20261008-v480/shell/shell-application-cold.json",
      "content/benchmarks/data/history/20261008-v480/shell/shell-fresh-summary.json",
      "content/benchmarks/data/history/20261008-v480/shell/shell-repeated-summary.json",
      "content/benchmarks/data/history/20261008-v480/shell/shell-repeated.json",
      "content/benchmarks/data/history/20261008-v480/shell/smoke-fresh-summary.json",
      "content/benchmarks/data/history/20261008-v480/shell/smoke-fresh-work-command.txt",
      "content/benchmarks/data/history/20261008-v480/shell/smoke-fresh-work-summary.json",
      "content/benchmarks/data/history/20261008-v480/shell/smoke-shell-fresh-work.json",
      "content/benchmarks/data/history/20261008-v480/shell/smoke-shell-fresh.json",
      "content/benchmarks/data/history/20261008-v480/shell/smoke-shell-repeated.json",
      "content/benchmarks/data/history/20261008-v480/shell/smoke-shell-summary.json",
      "content/benchmarks/data/history/20261008-v480/shell/smoke.sh",
      "content/benchmarks/data/history/20261008-v480/shell/storage.json",
      "content/benchmarks/data/history/20261008-v480/shell/system-startup-files.json",
      "content/benchmarks/data/history/20261008-v480/shell/teardown.json",
      "content/benchmarks/data/history/20261008-v480/shell/validation.json",
      "content/benchmarks/data/history/20261009-v490/scripting/README.md",
      "content/benchmarks/data/history/20261009-v490/scripting/SHA256SUMS",
      "content/benchmarks/data/history/20261009-v490/scripting/cleanup.json",
      "content/benchmarks/data/history/20261009-v490/scripting/comparison.json",
      "content/benchmarks/data/history/20261009-v490/scripting/compiler.txt",
      "content/benchmarks/data/history/20261009-v490/scripting/cxx-compiler.txt",
      "content/benchmarks/data/history/20261009-v490/scripting/dpkg-versions.tsv",
      "content/benchmarks/data/history/20261009-v490/scripting/filesystem.json",
      "content/benchmarks/data/history/20261009-v490/scripting/freeze.json",
      "content/benchmarks/data/history/20261009-v490/scripting/machine-extra.json",
      "content/benchmarks/data/history/20261009-v490/scripting/nift-binary.sha256",
      "content/benchmarks/data/history/20261009-v490/scripting/nift-revision.txt",
      "content/benchmarks/data/history/20261009-v490/scripting/node-specifications.json",
      "content/benchmarks/data/history/20261009-v490/scripting/official-end.txt",
      "content/benchmarks/data/history/20261009-v490/scripting/official-start.txt",
      "content/benchmarks/data/history/20261009-v490/scripting/official-validation.log",
      "content/benchmarks/data/history/20261009-v490/scripting/official.sh",
      "content/benchmarks/data/history/20261009-v490/scripting/publication-verification-before-teardown.json",
      "content/benchmarks/data/history/20261009-v490/scripting/run-identity.json",
      "content/benchmarks/data/history/20261009-v490/scripting/scripting-summary.json",
      "content/benchmarks/data/history/20261009-v490/scripting/scripting.json",
      "content/benchmarks/data/history/20261009-v490/scripting/setup.sh",
      "content/benchmarks/data/history/20261009-v490/scripting/smoke-scripting-summary.json",
      "content/benchmarks/data/history/20261009-v490/scripting/smoke-scripting.json",
      "content/benchmarks/data/history/20261009-v490/scripting/smoke-validation.log",
      "content/benchmarks/data/history/20261009-v490/scripting/smoke.sh",
      "content/benchmarks/data/history/20261009-v490/scripting/storage.json",
      "content/benchmarks/data/history/20261009-v490/scripting/system-startup-files.json",
      "content/benchmarks/data/history/20261009-v490/scripting/teardown.json",
      "content/benchmarks/data/history/20261009-v490/scripting/validation.json",
      "content/benchmarks/data/history/20261009-v490/shell/README.md",
      "content/benchmarks/data/history/20261009-v490/shell/SHA256SUMS",
      "content/benchmarks/data/history/20261009-v490/shell/calibration.json",
      "content/benchmarks/data/history/20261009-v490/shell/cleanup.json",
      "content/benchmarks/data/history/20261009-v490/shell/comparison.json",
      "content/benchmarks/data/history/20261009-v490/shell/compiler.txt",
      "content/benchmarks/data/history/20261009-v490/shell/cxx-compiler.txt",
      "content/benchmarks/data/history/20261009-v490/shell/dpkg-versions.tsv",
      "content/benchmarks/data/history/20261009-v490/shell/filesystem.json",
      "content/benchmarks/data/history/20261009-v490/shell/freeze.json",
      "content/benchmarks/data/history/20261009-v490/shell/machine-extra.json",
      "content/benchmarks/data/history/20261009-v490/shell/nift-binary.sha256",
      "content/benchmarks/data/history/20261009-v490/shell/nift-revision.txt",
      "content/benchmarks/data/history/20261009-v490/shell/node-specifications.json",
      "content/benchmarks/data/history/20261009-v490/shell/official-end.txt",
      "content/benchmarks/data/history/20261009-v490/shell/official-start.txt",
      "content/benchmarks/data/history/20261009-v490/shell/official-validation.log",
      "content/benchmarks/data/history/20261009-v490/shell/official.sh",
      "content/benchmarks/data/history/20261009-v490/shell/publication-verification-before-teardown.json",
      "content/benchmarks/data/history/20261009-v490/shell/rc-body.json",
      "content/benchmarks/data/history/20261009-v490/shell/rc-certification-after.json",
      "content/benchmarks/data/history/20261009-v490/shell/rc-certification.json",
      "content/benchmarks/data/history/20261009-v490/shell/run-identity.json",
      "content/benchmarks/data/history/20261009-v490/shell/setup.sh",
      "content/benchmarks/data/history/20261009-v490/shell/shell-application-cold.json",
      "content/benchmarks/data/history/20261009-v490/shell/shell-fresh-summary.json",
      "content/benchmarks/data/history/20261009-v490/shell/shell-repeated-summary.json",
      "content/benchmarks/data/history/20261009-v490/shell/shell-repeated.json",
      "content/benchmarks/data/history/20261009-v490/shell/smoke-fresh-summary.json",
      "content/benchmarks/data/history/20261009-v490/shell/smoke-shell-fresh.json",
      "content/benchmarks/data/history/20261009-v490/shell/smoke-shell-repeated.json",
      "content/benchmarks/data/history/20261009-v490/shell/smoke-shell-summary.json",
      "content/benchmarks/data/history/20261009-v490/shell/smoke-validation.log",
      "content/benchmarks/data/history/20261009-v490/shell/smoke.sh",
      "content/benchmarks/data/history/20261009-v490/shell/storage.json",
      "content/benchmarks/data/history/20261009-v490/shell/system-startup-files.json",
      "content/benchmarks/data/history/20261009-v490/shell/teardown.json",
      "content/benchmarks/data/history/20261009-v490/shell/validation.json",
      "content/benchmarks/data/scripting.json",
      "content/benchmarks/data/shell-application-cold.json",
      "content/benchmarks/data/shell-repeated.json",
      "docs/BENCHMARK-RERUN-20261009.md",
      "docs/benchmark-publication-20261009-v490.json",
      "content/benchmarks/archives/20261008-v480/scripting/index.html",
      "content/benchmarks/archives/20261008-v480/shell/index.html",
      "content/benchmarks/scripting/index.html"
    ],
    "concurrent_untracked": []
  },
  "lab/public": {
    "unchanged": false,
    "files": 64,
    "head": "1ea031c6331facb57a2fe69907635fab611ea862",
    "missing": [
      "benchmarks/evidence/README.md",
      "benchmarks/evidence/SHA256SUMS",
      "benchmarks/evidence/campaign-20261008-v480.md",
      "benchmarks/evidence/campaign-20261009-v490.md",
      "benchmarks/evidence/clean-checkout-scripting.json",
      "benchmarks/evidence/clean-checkout-shell.json",
      "benchmarks/evidence/clean-checkout-website.json",
      "benchmarks/evidence/compiler.txt",
      "benchmarks/evidence/dependency-cache-inventory.json",
      "benchmarks/evidence/diagnostics.tar.gz",
      "benchmarks/evidence/download-sha256.txt",
      "benchmarks/evidence/dpkg-versions.tsv",
      "benchmarks/evidence/nift-installer.sh",
      "benchmarks/evidence/provisioning.json",
      "benchmarks/evidence/publication-20261009-v490.json",
      "benchmarks/evidence/system-startup-files.json",
      "benchmarks/evidence/targeted-provisioning.json",
      "benchmarks/scripting/evidence/20261007-v472/README.md",
      "benchmarks/scripting/evidence/20261007-v472/scripting.json",
      "benchmarks/scripting/evidence/20261008-v480/README.md",
      "benchmarks/scripting/evidence/20261008-v480/SHA256SUMS",
      "benchmarks/scripting/evidence/20261008-v480/compiler.txt",
      "benchmarks/scripting/evidence/20261008-v480/cxx-compiler.txt",
      "benchmarks/scripting/evidence/20261008-v480/dpkg-versions.tsv",
      "benchmarks/scripting/evidence/20261008-v480/filesystem.json",
      "benchmarks/scripting/evidence/20261008-v480/freeze.json",
      "benchmarks/scripting/evidence/20261008-v480/machine-extra.json",
      "benchmarks/scripting/evidence/20261008-v480/nift-binary.sha256",
      "benchmarks/scripting/evidence/20261008-v480/nift-revision.txt",
      "benchmarks/scripting/evidence/20261008-v480/node-specifications.json",
      "benchmarks/scripting/evidence/20261008-v480/official-end.txt",
      "benchmarks/scripting/evidence/20261008-v480/official-start.txt",
      "benchmarks/scripting/evidence/20261008-v480/official-validation.log",
      "benchmarks/scripting/evidence/20261008-v480/official.sh",
      "benchmarks/scripting/evidence/20261008-v480/publication-verification-before-teardown.json",
      "benchmarks/scripting/evidence/20261008-v480/run-identity.json",
      "benchmarks/scripting/evidence/20261008-v480/same-node-version-diagnostic-summary.json",
      "benchmarks/scripting/evidence/20261008-v480/same-node-version-diagnostic.json",
      "benchmarks/scripting/evidence/20261008-v480/same-node-version-diagnostic.py",
      "benchmarks/scripting/evidence/20261008-v480/scripting-summary.json",
      "benchmarks/scripting/evidence/20261008-v480/scripting.json",
      "benchmarks/scripting/evidence/20261008-v480/setup.sh",
      "benchmarks/scripting/evidence/20261008-v480/smoke-scripting-summary.json",
      "benchmarks/scripting/evidence/20261008-v480/smoke-scripting.json",
      "benchmarks/scripting/evidence/20261008-v480/smoke.sh",
      "benchmarks/scripting/evidence/20261008-v480/storage.json",
      "benchmarks/scripting/evidence/20261008-v480/system-startup-files.json",
      "benchmarks/scripting/evidence/20261008-v480/teardown.json",
      "benchmarks/scripting/evidence/20261008-v480/validation.json",
      "benchmarks/scripting/evidence/20261009-v490/README.md",
      "benchmarks/scripting/evidence/20261009-v490/SHA256SUMS",
      "benchmarks/scripting/evidence/20261009-v490/cleanup.json",
      "benchmarks/scripting/evidence/20261009-v490/comparison.json",
      "benchmarks/scripting/evidence/20261009-v490/compiler.txt",
      "benchmarks/scripting/evidence/20261009-v490/cxx-compiler.txt",
      "benchmarks/scripting/evidence/20261009-v490/dpkg-versions.tsv",
      "benchmarks/scripting/evidence/20261009-v490/filesystem.json",
      "benchmarks/scripting/evidence/20261009-v490/freeze.json",
      "benchmarks/scripting/evidence/20261009-v490/machine-extra.json",
      "benchmarks/scripting/evidence/20261009-v490/nift-binary.sha256",
      "benchmarks/scripting/evidence/20261009-v490/nift-revision.txt",
      "benchmarks/scripting/evidence/20261009-v490/node-specifications.json",
      "benchmarks/scripting/evidence/20261009-v490/official-end.txt",
      "benchmarks/scripting/evidence/20261009-v490/official-start.txt",
      "benchmarks/scripting/evidence/20261009-v490/official-validation.log",
      "benchmarks/scripting/evidence/20261009-v490/official.sh",
      "benchmarks/scripting/evidence/20261009-v490/publication-verification-before-teardown.json",
      "benchmarks/scripting/evidence/20261009-v490/run-identity.json",
      "benchmarks/scripting/evidence/20261009-v490/scripting-summary.json",
      "benchmarks/scripting/evidence/20261009-v490/scripting.json",
      "benchmarks/scripting/evidence/20261009-v490/setup.sh",
      "benchmarks/scripting/evidence/20261009-v490/smoke-scripting-summary.json",
      "benchmarks/scripting/evidence/20261009-v490/smoke-scripting.json",
      "benchmarks/scripting/evidence/20261009-v490/smoke-validation.log",
      "benchmarks/scripting/evidence/20261009-v490/smoke.sh",
      "benchmarks/scripting/evidence/20261009-v490/storage.json",
      "benchmarks/scripting/evidence/20261009-v490/system-startup-files.json",
      "benchmarks/scripting/evidence/20261009-v490/teardown.json",
      "benchmarks/scripting/evidence/20261009-v490/validation.json",
      "benchmarks/scripting/evidence/scripting.json",
      "benchmarks/scripting/series/20261008-v480/archive-identity.json",
      "benchmarks/shell/evidence/20261007-v472/README.md",
      "benchmarks/shell/evidence/20261007-v472/calibration.json",
      "benchmarks/shell/evidence/20261007-v472/rc-body.json",
      "benchmarks/shell/evidence/20261007-v472/rc-certification.json",
      "benchmarks/shell/evidence/20261007-v472/shell-application-cold.json",
      "benchmarks/shell/evidence/20261007-v472/shell-repeated.json",
      "benchmarks/shell/evidence/20261008-v480/README.md",
      "benchmarks/shell/evidence/20261008-v480/SHA256SUMS",
      "benchmarks/shell/evidence/20261008-v480/calibration.json",
      "benchmarks/shell/evidence/20261008-v480/compiler.txt",
      "benchmarks/shell/evidence/20261008-v480/cxx-compiler.txt",
      "benchmarks/shell/evidence/20261008-v480/dpkg-versions.tsv",
      "benchmarks/shell/evidence/20261008-v480/filesystem.json",
      "benchmarks/shell/evidence/20261008-v480/freeze.json",
      "benchmarks/shell/evidence/20261008-v480/machine-extra.json",
      "benchmarks/shell/evidence/20261008-v480/nift-binary.sha256",
      "benchmarks/shell/evidence/20261008-v480/nift-revision.txt",
      "benchmarks/shell/evidence/20261008-v480/node-specifications.json",
      "benchmarks/shell/evidence/20261008-v480/official-end.txt",
      "benchmarks/shell/evidence/20261008-v480/official-start.txt",
      "benchmarks/shell/evidence/20261008-v480/official-validation.log",
      "benchmarks/shell/evidence/20261008-v480/official.sh",
      "benchmarks/shell/evidence/20261008-v480/publication-verification-before-teardown.json",
      "benchmarks/shell/evidence/20261008-v480/rc-body.json",
      "benchmarks/shell/evidence/20261008-v480/rc-certification-after.json",
      "benchmarks/shell/evidence/20261008-v480/rc-certification.json",
      "benchmarks/shell/evidence/20261008-v480/run-identity.json",
      "benchmarks/shell/evidence/20261008-v480/setup.sh",
      "benchmarks/shell/evidence/20261008-v480/shell-application-cold.json",
      "benchmarks/shell/evidence/20261008-v480/shell-fresh-summary.json",
      "benchmarks/shell/evidence/20261008-v480/shell-repeated-summary.json",
      "benchmarks/shell/evidence/20261008-v480/shell-repeated.json",
      "benchmarks/shell/evidence/20261008-v480/smoke-fresh-summary.json",
      "benchmarks/shell/evidence/20261008-v480/smoke-fresh-work-command.txt",
      "benchmarks/shell/evidence/20261008-v480/smoke-fresh-work-summary.json",
      "benchmarks/shell/evidence/20261008-v480/smoke-shell-fresh-work.json",
      "benchmarks/shell/evidence/20261008-v480/smoke-shell-fresh.json",
      "benchmarks/shell/evidence/20261008-v480/smoke-shell-repeated.json",
      "benchmarks/shell/evidence/20261008-v480/smoke-shell-summary.json",
      "benchmarks/shell/evidence/20261008-v480/smoke.sh",
      "benchmarks/shell/evidence/20261008-v480/storage.json",
      "benchmarks/shell/evidence/20261008-v480/system-startup-files.json",
      "benchmarks/shell/evidence/20261008-v480/teardown.json",
      "benchmarks/shell/evidence/20261008-v480/validation.json",
      "benchmarks/shell/evidence/20261009-v490/README.md",
      "benchmarks/shell/evidence/20261009-v490/SHA256SUMS",
      "benchmarks/shell/evidence/20261009-v490/calibration.json",
      "benchmarks/shell/evidence/20261009-v490/cleanup.json",
      "benchmarks/shell/evidence/20261009-v490/comparison.json",
      "benchmarks/shell/evidence/20261009-v490/compiler.txt",
      "benchmarks/shell/evidence/20261009-v490/cxx-compiler.txt",
      "benchmarks/shell/evidence/20261009-v490/dpkg-versions.tsv",
      "benchmarks/shell/evidence/20261009-v490/filesystem.json",
      "benchmarks/shell/evidence/20261009-v490/freeze.json",
      "benchmarks/shell/evidence/20261009-v490/machine-extra.json",
      "benchmarks/shell/evidence/20261009-v490/nift-binary.sha256",
      "benchmarks/shell/evidence/20261009-v490/nift-revision.txt",
      "benchmarks/shell/evidence/20261009-v490/node-specifications.json",
      "benchmarks/shell/evidence/20261009-v490/official-end.txt",
      "benchmarks/shell/evidence/20261009-v490/official-start.txt",
      "benchmarks/shell/evidence/20261009-v490/official-validation.log",
      "benchmarks/shell/evidence/20261009-v490/official.sh",
      "benchmarks/shell/evidence/20261009-v490/publication-verification-before-teardown.json",
      "benchmarks/shell/evidence/20261009-v490/rc-body.json",
      "benchmarks/shell/evidence/20261009-v490/rc-certification-after.json",
      "benchmarks/shell/evidence/20261009-v490/rc-certification.json",
      "benchmarks/shell/evidence/20261009-v490/run-identity.json",
      "benchmarks/shell/evidence/20261009-v490/setup.sh",
      "benchmarks/shell/evidence/20261009-v490/shell-application-cold.json",
      "benchmarks/shell/evidence/20261009-v490/shell-fresh-summary.json",
      "benchmarks/shell/evidence/20261009-v490/shell-repeated-summary.json",
      "benchmarks/shell/evidence/20261009-v490/shell-repeated.json",
      "benchmarks/shell/evidence/20261009-v490/smoke-fresh-summary.json",
      "benchmarks/shell/evidence/20261009-v490/smoke-shell-fresh.json",
      "benchmarks/shell/evidence/20261009-v490/smoke-shell-repeated.json",
      "benchmarks/shell/evidence/20261009-v490/smoke-shell-summary.json",
      "benchmarks/shell/evidence/20261009-v490/smoke-validation.log",
      "benchmarks/shell/evidence/20261009-v490/smoke.sh",
      "benchmarks/shell/evidence/20261009-v490/storage.json",
      "benchmarks/shell/evidence/20261009-v490/system-startup-files.json",
      "benchmarks/shell/evidence/20261009-v490/teardown.json",
      "benchmarks/shell/evidence/20261009-v490/validation.json",
      "benchmarks/shell/evidence/calibration.json",
      "benchmarks/shell/evidence/rc-body.json",
      "benchmarks/shell/evidence/rc-certification.json",
      "benchmarks/shell/evidence/shell-application-cold.json",
      "benchmarks/shell/evidence/shell-repeated.json",
      "benchmarks/shell/series/20261008-v480/archive-identity.json",
      "benchmarks/website-generator/evidence/targeted-builds.json",
      "benchmarks/website-generator/evidence/website-100.json",
      "benchmarks/website-generator/evidence/website-1000.json",
      "benchmarks/website-generator/evidence/website-10000.json"
    ],
    "changed": [
      "benchmarks/index.html",
      "benchmarks/scripting/index.html",
      "benchmarks/scripting/series/20261008-v480/index.html",
      "benchmarks/shell/assets/external-work.png",
      "benchmarks/shell/assets/external-work.svg",
      "benchmarks/shell/assets/rc-prepared.png",
      "benchmarks/shell/assets/rc-prepared.svg",
      "benchmarks/shell/assets/startup-distributions.png",
      "benchmarks/shell/assets/startup-distributions.svg",
      "benchmarks/shell/index.html",
      "benchmarks/shell/series/20261008-v480/index.html",
      "benchmarks/website-generator/assets/style.css",
      "benchmarks/website-generator/index.html",
      "index.html",
      "sites/ai-sdk/assets/report.css",
      "sites/ai-sdk/index.html",
      "sites/capgo/assets/report.css",
      "sites/capgo/index.html",
      "sites/cloudflare-docs/assets/css/style.css",
      "sites/cloudflare-docs/index.html",
      "sites/deno/assets/report.css",
      "sites/deno/index.html",
      "sites/docker/assets/report.css",
      "sites/docker/index.html",
      "sites/index.html",
      "sites/omarchy/assets/css/style.css",
      "sites/omarchy/index.html"
    ],
    "added": [
      "benchmarks/shell/assets/workloads.css",
      "benchmarks/shell/series/20261009-v490/assets/external-work.png",
      "benchmarks/shell/series/20261009-v490/assets/external-work.svg",
      "benchmarks/shell/series/20261009-v490/assets/rc-prepared.png",
      "benchmarks/shell/series/20261009-v490/assets/rc-prepared.svg",
      "benchmarks/shell/series/20261009-v490/assets/startup-distributions.png",
      "benchmarks/shell/series/20261009-v490/assets/startup-distributions.svg",
      "benchmarks/shell/series/20261009-v490/assets/style.css",
      "benchmarks/shell/series/20261009-v490/index.html",
      "benchmarks/website-generator/assets/favicon.svg",
      "sites/temporal/assets/favicon.svg",
      "sites/temporal/assets/report.css",
      "sites/temporal/index.html"
    ],
    "frozen_result_material_unchanged": false,
    "scripting_presentation_unchanged": false,
    "shell_presentation_unchanged": false,
    "oracle_files_checked": 32,
    "oracle_original_changes": [
      "benchmarks/evidence/README.md",
      "benchmarks/evidence/SHA256SUMS",
      "benchmarks/evidence/campaign-20261008-v480.md",
      "benchmarks/evidence/campaign-20261009-v490.md",
      "benchmarks/evidence/clean-checkout-scripting.json",
      "benchmarks/evidence/clean-checkout-shell.json",
      "benchmarks/evidence/clean-checkout-website.json",
      "benchmarks/evidence/compiler.txt",
      "benchmarks/evidence/dependency-cache-inventory.json",
      "benchmarks/evidence/diagnostics.tar.gz",
      "benchmarks/evidence/download-sha256.txt",
      "benchmarks/evidence/dpkg-versions.tsv",
      "benchmarks/evidence/nift-installer.sh",
      "benchmarks/evidence/provisioning.json",
      "benchmarks/evidence/publication-20261009-v490.json",
      "benchmarks/evidence/system-startup-files.json",
      "benchmarks/evidence/targeted-provisioning.json",
      "benchmarks/scripting/evidence/20261007-v472/README.md",
      "benchmarks/scripting/evidence/20261007-v472/scripting.json",
      "benchmarks/scripting/evidence/20261008-v480/README.md",
      "benchmarks/scripting/evidence/20261008-v480/SHA256SUMS",
      "benchmarks/scripting/evidence/20261008-v480/compiler.txt",
      "benchmarks/scripting/evidence/20261008-v480/cxx-compiler.txt",
      "benchmarks/scripting/evidence/20261008-v480/dpkg-versions.tsv",
      "benchmarks/scripting/evidence/20261008-v480/filesystem.json",
      "benchmarks/scripting/evidence/20261008-v480/freeze.json",
      "benchmarks/scripting/evidence/20261008-v480/machine-extra.json",
      "benchmarks/scripting/evidence/20261008-v480/nift-binary.sha256",
      "benchmarks/scripting/evidence/20261008-v480/nift-revision.txt",
      "benchmarks/scripting/evidence/20261008-v480/node-specifications.json",
      "benchmarks/scripting/evidence/20261008-v480/official-end.txt",
      "benchmarks/scripting/evidence/20261008-v480/official-start.txt",
      "benchmarks/scripting/evidence/20261008-v480/official-validation.log",
      "benchmarks/scripting/evidence/20261008-v480/official.sh",
      "benchmarks/scripting/evidence/20261008-v480/publication-verification-before-teardown.json",
      "benchmarks/scripting/evidence/20261008-v480/run-identity.json",
      "benchmarks/scripting/evidence/20261008-v480/same-node-version-diagnostic-summary.json",
      "benchmarks/scripting/evidence/20261008-v480/same-node-version-diagnostic.json",
      "benchmarks/scripting/evidence/20261008-v480/same-node-version-diagnostic.py",
      "benchmarks/scripting/evidence/20261008-v480/scripting-summary.json",
      "benchmarks/scripting/evidence/20261008-v480/scripting.json",
      "benchmarks/scripting/evidence/20261008-v480/setup.sh",
      "benchmarks/scripting/evidence/20261008-v480/smoke-scripting-summary.json",
      "benchmarks/scripting/evidence/20261008-v480/smoke-scripting.json",
      "benchmarks/scripting/evidence/20261008-v480/smoke.sh",
      "benchmarks/scripting/evidence/20261008-v480/storage.json",
      "benchmarks/scripting/evidence/20261008-v480/system-startup-files.json",
      "benchmarks/scripting/evidence/20261008-v480/teardown.json",
      "benchmarks/scripting/evidence/20261008-v480/validation.json",
      "benchmarks/scripting/evidence/20261009-v490/README.md",
      "benchmarks/scripting/evidence/20261009-v490/SHA256SUMS",
      "benchmarks/scripting/evidence/20261009-v490/cleanup.json",
      "benchmarks/scripting/evidence/20261009-v490/comparison.json",
      "benchmarks/scripting/evidence/20261009-v490/compiler.txt",
      "benchmarks/scripting/evidence/20261009-v490/cxx-compiler.txt",
      "benchmarks/scripting/evidence/20261009-v490/dpkg-versions.tsv",
      "benchmarks/scripting/evidence/20261009-v490/filesystem.json",
      "benchmarks/scripting/evidence/20261009-v490/freeze.json",
      "benchmarks/scripting/evidence/20261009-v490/machine-extra.json",
      "benchmarks/scripting/evidence/20261009-v490/nift-binary.sha256",
      "benchmarks/scripting/evidence/20261009-v490/nift-revision.txt",
      "benchmarks/scripting/evidence/20261009-v490/node-specifications.json",
      "benchmarks/scripting/evidence/20261009-v490/official-end.txt",
      "benchmarks/scripting/evidence/20261009-v490/official-start.txt",
      "benchmarks/scripting/evidence/20261009-v490/official-validation.log",
      "benchmarks/scripting/evidence/20261009-v490/official.sh",
      "benchmarks/scripting/evidence/20261009-v490/publication-verification-before-teardown.json",
      "benchmarks/scripting/evidence/20261009-v490/run-identity.json",
      "benchmarks/scripting/evidence/20261009-v490/scripting-summary.json",
      "benchmarks/scripting/evidence/20261009-v490/scripting.json",
      "benchmarks/scripting/evidence/20261009-v490/setup.sh",
      "benchmarks/scripting/evidence/20261009-v490/smoke-scripting-summary.json",
      "benchmarks/scripting/evidence/20261009-v490/smoke-scripting.json",
      "benchmarks/scripting/evidence/20261009-v490/smoke-validation.log",
      "benchmarks/scripting/evidence/20261009-v490/smoke.sh",
      "benchmarks/scripting/evidence/20261009-v490/storage.json",
      "benchmarks/scripting/evidence/20261009-v490/system-startup-files.json",
      "benchmarks/scripting/evidence/20261009-v490/teardown.json",
      "benchmarks/scripting/evidence/20261009-v490/validation.json",
      "benchmarks/scripting/evidence/scripting.json",
      "benchmarks/scripting/series/20261008-v480/archive-identity.json",
      "benchmarks/shell/evidence/20261007-v472/README.md",
      "benchmarks/shell/evidence/20261007-v472/calibration.json",
      "benchmarks/shell/evidence/20261007-v472/rc-body.json",
      "benchmarks/shell/evidence/20261007-v472/rc-certification.json",
      "benchmarks/shell/evidence/20261007-v472/shell-application-cold.json",
      "benchmarks/shell/evidence/20261007-v472/shell-repeated.json",
      "benchmarks/shell/evidence/20261008-v480/README.md",
      "benchmarks/shell/evidence/20261008-v480/SHA256SUMS",
      "benchmarks/shell/evidence/20261008-v480/calibration.json",
      "benchmarks/shell/evidence/20261008-v480/compiler.txt",
      "benchmarks/shell/evidence/20261008-v480/cxx-compiler.txt",
      "benchmarks/shell/evidence/20261008-v480/dpkg-versions.tsv",
      "benchmarks/shell/evidence/20261008-v480/filesystem.json",
      "benchmarks/shell/evidence/20261008-v480/freeze.json",
      "benchmarks/shell/evidence/20261008-v480/machine-extra.json",
      "benchmarks/shell/evidence/20261008-v480/nift-binary.sha256",
      "benchmarks/shell/evidence/20261008-v480/nift-revision.txt",
      "benchmarks/shell/evidence/20261008-v480/node-specifications.json",
      "benchmarks/shell/evidence/20261008-v480/official-end.txt",
      "benchmarks/shell/evidence/20261008-v480/official-start.txt",
      "benchmarks/shell/evidence/20261008-v480/official-validation.log",
      "benchmarks/shell/evidence/20261008-v480/official.sh",
      "benchmarks/shell/evidence/20261008-v480/publication-verification-before-teardown.json",
      "benchmarks/shell/evidence/20261008-v480/rc-body.json",
      "benchmarks/shell/evidence/20261008-v480/rc-certification-after.json",
      "benchmarks/shell/evidence/20261008-v480/rc-certification.json",
      "benchmarks/shell/evidence/20261008-v480/run-identity.json",
      "benchmarks/shell/evidence/20261008-v480/setup.sh",
      "benchmarks/shell/evidence/20261008-v480/shell-application-cold.json",
      "benchmarks/shell/evidence/20261008-v480/shell-fresh-summary.json",
      "benchmarks/shell/evidence/20261008-v480/shell-repeated-summary.json",
      "benchmarks/shell/evidence/20261008-v480/shell-repeated.json",
      "benchmarks/shell/evidence/20261008-v480/smoke-fresh-summary.json",
      "benchmarks/shell/evidence/20261008-v480/smoke-fresh-work-command.txt",
      "benchmarks/shell/evidence/20261008-v480/smoke-fresh-work-summary.json",
      "benchmarks/shell/evidence/20261008-v480/smoke-shell-fresh-work.json",
      "benchmarks/shell/evidence/20261008-v480/smoke-shell-fresh.json",
      "benchmarks/shell/evidence/20261008-v480/smoke-shell-repeated.json",
      "benchmarks/shell/evidence/20261008-v480/smoke-shell-summary.json",
      "benchmarks/shell/evidence/20261008-v480/smoke.sh",
      "benchmarks/shell/evidence/20261008-v480/storage.json",
      "benchmarks/shell/evidence/20261008-v480/system-startup-files.json",
      "benchmarks/shell/evidence/20261008-v480/teardown.json",
      "benchmarks/shell/evidence/20261008-v480/validation.json",
      "benchmarks/shell/evidence/20261009-v490/README.md",
      "benchmarks/shell/evidence/20261009-v490/SHA256SUMS",
      "benchmarks/shell/evidence/20261009-v490/calibration.json",
      "benchmarks/shell/evidence/20261009-v490/cleanup.json",
      "benchmarks/shell/evidence/20261009-v490/comparison.json",
      "benchmarks/shell/evidence/20261009-v490/compiler.txt",
      "benchmarks/shell/evidence/20261009-v490/cxx-compiler.txt",
      "benchmarks/shell/evidence/20261009-v490/dpkg-versions.tsv",
      "benchmarks/shell/evidence/20261009-v490/filesystem.json",
      "benchmarks/shell/evidence/20261009-v490/freeze.json",
      "benchmarks/shell/evidence/20261009-v490/machine-extra.json",
      "benchmarks/shell/evidence/20261009-v490/nift-binary.sha256",
      "benchmarks/shell/evidence/20261009-v490/nift-revision.txt",
      "benchmarks/shell/evidence/20261009-v490/node-specifications.json",
      "benchmarks/shell/evidence/20261009-v490/official-end.txt",
      "benchmarks/shell/evidence/20261009-v490/official-start.txt",
      "benchmarks/shell/evidence/20261009-v490/official-validation.log",
      "benchmarks/shell/evidence/20261009-v490/official.sh",
      "benchmarks/shell/evidence/20261009-v490/publication-verification-before-teardown.json",
      "benchmarks/shell/evidence/20261009-v490/rc-body.json",
      "benchmarks/shell/evidence/20261009-v490/rc-certification-after.json",
      "benchmarks/shell/evidence/20261009-v490/rc-certification.json",
      "benchmarks/shell/evidence/20261009-v490/run-identity.json",
      "benchmarks/shell/evidence/20261009-v490/setup.sh",
      "benchmarks/shell/evidence/20261009-v490/shell-application-cold.json",
      "benchmarks/shell/evidence/20261009-v490/shell-fresh-summary.json",
      "benchmarks/shell/evidence/20261009-v490/shell-repeated-summary.json",
      "benchmarks/shell/evidence/20261009-v490/shell-repeated.json",
      "benchmarks/shell/evidence/20261009-v490/smoke-fresh-summary.json",
      "benchmarks/shell/evidence/20261009-v490/smoke-shell-fresh.json",
      "benchmarks/shell/evidence/20261009-v490/smoke-shell-repeated.json",
      "benchmarks/shell/evidence/20261009-v490/smoke-shell-summary.json",
      "benchmarks/shell/evidence/20261009-v490/smoke-validation.log",
      "benchmarks/shell/evidence/20261009-v490/smoke.sh",
      "benchmarks/shell/evidence/20261009-v490/storage.json",
      "benchmarks/shell/evidence/20261009-v490/system-startup-files.json",
      "benchmarks/shell/evidence/20261009-v490/teardown.json",
      "benchmarks/shell/evidence/20261009-v490/validation.json",
      "benchmarks/shell/evidence/calibration.json",
      "benchmarks/shell/evidence/rc-body.json",
      "benchmarks/shell/evidence/rc-certification.json",
      "benchmarks/shell/evidence/shell-application-cold.json",
      "benchmarks/shell/evidence/shell-repeated.json",
      "benchmarks/shell/series/20261008-v480/archive-identity.json",
      "benchmarks/scripting/index.html",
      "benchmarks/scripting/series/20261008-v480/index.html",
      "benchmarks/shell/assets/external-work.png",
      "benchmarks/shell/assets/external-work.svg",
      "benchmarks/shell/assets/rc-prepared.png",
      "benchmarks/shell/assets/rc-prepared.svg",
      "benchmarks/shell/assets/startup-distributions.png",
      "benchmarks/shell/assets/startup-distributions.svg",
      "benchmarks/shell/index.html",
      "benchmarks/shell/series/20261008-v480/index.html"
    ],
    "result_issues": [
      "benchmarks/evidence/README.md",
      "benchmarks/evidence/SHA256SUMS",
      "benchmarks/evidence/campaign-20261008-v480.md",
      "benchmarks/evidence/campaign-20261009-v490.md",
      "benchmarks/evidence/clean-checkout-scripting.json",
      "benchmarks/evidence/clean-checkout-shell.json",
      "benchmarks/evidence/clean-checkout-website.json",
      "benchmarks/evidence/compiler.txt",
      "benchmarks/evidence/dependency-cache-inventory.json",
      "benchmarks/evidence/diagnostics.tar.gz",
      "benchmarks/evidence/download-sha256.txt",
      "benchmarks/evidence/dpkg-versions.tsv",
      "benchmarks/evidence/nift-installer.sh",
      "benchmarks/evidence/provisioning.json",
      "benchmarks/evidence/publication-20261009-v490.json",
      "benchmarks/evidence/system-startup-files.json",
      "benchmarks/evidence/targeted-provisioning.json",
      "benchmarks/scripting/evidence/20261007-v472/README.md",
      "benchmarks/scripting/evidence/20261007-v472/scripting.json",
      "benchmarks/scripting/evidence/20261008-v480/README.md",
      "benchmarks/scripting/evidence/20261008-v480/SHA256SUMS",
      "benchmarks/scripting/evidence/20261008-v480/compiler.txt",
      "benchmarks/scripting/evidence/20261008-v480/cxx-compiler.txt",
      "benchmarks/scripting/evidence/20261008-v480/dpkg-versions.tsv",
      "benchmarks/scripting/evidence/20261008-v480/filesystem.json",
      "benchmarks/scripting/evidence/20261008-v480/freeze.json",
      "benchmarks/scripting/evidence/20261008-v480/machine-extra.json",
      "benchmarks/scripting/evidence/20261008-v480/nift-binary.sha256",
      "benchmarks/scripting/evidence/20261008-v480/nift-revision.txt",
      "benchmarks/scripting/evidence/20261008-v480/node-specifications.json",
      "benchmarks/scripting/evidence/20261008-v480/official-end.txt",
      "benchmarks/scripting/evidence/20261008-v480/official-start.txt",
      "benchmarks/scripting/evidence/20261008-v480/official-validation.log",
      "benchmarks/scripting/evidence/20261008-v480/official.sh",
      "benchmarks/scripting/evidence/20261008-v480/publication-verification-before-teardown.json",
      "benchmarks/scripting/evidence/20261008-v480/run-identity.json",
      "benchmarks/scripting/evidence/20261008-v480/same-node-version-diagnostic-summary.json",
      "benchmarks/scripting/evidence/20261008-v480/same-node-version-diagnostic.json",
      "benchmarks/scripting/evidence/20261008-v480/same-node-version-diagnostic.py",
      "benchmarks/scripting/evidence/20261008-v480/scripting-summary.json",
      "benchmarks/scripting/evidence/20261008-v480/scripting.json",
      "benchmarks/scripting/evidence/20261008-v480/setup.sh",
      "benchmarks/scripting/evidence/20261008-v480/smoke-scripting-summary.json",
      "benchmarks/scripting/evidence/20261008-v480/smoke-scripting.json",
      "benchmarks/scripting/evidence/20261008-v480/smoke.sh",
      "benchmarks/scripting/evidence/20261008-v480/storage.json",
      "benchmarks/scripting/evidence/20261008-v480/system-startup-files.json",
      "benchmarks/scripting/evidence/20261008-v480/teardown.json",
      "benchmarks/scripting/evidence/20261008-v480/validation.json",
      "benchmarks/scripting/evidence/20261009-v490/README.md",
      "benchmarks/scripting/evidence/20261009-v490/SHA256SUMS",
      "benchmarks/scripting/evidence/20261009-v490/cleanup.json",
      "benchmarks/scripting/evidence/20261009-v490/comparison.json",
      "benchmarks/scripting/evidence/20261009-v490/compiler.txt",
      "benchmarks/scripting/evidence/20261009-v490/cxx-compiler.txt",
      "benchmarks/scripting/evidence/20261009-v490/dpkg-versions.tsv",
      "benchmarks/scripting/evidence/20261009-v490/filesystem.json",
      "benchmarks/scripting/evidence/20261009-v490/freeze.json",
      "benchmarks/scripting/evidence/20261009-v490/machine-extra.json",
      "benchmarks/scripting/evidence/20261009-v490/nift-binary.sha256",
      "benchmarks/scripting/evidence/20261009-v490/nift-revision.txt",
      "benchmarks/scripting/evidence/20261009-v490/node-specifications.json",
      "benchmarks/scripting/evidence/20261009-v490/official-end.txt",
      "benchmarks/scripting/evidence/20261009-v490/official-start.txt",
      "benchmarks/scripting/evidence/20261009-v490/official-validation.log",
      "benchmarks/scripting/evidence/20261009-v490/official.sh",
      "benchmarks/scripting/evidence/20261009-v490/publication-verification-before-teardown.json",
      "benchmarks/scripting/evidence/20261009-v490/run-identity.json",
      "benchmarks/scripting/evidence/20261009-v490/scripting-summary.json",
      "benchmarks/scripting/evidence/20261009-v490/scripting.json",
      "benchmarks/scripting/evidence/20261009-v490/setup.sh",
      "benchmarks/scripting/evidence/20261009-v490/smoke-scripting-summary.json",
      "benchmarks/scripting/evidence/20261009-v490/smoke-scripting.json",
      "benchmarks/scripting/evidence/20261009-v490/smoke-validation.log",
      "benchmarks/scripting/evidence/20261009-v490/smoke.sh",
      "benchmarks/scripting/evidence/20261009-v490/storage.json",
      "benchmarks/scripting/evidence/20261009-v490/system-startup-files.json",
      "benchmarks/scripting/evidence/20261009-v490/teardown.json",
      "benchmarks/scripting/evidence/20261009-v490/validation.json",
      "benchmarks/scripting/evidence/scripting.json",
      "benchmarks/scripting/series/20261008-v480/archive-identity.json",
      "benchmarks/shell/evidence/20261007-v472/README.md",
      "benchmarks/shell/evidence/20261007-v472/calibration.json",
      "benchmarks/shell/evidence/20261007-v472/rc-body.json",
      "benchmarks/shell/evidence/20261007-v472/rc-certification.json",
      "benchmarks/shell/evidence/20261007-v472/shell-application-cold.json",
      "benchmarks/shell/evidence/20261007-v472/shell-repeated.json",
      "benchmarks/shell/evidence/20261008-v480/README.md",
      "benchmarks/shell/evidence/20261008-v480/SHA256SUMS",
      "benchmarks/shell/evidence/20261008-v480/calibration.json",
      "benchmarks/shell/evidence/20261008-v480/compiler.txt",
      "benchmarks/shell/evidence/20261008-v480/cxx-compiler.txt",
      "benchmarks/shell/evidence/20261008-v480/dpkg-versions.tsv",
      "benchmarks/shell/evidence/20261008-v480/filesystem.json",
      "benchmarks/shell/evidence/20261008-v480/freeze.json",
      "benchmarks/shell/evidence/20261008-v480/machine-extra.json",
      "benchmarks/shell/evidence/20261008-v480/nift-binary.sha256",
      "benchmarks/shell/evidence/20261008-v480/nift-revision.txt",
      "benchmarks/shell/evidence/20261008-v480/node-specifications.json",
      "benchmarks/shell/evidence/20261008-v480/official-end.txt",
      "benchmarks/shell/evidence/20261008-v480/official-start.txt",
      "benchmarks/shell/evidence/20261008-v480/official-validation.log",
      "benchmarks/shell/evidence/20261008-v480/official.sh",
      "benchmarks/shell/evidence/20261008-v480/publication-verification-before-teardown.json",
      "benchmarks/shell/evidence/20261008-v480/rc-body.json",
      "benchmarks/shell/evidence/20261008-v480/rc-certification-after.json",
      "benchmarks/shell/evidence/20261008-v480/rc-certification.json",
      "benchmarks/shell/evidence/20261008-v480/run-identity.json",
      "benchmarks/shell/evidence/20261008-v480/setup.sh",
      "benchmarks/shell/evidence/20261008-v480/shell-application-cold.json",
      "benchmarks/shell/evidence/20261008-v480/shell-fresh-summary.json",
      "benchmarks/shell/evidence/20261008-v480/shell-repeated-summary.json",
      "benchmarks/shell/evidence/20261008-v480/shell-repeated.json",
      "benchmarks/shell/evidence/20261008-v480/smoke-fresh-summary.json",
      "benchmarks/shell/evidence/20261008-v480/smoke-fresh-work-command.txt",
      "benchmarks/shell/evidence/20261008-v480/smoke-fresh-work-summary.json",
      "benchmarks/shell/evidence/20261008-v480/smoke-shell-fresh-work.json",
      "benchmarks/shell/evidence/20261008-v480/smoke-shell-fresh.json",
      "benchmarks/shell/evidence/20261008-v480/smoke-shell-repeated.json",
      "benchmarks/shell/evidence/20261008-v480/smoke-shell-summary.json",
      "benchmarks/shell/evidence/20261008-v480/smoke.sh",
      "benchmarks/shell/evidence/20261008-v480/storage.json",
      "benchmarks/shell/evidence/20261008-v480/system-startup-files.json",
      "benchmarks/shell/evidence/20261008-v480/teardown.json",
      "benchmarks/shell/evidence/20261008-v480/validation.json",
      "benchmarks/shell/evidence/20261009-v490/README.md",
      "benchmarks/shell/evidence/20261009-v490/SHA256SUMS",
      "benchmarks/shell/evidence/20261009-v490/calibration.json",
      "benchmarks/shell/evidence/20261009-v490/cleanup.json",
      "benchmarks/shell/evidence/20261009-v490/comparison.json",
      "benchmarks/shell/evidence/20261009-v490/compiler.txt",
      "benchmarks/shell/evidence/20261009-v490/cxx-compiler.txt",
      "benchmarks/shell/evidence/20261009-v490/dpkg-versions.tsv",
      "benchmarks/shell/evidence/20261009-v490/filesystem.json",
      "benchmarks/shell/evidence/20261009-v490/freeze.json",
      "benchmarks/shell/evidence/20261009-v490/machine-extra.json",
      "benchmarks/shell/evidence/20261009-v490/nift-binary.sha256",
      "benchmarks/shell/evidence/20261009-v490/nift-revision.txt",
      "benchmarks/shell/evidence/20261009-v490/node-specifications.json",
      "benchmarks/shell/evidence/20261009-v490/official-end.txt",
      "benchmarks/shell/evidence/20261009-v490/official-start.txt",
      "benchmarks/shell/evidence/20261009-v490/official-validation.log",
      "benchmarks/shell/evidence/20261009-v490/official.sh",
      "benchmarks/shell/evidence/20261009-v490/publication-verification-before-teardown.json",
      "benchmarks/shell/evidence/20261009-v490/rc-body.json",
      "benchmarks/shell/evidence/20261009-v490/rc-certification-after.json",
      "benchmarks/shell/evidence/20261009-v490/rc-certification.json",
      "benchmarks/shell/evidence/20261009-v490/run-identity.json",
      "benchmarks/shell/evidence/20261009-v490/setup.sh",
      "benchmarks/shell/evidence/20261009-v490/shell-application-cold.json",
      "benchmarks/shell/evidence/20261009-v490/shell-fresh-summary.json",
      "benchmarks/shell/evidence/20261009-v490/shell-repeated-summary.json",
      "benchmarks/shell/evidence/20261009-v490/shell-repeated.json",
      "benchmarks/shell/evidence/20261009-v490/smoke-fresh-summary.json",
      "benchmarks/shell/evidence/20261009-v490/smoke-shell-fresh.json",
      "benchmarks/shell/evidence/20261009-v490/smoke-shell-repeated.json",
      "benchmarks/shell/evidence/20261009-v490/smoke-shell-summary.json",
      "benchmarks/shell/evidence/20261009-v490/smoke-validation.log",
      "benchmarks/shell/evidence/20261009-v490/smoke.sh",
      "benchmarks/shell/evidence/20261009-v490/storage.json",
      "benchmarks/shell/evidence/20261009-v490/system-startup-files.json",
      "benchmarks/shell/evidence/20261009-v490/teardown.json",
      "benchmarks/shell/evidence/20261009-v490/validation.json",
      "benchmarks/shell/evidence/calibration.json",
      "benchmarks/shell/evidence/rc-body.json",
      "benchmarks/shell/evidence/rc-certification.json",
      "benchmarks/shell/evidence/shell-application-cold.json",
      "benchmarks/shell/evidence/shell-repeated.json",
      "benchmarks/shell/series/20261008-v480/archive-identity.json",
      "benchmarks/scripting/index.html",
      "benchmarks/scripting/series/20261008-v480/index.html",
      "benchmarks/shell/assets/external-work.png",
      "benchmarks/shell/assets/external-work.svg",
      "benchmarks/shell/assets/rc-prepared.png",
      "benchmarks/shell/assets/rc-prepared.svg",
      "benchmarks/shell/assets/startup-distributions.png",
      "benchmarks/shell/assets/startup-distributions.svg",
      "benchmarks/shell/series/20261008-v480/index.html"
    ],
    "concurrent_untracked": []
  },
  "official_campaign": {
    "unchanged": true,
    "files": 30,
    "head": null,
    "missing": [],
    "changed": [],
    "added": []
  }
}
