8 reads PASS
8 writes PASS
8 iteration PASS
8 mutation PASS
8 copy-move PASS
32 reads PASS
32 writes PASS
32 iteration PASS
32 mutation PASS
32 copy-move PASS
128 reads PASS
128 writes PASS
128 iteration PASS
128 mutation PASS
128 copy-move PASS
512 reads PASS
512 writes PASS
512 iteration PASS
512 mutation PASS
512 copy-move PASS
2000 reads PASS
2000 writes PASS
2000 iteration PASS
2000 mutation PASS
2000 copy-move PASS
8000 reads PASS
8000 writes PASS
8000 iteration PASS
8000 mutation PASS
8000 copy-move PASS
