windows behavioural corpus	v4.9 contracts on Windows	﻿2026-10-09T05:17:43.5140586Z ##[group]Run make test-v410-native-dispatch-parity test-v410-glob-parity test-v410-glob-relative-guard test-v49-selector-parity test-v49-glob-order test-v49-glob-key-guard test-v49-json-preflight-guard test-runtime-value test-v48-callback-parity test-v48-callback-guard test-v410-sort-factory-parity test-v410-object-member-parity test-v410-object-member-unit test-v410-object-member-guard
windows behavioural corpus	v4.9 contracts on Windows	2026-10-09T05:17:43.5143733Z [36;1mmake test-v410-native-dispatch-parity test-v410-glob-parity test-v410-glob-relative-guard test-v49-selector-parity test-v49-glob-order test-v49-glob-key-guard test-v49-json-preflight-guard test-runtime-value test-v48-callback-parity test-v48-callback-guard test-v410-sort-factory-parity test-v410-object-member-parity test-v410-object-member-unit test-v410-object-member-guard[0m
windows behavioural corpus	v4.9 contracts on Windows	2026-10-09T05:17:43.5147459Z shell: D:\a\_temp\setup-msys2\msys2.CMD {0}
windows behavioural corpus	v4.9 contracts on Windows	2026-10-09T05:17:43.5147808Z env:
windows behavioural corpus	v4.9 contracts on Windows	2026-10-09T05:17:43.5148143Z   pythonLocation: C:\hostedtoolcache\windows\Python\3.13.15\x64
windows behavioural corpus	v4.9 contracts on Windows	2026-10-09T05:17:43.5148967Z   PKG_CONFIG_PATH: C:\hostedtoolcache\windows\Python\3.13.15\x64/lib/pkgconfig
windows behavioural corpus	v4.9 contracts on Windows	2026-10-09T05:17:43.5149492Z   Python_ROOT_DIR: C:\hostedtoolcache\windows\Python\3.13.15\x64
windows behavioural corpus	v4.9 contracts on Windows	2026-10-09T05:17:43.5149997Z   Python2_ROOT_DIR: C:\hostedtoolcache\windows\Python\3.13.15\x64
windows behavioural corpus	v4.9 contracts on Windows	2026-10-09T05:17:43.5150461Z   Python3_ROOT_DIR: C:\hostedtoolcache\windows\Python\3.13.15\x64
windows behavioural corpus	v4.9 contracts on Windows	2026-10-09T05:17:43.5150837Z   MSYSTEM: UCRT64
windows behavioural corpus	v4.9 contracts on Windows	2026-10-09T05:17:43.5151084Z ##[endgroup]
windows behavioural corpus	v4.9 contracts on Windows	2026-10-09T05:17:45.0598913Z CC="cc" CXX="g++" CFLAGS="-O2 -fPIC -Wno-deprecated-declarations" bash scripts/build_vendored_libffi.sh ".build/libffi/x86_64-w64-mingw32-cc"
windows behavioural corpus	v4.9 contracts on Windows	2026-10-09T05:17:45.9287694Z NIFT="/d/a/nift/nift/nift.exe" python3 tests/v410_native_dispatch_parity.py
windows behavioural corpus	v4.9 contracts on Windows	2026-10-09T05:17:46.7114899Z PASS 15 exact native dispatch/method/error contracts
windows behavioural corpus	v4.9 contracts on Windows	2026-10-09T05:17:46.7235084Z NIFT="/d/a/nift/nift/nift.exe" python3 tests/v410_glob_parity.py
windows behavioural corpus	v4.9 contracts on Windows	2026-10-09T05:17:47.3011372Z PASS 10 exact glob path/ordering/hidden/Unicode/alias contracts
windows behavioural corpus	v4.9 contracts on Windows	2026-10-09T05:17:47.3101264Z mkdir -p ".build/glob-relative/"
windows behavioural corpus	v4.9 contracts on Windows	2026-10-09T05:17:47.3463507Z g++ -Isrc -Iinclude -Iminifypp/include -Iminifypp/src -Imarkuppp/include -Imarkuppp/vendor/cmark -I.build/libffi/x86_64-w64-mingw32-cc/install/include -std=c++17 -O2 -Wall -Wextra -pedantic -pthread -DNIFT_TEST_GLOB_PATH_STATS -MMD -MP -c src/ParserExpression.cpp -o .build/glob-relative/ParserExpression.o
windows behavioural corpus	v4.9 contracts on Windows	2026-10-09T05:18:23.3612812Z g++ -std=c++17 -O2 -Wall -Wextra -pedantic -pthread -static -static-libgcc -static-libstdc++ src/nift.o src/ProjectOwnership.o src/PackageTransaction.o src/CLI.o src/Process.o src/JobControl.o src/RuntimeValue.o src/Value.o src/FileSystem.o src/JsonFile.o src/JsonSchema.o minifypp/src/Minify.o markuppp/src/Markup.o markuppp/src/AsciiDoc.o markuppp/src/ReStructuredText.o src/Parser.o src/ParserAsyncPool.o src/ParserHelpers.o src/ParserScript.o src/ParserTemplate.o src/ProjectInfo.o src/ProjectRead.o src/ProjectState.o src/WatchList.o src/BuildProgress.o src/Automation.o src/Hooks.o src/Ast.o markuppp/vendor/cmark/blocks.o markuppp/vendor/cmark/buffer.o markuppp/vendor/cmark/cmark.o markuppp/vendor/cmark/cmark_ctype.o markuppp/vendor/cmark/houdini_href_e.o markuppp/vendor/cmark/houdini_html_e.o markuppp/vendor/cmark/houdini_html_u.o markuppp/vendor/cmark/html.o markuppp/vendor/cmark/inlines.o markuppp/vendor/cmark/iterator.o markuppp/vendor/cmark/node.o markuppp/vendor/cmark/references.o markuppp/vendor/cmark/render.o markuppp/vendor/cmark/scanners.o markuppp/vendor/cmark/utf8.o .build/glob-relative/ParserExpression.o .build/libffi/x86_64-w64-mingw32-cc/install/lib/libffi.a -o .build/nift-glob-relative-guard.exe
windows behavioural corpus	v4.9 contracts on Windows	2026-10-09T05:18:23.7266749Z NIFT="/d/a/nift/nift/.build/nift-glob-relative-guard.exe" python3 tests/v410_glob_relative_guard.py
windows behavioural corpus	v4.9 contracts on Windows	2026-10-09T05:18:23.9992453Z Traceback (most recent call last):
windows behavioural corpus	v4.9 contracts on Windows	2026-10-09T05:18:24.0001726Z   File "/d/a/nift/nift/tests/v410_glob_relative_guard.py", line 15, in <module>
windows behavioural corpus	v4.9 contracts on Windows	2026-10-09T05:18:24.0002735Z     assert p.returncode==0 and p.stdout==str(count)+'\n',(p.stdout,p.stderr)
windows behavioural corpus	v4.9 contracts on Windows	2026-10-09T05:18:24.0005999Z            ^^^^^^^^^^^^^^^^^^^^^^^^^^^^^^^^^^^^^^^^^^^^^
windows behavioural corpus	v4.9 contracts on Windows	2026-10-09T05:18:24.0006707Z AssertionError: ('0\n', 'glob-relative bases=0 matches=0\n')
windows behavioural corpus	v4.9 contracts on Windows	2026-10-09T05:18:24.0111001Z make: *** [Makefile:1878: test-v410-glob-relative-guard] Error 1
windows behavioural corpus	v4.9 contracts on Windows	2026-10-09T05:18:24.0176921Z ##[error]Process completed with exit code 2.
