g++ -Isrc -Iinclude -Iminifypp/include -Iminifypp/src -Imarkuppp/include -Imarkuppp/vendor/cmark -I.build/libffi/x86_64-linux-gnu-cc/install/include -std=c++17 -O2 -Wall -Wextra -pedantic -pthread -MMD -MP -c src/nift.cpp -o src/nift.o
g++ -Isrc -Iinclude -Iminifypp/include -Iminifypp/src -Imarkuppp/include -Imarkuppp/vendor/cmark -I.build/libffi/x86_64-linux-gnu-cc/install/include -std=c++17 -O2 -Wall -Wextra -pedantic -pthread -MMD -MP -c src/ProjectOwnership.cpp -o src/ProjectOwnership.o
g++ -Isrc -Iinclude -Iminifypp/include -Iminifypp/src -Imarkuppp/include -Imarkuppp/vendor/cmark -I.build/libffi/x86_64-linux-gnu-cc/install/include -std=c++17 -O2 -Wall -Wextra -pedantic -pthread -MMD -MP -c src/PackageTransaction.cpp -o src/PackageTransaction.o
g++ -Isrc -Iinclude -Iminifypp/include -Iminifypp/src -Imarkuppp/include -Imarkuppp/vendor/cmark -I.build/libffi/x86_64-linux-gnu-cc/install/include -std=c++17 -O2 -Wall -Wextra -pedantic -pthread -MMD -MP -c src/CLI.cpp -o src/CLI.o
g++ -Isrc -Iinclude -Iminifypp/include -Iminifypp/src -Imarkuppp/include -Imarkuppp/vendor/cmark -I.build/libffi/x86_64-linux-gnu-cc/install/include -std=c++17 -O2 -Wall -Wextra -pedantic -pthread -MMD -MP -c src/Process.cpp -o src/Process.o
g++ -Isrc -Iinclude -Iminifypp/include -Iminifypp/src -Imarkuppp/include -Imarkuppp/vendor/cmark -I.build/libffi/x86_64-linux-gnu-cc/install/include -std=c++17 -O2 -Wall -Wextra -pedantic -pthread -MMD -MP -c src/JobControl.cpp -o src/JobControl.o
g++ -Isrc -Iinclude -Iminifypp/include -Iminifypp/src -Imarkuppp/include -Imarkuppp/vendor/cmark -I.build/libffi/x86_64-linux-gnu-cc/install/include -std=c++17 -O2 -Wall -Wextra -pedantic -pthread -MMD -MP -c src/RuntimeValue.cpp -o src/RuntimeValue.o
g++ -Isrc -Iinclude -Iminifypp/include -Iminifypp/src -Imarkuppp/include -Imarkuppp/vendor/cmark -I.build/libffi/x86_64-linux-gnu-cc/install/include -std=c++17 -O2 -Wall -Wextra -pedantic -pthread -MMD -MP -c src/Value.cpp -o src/Value.o
g++ -Isrc -Iinclude -Iminifypp/include -Iminifypp/src -Imarkuppp/include -Imarkuppp/vendor/cmark -I.build/libffi/x86_64-linux-gnu-cc/install/include -std=c++17 -O2 -Wall -Wextra -pedantic -pthread -MMD -MP -c src/FileSystem.cpp -o src/FileSystem.o
g++ -Isrc -Iinclude -Iminifypp/include -Iminifypp/src -Imarkuppp/include -Imarkuppp/vendor/cmark -I.build/libffi/x86_64-linux-gnu-cc/install/include -std=c++17 -O2 -Wall -Wextra -pedantic -pthread -MMD -MP -c src/JsonFile.cpp -o src/JsonFile.o
g++ -Isrc -Iinclude -Iminifypp/include -Iminifypp/src -Imarkuppp/include -Imarkuppp/vendor/cmark -I.build/libffi/x86_64-linux-gnu-cc/install/include -std=c++17 -O2 -Wall -Wextra -pedantic -pthread -MMD -MP -c src/JsonSchema.cpp -o src/JsonSchema.o
g++ -Isrc -Iinclude -Iminifypp/include -Iminifypp/src -Imarkuppp/include -Imarkuppp/vendor/cmark -I.build/libffi/x86_64-linux-gnu-cc/install/include -std=c++17 -O2 -Wall -Wextra -pedantic -pthread -MMD -MP -c minifypp/src/Minify.cpp -o minifypp/src/Minify.o
g++ -Isrc -Iinclude -Iminifypp/include -Iminifypp/src -Imarkuppp/include -Imarkuppp/vendor/cmark -I.build/libffi/x86_64-linux-gnu-cc/install/include -std=c++17 -O2 -Wall -Wextra -pedantic -pthread -MMD -MP -c markuppp/src/Markup.cpp -o markuppp/src/Markup.o
g++ -Isrc -Iinclude -Iminifypp/include -Iminifypp/src -Imarkuppp/include -Imarkuppp/vendor/cmark -I.build/libffi/x86_64-linux-gnu-cc/install/include -std=c++17 -O2 -Wall -Wextra -pedantic -pthread -MMD -MP -c markuppp/src/AsciiDoc.cpp -o markuppp/src/AsciiDoc.o
g++ -Isrc -Iinclude -Iminifypp/include -Iminifypp/src -Imarkuppp/include -Imarkuppp/vendor/cmark -I.build/libffi/x86_64-linux-gnu-cc/install/include -std=c++17 -O2 -Wall -Wextra -pedantic -pthread -MMD -MP -c markuppp/src/ReStructuredText.cpp -o markuppp/src/ReStructuredText.o
g++ -Isrc -Iinclude -Iminifypp/include -Iminifypp/src -Imarkuppp/include -Imarkuppp/vendor/cmark -I.build/libffi/x86_64-linux-gnu-cc/install/include -std=c++17 -O2 -Wall -Wextra -pedantic -pthread -MMD -MP -c src/ProjectInfo.cpp -o src/ProjectInfo.o
g++ -Isrc -Iinclude -Iminifypp/include -Iminifypp/src -Imarkuppp/include -Imarkuppp/vendor/cmark -I.build/libffi/x86_64-linux-gnu-cc/install/include -std=c++17 -O2 -Wall -Wextra -pedantic -pthread -MMD -MP -c src/ProjectRead.cpp -o src/ProjectRead.o
g++ -Isrc -Iinclude -Iminifypp/include -Iminifypp/src -Imarkuppp/include -Imarkuppp/vendor/cmark -I.build/libffi/x86_64-linux-gnu-cc/install/include -std=c++17 -O2 -Wall -Wextra -pedantic -pthread -MMD -MP -c src/ProjectState.cpp -o src/ProjectState.o
g++ -Isrc -Iinclude -Iminifypp/include -Iminifypp/src -Imarkuppp/include -Imarkuppp/vendor/cmark -I.build/libffi/x86_64-linux-gnu-cc/install/include -std=c++17 -O2 -Wall -Wextra -pedantic -pthread -MMD -MP -c src/WatchList.cpp -o src/WatchList.o
g++ -Isrc -Iinclude -Iminifypp/include -Iminifypp/src -Imarkuppp/include -Imarkuppp/vendor/cmark -I.build/libffi/x86_64-linux-gnu-cc/install/include -std=c++17 -O2 -Wall -Wextra -pedantic -pthread -MMD -MP -c src/BuildProgress.cpp -o src/BuildProgress.o
g++ -Isrc -Iinclude -Iminifypp/include -Iminifypp/src -Imarkuppp/include -Imarkuppp/vendor/cmark -I.build/libffi/x86_64-linux-gnu-cc/install/include -std=c++17 -O2 -Wall -Wextra -pedantic -pthread -MMD -MP -c src/Automation.cpp -o src/Automation.o
g++ -Isrc -Iinclude -Iminifypp/include -Iminifypp/src -Imarkuppp/include -Imarkuppp/vendor/cmark -I.build/libffi/x86_64-linux-gnu-cc/install/include -std=c++17 -O2 -Wall -Wextra -pedantic -pthread -MMD -MP -c src/Hooks.cpp -o src/Hooks.o
g++ -Isrc -Iinclude -Iminifypp/include -Iminifypp/src -Imarkuppp/include -Imarkuppp/vendor/cmark -I.build/libffi/x86_64-linux-gnu-cc/install/include -std=c++17 -O2 -Wall -Wextra -pedantic -pthread -MMD -MP -c src/Ast.cpp -o src/Ast.o
cc -Imarkuppp/vendor/cmark -std=c99 -O2 -Wall -Wextra -pedantic -MMD -MP -c markuppp/vendor/cmark/blocks.c -o markuppp/vendor/cmark/blocks.o
cc -Imarkuppp/vendor/cmark -std=c99 -O2 -Wall -Wextra -pedantic -MMD -MP -c markuppp/vendor/cmark/buffer.c -o markuppp/vendor/cmark/buffer.o
cc -Imarkuppp/vendor/cmark -std=c99 -O2 -Wall -Wextra -pedantic -MMD -MP -c markuppp/vendor/cmark/cmark.c -o markuppp/vendor/cmark/cmark.o
cc -Imarkuppp/vendor/cmark -std=c99 -O2 -Wall -Wextra -pedantic -MMD -MP -c markuppp/vendor/cmark/cmark_ctype.c -o markuppp/vendor/cmark/cmark_ctype.o
cc -Imarkuppp/vendor/cmark -std=c99 -O2 -Wall -Wextra -pedantic -MMD -MP -c markuppp/vendor/cmark/houdini_href_e.c -o markuppp/vendor/cmark/houdini_href_e.o
cc -Imarkuppp/vendor/cmark -std=c99 -O2 -Wall -Wextra -pedantic -MMD -MP -c markuppp/vendor/cmark/houdini_html_e.c -o markuppp/vendor/cmark/houdini_html_e.o
cc -Imarkuppp/vendor/cmark -std=c99 -O2 -Wall -Wextra -pedantic -MMD -MP -c markuppp/vendor/cmark/houdini_html_u.c -o markuppp/vendor/cmark/houdini_html_u.o
cc -Imarkuppp/vendor/cmark -std=c99 -O2 -Wall -Wextra -pedantic -MMD -MP -c markuppp/vendor/cmark/html.c -o markuppp/vendor/cmark/html.o
cc -Imarkuppp/vendor/cmark -std=c99 -O2 -Wall -Wextra -pedantic -MMD -MP -c markuppp/vendor/cmark/inlines.c -o markuppp/vendor/cmark/inlines.o
cc -Imarkuppp/vendor/cmark -std=c99 -O2 -Wall -Wextra -pedantic -MMD -MP -c markuppp/vendor/cmark/iterator.c -o markuppp/vendor/cmark/iterator.o
cc -Imarkuppp/vendor/cmark -std=c99 -O2 -Wall -Wextra -pedantic -MMD -MP -c markuppp/vendor/cmark/node.c -o markuppp/vendor/cmark/node.o
cc -Imarkuppp/vendor/cmark -std=c99 -O2 -Wall -Wextra -pedantic -MMD -MP -c markuppp/vendor/cmark/references.c -o markuppp/vendor/cmark/references.o
cc -Imarkuppp/vendor/cmark -std=c99 -O2 -Wall -Wextra -pedantic -MMD -MP -c markuppp/vendor/cmark/render.c -o markuppp/vendor/cmark/render.o
cc -Imarkuppp/vendor/cmark -std=c99 -O2 -Wall -Wextra -pedantic -MMD -MP -c markuppp/vendor/cmark/scanners.c -o markuppp/vendor/cmark/scanners.o
cc -Imarkuppp/vendor/cmark -std=c99 -O2 -Wall -Wextra -pedantic -MMD -MP -c markuppp/vendor/cmark/utf8.c -o markuppp/vendor/cmark/utf8.o
CC="cc" CXX="g++" CFLAGS="-O2 -fPIC -Wno-deprecated-declarations" bash scripts/build_vendored_libffi.sh ".build/libffi/x86_64-linux-gnu-cc"
BUILD vendored libffi (x86_64-linux-gnu-cc)
BUILD vendored libffi: done (5s)
g++ -Isrc -Iinclude -Iminifypp/include -Iminifypp/src -Imarkuppp/include -Imarkuppp/vendor/cmark -I.build/libffi/x86_64-linux-gnu-cc/install/include -std=c++17 -O2 -Wall -Wextra -pedantic -pthread -MMD -MP -c src/Parser.cpp -o src/Parser.o
g++ -Isrc -Iinclude -Iminifypp/include -Iminifypp/src -Imarkuppp/include -Imarkuppp/vendor/cmark -I.build/libffi/x86_64-linux-gnu-cc/install/include -std=c++17 -O2 -Wall -Wextra -pedantic -pthread -MMD -MP -c src/ParserAsyncPool.cpp -o src/ParserAsyncPool.o
g++ -Isrc -Iinclude -Iminifypp/include -Iminifypp/src -Imarkuppp/include -Imarkuppp/vendor/cmark -I.build/libffi/x86_64-linux-gnu-cc/install/include -std=c++17 -O2 -Wall -Wextra -pedantic -pthread -MMD -MP -c src/ParserExpression.cpp -o src/ParserExpression.o
g++ -Isrc -Iinclude -Iminifypp/include -Iminifypp/src -Imarkuppp/include -Imarkuppp/vendor/cmark -I.build/libffi/x86_64-linux-gnu-cc/install/include -std=c++17 -O2 -Wall -Wextra -pedantic -pthread -MMD -MP -c src/ParserHelpers.cpp -o src/ParserHelpers.o
g++ -Isrc -Iinclude -Iminifypp/include -Iminifypp/src -Imarkuppp/include -Imarkuppp/vendor/cmark -I.build/libffi/x86_64-linux-gnu-cc/install/include -std=c++17 -O2 -Wall -Wextra -pedantic -pthread -MMD -MP -c src/ParserScript.cpp -o src/ParserScript.o
g++ -Isrc -Iinclude -Iminifypp/include -Iminifypp/src -Imarkuppp/include -Imarkuppp/vendor/cmark -I.build/libffi/x86_64-linux-gnu-cc/install/include -std=c++17 -O2 -Wall -Wextra -pedantic -pthread -MMD -MP -c src/ParserTemplate.cpp -o src/ParserTemplate.o
g++ -std=c++17 -O2 -Wall -Wextra -pedantic -pthread  src/nift.o src/ProjectOwnership.o src/PackageTransaction.o src/CLI.o src/Process.o src/JobControl.o src/RuntimeValue.o src/Value.o src/FileSystem.o src/JsonFile.o src/JsonSchema.o minifypp/src/Minify.o markuppp/src/Markup.o markuppp/src/AsciiDoc.o markuppp/src/ReStructuredText.o src/Parser.o src/ParserAsyncPool.o src/ParserExpression.o src/ParserHelpers.o src/ParserScript.o src/ParserTemplate.o src/ProjectInfo.o src/ProjectRead.o src/ProjectState.o src/WatchList.o src/BuildProgress.o src/Automation.o src/Hooks.o src/Ast.o markuppp/vendor/cmark/blocks.o markuppp/vendor/cmark/buffer.o markuppp/vendor/cmark/cmark.o markuppp/vendor/cmark/cmark_ctype.o markuppp/vendor/cmark/houdini_href_e.o markuppp/vendor/cmark/houdini_html_e.o markuppp/vendor/cmark/houdini_html_u.o markuppp/vendor/cmark/html.o markuppp/vendor/cmark/inlines.o markuppp/vendor/cmark/iterator.o markuppp/vendor/cmark/node.o markuppp/vendor/cmark/references.o markuppp/vendor/cmark/render.o markuppp/vendor/cmark/scanners.o markuppp/vendor/cmark/utf8.o -ldl .build/libffi/x86_64-linux-gnu-cc/install/lib/libffi.a -o nift
