windows behavioural corpus	v4.9 contracts on Windows	﻿2026-10-09T09:50:52.6843238Z ##[group]Run make test-v410-filesystem-recipe-parity test-v410-filesystem-recipe-guard test-v410-string-replace-parity test-v410-native-dispatch-parity test-v410-glob-parity test-v410-glob-relative-guard test-v410-glob-prefix-parity test-v410-glob-prefix-guard test-v49-selector-parity test-v49-glob-order test-v49-glob-key-guard test-v49-json-preflight-guard test-runtime-value test-v48-callback-parity test-v48-callback-guard test-v410-sort-factory-parity test-v410-callback-overlay-parity test-v410-callback-overlay-guard test-v410-object-member-parity test-v410-object-member-unit test-v410-object-member-guard
windows behavioural corpus	v4.9 contracts on Windows	2026-10-09T09:50:52.6848218Z [36;1mmake test-v410-filesystem-recipe-parity test-v410-filesystem-recipe-guard test-v410-string-replace-parity test-v410-native-dispatch-parity test-v410-glob-parity test-v410-glob-relative-guard test-v410-glob-prefix-parity test-v410-glob-prefix-guard test-v49-selector-parity test-v49-glob-order test-v49-glob-key-guard test-v49-json-preflight-guard test-runtime-value test-v48-callback-parity test-v48-callback-guard test-v410-sort-factory-parity test-v410-callback-overlay-parity test-v410-callback-overlay-guard test-v410-object-member-parity test-v410-object-member-unit test-v410-object-member-guard[0m
windows behavioural corpus	v4.9 contracts on Windows	2026-10-09T09:50:52.6854005Z shell: D:\a\_temp\setup-msys2\msys2.CMD {0}
windows behavioural corpus	v4.9 contracts on Windows	2026-10-09T09:50:52.6854379Z env:
windows behavioural corpus	v4.9 contracts on Windows	2026-10-09T09:50:52.6854748Z   pythonLocation: C:\hostedtoolcache\windows\Python\3.13.15\x64
windows behavioural corpus	v4.9 contracts on Windows	2026-10-09T09:50:52.6855292Z   PKG_CONFIG_PATH: C:\hostedtoolcache\windows\Python\3.13.15\x64/lib/pkgconfig
windows behavioural corpus	v4.9 contracts on Windows	2026-10-09T09:50:52.6855835Z   Python_ROOT_DIR: C:\hostedtoolcache\windows\Python\3.13.15\x64
windows behavioural corpus	v4.9 contracts on Windows	2026-10-09T09:50:52.6856312Z   Python2_ROOT_DIR: C:\hostedtoolcache\windows\Python\3.13.15\x64
windows behavioural corpus	v4.9 contracts on Windows	2026-10-09T09:50:52.6856837Z   Python3_ROOT_DIR: C:\hostedtoolcache\windows\Python\3.13.15\x64
windows behavioural corpus	v4.9 contracts on Windows	2026-10-09T09:50:52.6857219Z   MSYSTEM: UCRT64
windows behavioural corpus	v4.9 contracts on Windows	2026-10-09T09:50:52.6857477Z ##[endgroup]
windows behavioural corpus	v4.9 contracts on Windows	2026-10-09T09:50:54.1972087Z CC="cc" CXX="g++" CFLAGS="-O2 -fPIC -Wno-deprecated-declarations" bash scripts/build_vendored_libffi.sh ".build/libffi/x86_64-w64-mingw32-cc"
windows behavioural corpus	v4.9 contracts on Windows	2026-10-09T09:50:55.0694295Z NIFT=/d/a/nift/nift/nift.exe /usr/bin/python3 tests/v410_filesystem_recipe_parity.py
windows behavioural corpus	v4.9 contracts on Windows	2026-10-09T09:50:55.2475883Z PASS stat-prepared
windows behavioural corpus	v4.9 contracts on Windows	2026-10-09T09:50:55.2947560Z PASS stat-compatibility
windows behavioural corpus	v4.9 contracts on Windows	2026-10-09T09:50:55.3436918Z Traceback (most recent call last):
windows behavioural corpus	v4.9 contracts on Windows	2026-10-09T09:50:55.3444338Z   File "/d/a/nift/nift/tests/v410_filesystem_recipe_parity.py", line 11, in <module>
windows behavioural corpus	v4.9 contracts on Windows	2026-10-09T09:50:55.3446109Z     actual=dict(exit=q.returncode,stdout=q.stdout.replace(str(root),'<ORACLE_ROOT>').replace(root.as_posix(),'<ORACLE_ROOT>'),stderr=q.stderr.replace(str(root),'<ORACLE_ROOT>').replace(root.as_posix(),'<ORACLE_ROOT>'),files=files);expected={k:row[k] for k in actual};assert actual==expected,(row['name'],actual,expected)
windows behavioural corpus	v4.9 contracts on Windows	2026-10-09T09:50:55.3447937Z                                                                                                                                                                                                                                                                                   ^^^^^^^^^^^^^^^^
windows behavioural corpus	v4.9 contracts on Windows	2026-10-09T09:50:55.3450182Z AssertionError: ('stat-wrong-arity', {'exit': 1, 'stdout': '1\n2\n', 'stderr': 'error: D:/a/_temp/msys64<ORACLE_ROOT>/case.f:1:74: script failed\n', 'files': {'a': 'A', 'b': 'B', 'one/a': 'ONE', 'two/a': 'TWO'}}, {'exit': 1, 'stdout': '1\n2\n', 'stderr': 'error: <ORACLE_ROOT>/case.f:1:74: script failed\n', 'files': {'b': 'B', 'a': 'A', 'two/a': 'TWO', 'one/a': 'ONE'}})
windows behavioural corpus	v4.9 contracts on Windows	2026-10-09T09:50:55.3555958Z make: *** [Makefile:1936: test-v410-filesystem-recipe-parity] Error 1
windows behavioural corpus	v4.9 contracts on Windows	2026-10-09T09:50:55.3625042Z ##[error]Process completed with exit code 2.
macos behavioural corpus	v4.9 selector, filesystem ordering and JSON conversion contracts	﻿2026-10-09T09:48:21.7595360Z ##[group]Run make test-v410-filesystem-recipe-parity test-v410-filesystem-recipe-guard test-v410-string-replace-parity test-v410-native-dispatch-parity test-v410-glob-parity test-v410-glob-relative-guard test-v410-glob-prefix-parity test-v410-glob-prefix-guard test-v49-selector-parity test-v49-glob-order test-v49-glob-key-guard test-v49-json-preflight-guard test-runtime-value test-v48-callback-parity test-v48-callback-guard test-v410-sort-factory-parity test-v410-callback-overlay-parity test-v410-callback-overlay-guard test-v410-object-member-parity test-v410-object-member-unit test-v410-object-member-guard
macos behavioural corpus	v4.9 selector, filesystem ordering and JSON conversion contracts	2026-10-09T09:48:21.7599390Z [36;1mmake test-v410-filesystem-recipe-parity test-v410-filesystem-recipe-guard test-v410-string-replace-parity test-v410-native-dispatch-parity test-v410-glob-parity test-v410-glob-relative-guard test-v410-glob-prefix-parity test-v410-glob-prefix-guard test-v49-selector-parity test-v49-glob-order test-v49-glob-key-guard test-v49-json-preflight-guard test-runtime-value test-v48-callback-parity test-v48-callback-guard test-v410-sort-factory-parity test-v410-callback-overlay-parity test-v410-callback-overlay-guard test-v410-object-member-parity test-v410-object-member-unit test-v410-object-member-guard[0m
macos behavioural corpus	v4.9 selector, filesystem ordering and JSON conversion contracts	2026-10-09T09:48:21.7739620Z shell: /bin/bash -e {0}
macos behavioural corpus	v4.9 selector, filesystem ordering and JSON conversion contracts	2026-10-09T09:48:21.7739910Z env:
macos behavioural corpus	v4.9 selector, filesystem ordering and JSON conversion contracts	2026-10-09T09:48:21.7740240Z   pythonLocation: /Users/runner/hostedtoolcache/Python/3.13.15/arm64
macos behavioural corpus	v4.9 selector, filesystem ordering and JSON conversion contracts	2026-10-09T09:48:21.7740820Z   PKG_CONFIG_PATH: /Users/runner/hostedtoolcache/Python/3.13.15/arm64/lib/pkgconfig
macos behavioural corpus	v4.9 selector, filesystem ordering and JSON conversion contracts	2026-10-09T09:48:21.7741560Z   Python_ROOT_DIR: /Users/runner/hostedtoolcache/Python/3.13.15/arm64
macos behavioural corpus	v4.9 selector, filesystem ordering and JSON conversion contracts	2026-10-09T09:48:21.7742090Z   Python2_ROOT_DIR: /Users/runner/hostedtoolcache/Python/3.13.15/arm64
macos behavioural corpus	v4.9 selector, filesystem ordering and JSON conversion contracts	2026-10-09T09:48:21.7742540Z   Python3_ROOT_DIR: /Users/runner/hostedtoolcache/Python/3.13.15/arm64
macos behavioural corpus	v4.9 selector, filesystem ordering and JSON conversion contracts	2026-10-09T09:48:21.7743050Z ##[endgroup]
macos behavioural corpus	v4.9 selector, filesystem ordering and JSON conversion contracts	2026-10-09T09:48:21.9869520Z CC="cc" CXX="c++" CFLAGS="-O2 -fPIC -Wno-deprecated-declarations" bash scripts/build_vendored_libffi.sh ".build/libffi/arm64-apple-darwin25.6.0-cc"
macos behavioural corpus	v4.9 selector, filesystem ordering and JSON conversion contracts	2026-10-09T09:48:22.3206480Z NIFT=/Users/runner/work/nift/nift/nift /Users/runner/hostedtoolcache/Python/3.13.15/arm64/bin/python3 tests/v410_filesystem_recipe_parity.py
macos behavioural corpus	v4.9 selector, filesystem ordering and JSON conversion contracts	2026-10-09T09:48:22.3923930Z PASS stat-prepared
macos behavioural corpus	v4.9 selector, filesystem ordering and JSON conversion contracts	2026-10-09T09:48:22.3982930Z PASS stat-compatibility
macos behavioural corpus	v4.9 selector, filesystem ordering and JSON conversion contracts	2026-10-09T09:48:22.4033560Z PASS stat-wrong-arity
macos behavioural corpus	v4.9 selector, filesystem ordering and JSON conversion contracts	2026-10-09T09:48:22.4087550Z PASS stat-wrong-type
macos behavioural corpus	v4.9 selector, filesystem ordering and JSON conversion contracts	2026-10-09T09:48:22.4138550Z PASS stat-first-error
macos behavioural corpus	v4.9 selector, filesystem ordering and JSON conversion contracts	2026-10-09T09:48:22.4192330Z PASS named-stat-prepared
macos behavioural corpus	v4.9 selector, filesystem ordering and JSON conversion contracts	2026-10-09T09:48:22.4242980Z PASS named-stat-compatibility
macos behavioural corpus	v4.9 selector, filesystem ordering and JSON conversion contracts	2026-10-09T09:48:22.4296840Z PASS move-order
macos behavioural corpus	v4.9 selector, filesystem ordering and JSON conversion contracts	2026-10-09T09:48:22.4354630Z PASS move-argument-mutates-source
macos behavioural corpus	v4.9 selector, filesystem ordering and JSON conversion contracts	2026-10-09T09:48:22.4405350Z PASS move-first-source-error
macos behavioural corpus	v4.9 selector, filesystem ordering and JSON conversion contracts	2026-10-09T09:48:22.4456120Z PASS move-first-destination-error
macos behavioural corpus	v4.9 selector, filesystem ordering and JSON conversion contracts	2026-10-09T09:48:22.4505750Z PASS move-wrong-arity
macos behavioural corpus	v4.9 selector, filesystem ordering and JSON conversion contracts	2026-10-09T09:48:22.4629120Z Traceback (most recent call last):
macos behavioural corpus	v4.9 selector, filesystem ordering and JSON conversion contracts	2026-10-09T09:48:22.4660820Z   File "/Users/runner/work/nift/nift/tests/v410_filesystem_recipe_parity.py", line 11, in <module>
macos behavioural corpus	v4.9 selector, filesystem ordering and JSON conversion contracts	2026-10-09T09:48:22.4662120Z     actual=dict(exit=q.returncode,stdout=q.stdout.replace(str(root),'<ORACLE_ROOT>').replace(root.as_posix(),'<ORACLE_ROOT>'),stderr=q.stderr.replace(str(root),'<ORACLE_ROOT>').replace(root.as_posix(),'<ORACLE_ROOT>'),files=files);expected={k:row[k] for k in actual};assert actual==expected,(row['name'],actual,expected)
macos behavioural corpus	v4.9 selector, filesystem ordering and JSON conversion contracts	2026-10-09T09:48:22.4663390Z                                                                                                                                                                                                                                                                                   ^^^^^^^^^^^^^^^^
macos behavioural corpus	v4.9 selector, filesystem ordering and JSON conversion contracts	2026-10-09T09:48:22.4664520Z AssertionError: ('move-cwd-boundary', {'exit': 0, 'stdout': '1\n2\n/private<ORACLE_ROOT>/one\n', 'stderr': '', 'files': {'a': 'A', 'b': 'B', 'one/out': 'TWO', 'one/a': 'ONE'}}, {'exit': 0, 'stdout': '1\n2\n<ORACLE_ROOT>/one\n', 'stderr': '', 'files': {'b': 'B', 'a': 'A', 'one/out': 'TWO', 'one/a': 'ONE'}})
macos behavioural corpus	v4.9 selector, filesystem ordering and JSON conversion contracts	2026-10-09T09:48:22.4699850Z make: *** [test-v410-filesystem-recipe-parity] Error 1
macos behavioural corpus	v4.9 selector, filesystem ordering and JSON conversion contracts	2026-10-09T09:48:22.4714910Z ##[error]Process completed with exit code 2.
