PASS stat-prepared
PASS stat-compatibility
PASS stat-wrong-arity
PASS stat-wrong-type
PASS stat-first-error
PASS named-stat-prepared
PASS named-stat-compatibility
PASS move-order
PASS move-argument-mutates-source
PASS move-first-source-error
PASS move-first-destination-error
PASS move-wrong-arity
PASS move-cwd-boundary
PASS copy-order
PASS copy-argument-mutates-source
PASS copy-first-source-error
PASS copy-first-destination-error
PASS copy-wrong-arity
PASS copy-cwd-boundary
PASS move-unmatched-source
PASS move-array-source
PASS move-bad-source-array
PASS move-second-destination-error
PASS move-second-source-error
PASS move-spread
PASS copy-unmatched-source
PASS copy-array-source
PASS copy-bad-source-array
PASS copy-second-destination-error
PASS copy-second-source-error
PASS copy-spread
PASS move-loop-location
PASS move-index-probe-order
PASS move-root-path-replacement
PASS copy-loop-location
PASS copy-index-probe-order
PASS copy-root-path-replacement
PASS all 37 exact source-count/order/origin/error/file-effect contracts
PASS 60 pure-string canonical fallback contracts
