mkdir -p ".build"
mkdir -p ".build"
mkdir -p ".build"
g++ -Isrc -Iinclude -Iminifypp/include -Iminifypp/src -Imarkuppp/include -Imarkuppp/vendor/cmark -I.build/libffi/x86_64-linux-gnu-cc/install/include -std=c++17 -O2 -Wall -Wextra -pedantic -pthread -DNIFT_TEST_JSON_PREFLIGHT_STATS tests/v49_json_preflight_guard.cpp src/RuntimeValue.cpp -o ".build/nift-json-preflight-guard"
g++ -Isrc -Iinclude -Iminifypp/include -Iminifypp/src -Imarkuppp/include -Imarkuppp/vendor/cmark -I.build/libffi/x86_64-linux-gnu-cc/install/include -std=c++17 -O2 -Wall -Wextra -pedantic -pthread tests/runtime_value.cpp src/RuntimeValue.cpp -o ".build/nift-runtime-value"
g++ -Isrc -Iinclude -Iminifypp/include -Iminifypp/src -Imarkuppp/include -Imarkuppp/vendor/cmark -I.build/libffi/x86_64-linux-gnu-cc/install/include -std=c++17 -O2 -Wall -Wextra -pedantic -pthread tests/json_smoke.cpp -o ".build/nift-json-smoke"
mkdir -p ".build"
g++ -Isrc -Iinclude -Iminifypp/include -Iminifypp/src -Imarkuppp/include -Imarkuppp/vendor/cmark -I.build/libffi/x86_64-linux-gnu-cc/install/include -std=c++17 -O2 -Wall -Wextra -pedantic -pthread tests/cp17_bytes.cpp src/RuntimeValue.cpp -o ".build/nift-cp17-bytes"
".build/nift-json-smoke"
JSON smoke test passed
g++ -Isrc -Iinclude -Iminifypp/include -Iminifypp/src -Imarkuppp/include -Imarkuppp/vendor/cmark -I.build/libffi/x86_64-linux-gnu-cc/install/include -std=c++17 -O2 -Wall -Wextra -pedantic -pthread -MMD -MP -c src/embed/Engine.cpp -o src/embed/Engine.o
g++ -Isrc -Iinclude -Iminifypp/include -Iminifypp/src -Imarkuppp/include -Imarkuppp/vendor/cmark -I.build/libffi/x86_64-linux-gnu-cc/install/include -std=c++17 -O2 -Wall -Wextra -pedantic -pthread -MMD -MP -c src/embed/Context.cpp -o src/embed/Context.o
g++ -Isrc -Iinclude -Iminifypp/include -Iminifypp/src -Imarkuppp/include -Imarkuppp/vendor/cmark -I.build/libffi/x86_64-linux-gnu-cc/install/include -std=c++17 -O2 -Wall -Wextra -pedantic -pthread -MMD -MP -c src/embed/c_abi.cpp -o src/embed/c_abi.o
mkdir -p ".build"
g++ -Isrc -Iinclude -Iminifypp/include -Iminifypp/src -Imarkuppp/include -Imarkuppp/vendor/cmark -I.build/libffi/x86_64-linux-gnu-cc/install/include -std=c++17 -O2 -Wall -Wextra -pedantic -pthread tests/json_schema_smoke.cpp src/JsonSchema.cpp -o ".build/nift-json-schema-smoke"
mkdir -p ".build"
g++ -Isrc -Iinclude -Iminifypp/include -Iminifypp/src -Imarkuppp/include -Imarkuppp/vendor/cmark -I.build/libffi/x86_64-linux-gnu-cc/install/include -std=c++17 -O2 -Wall -Wextra -pedantic -pthread tests/console_smoke.cpp -o ".build/nift-console-smoke"
make -C minifypp test-smoke
make[1]: Entering directory '/home/nick/Repositories/nift/nift/.build/cp410-implementation/filesystem/certification/minifypp'
mkdir -p .build
g++ -Iinclude -Isrc -std=c++17 -O2 -Wall -Wextra -pedantic tests/minify_smoke.cpp src/Minify.cpp -o .build/minifypp-smoke
python3 tests/macos_runner_policy_test.py
macOS runner-policy guard passed (10 official macOS matrix entries)
mkdir -p .build
g++ -Isrc -Iinclude -Iminifypp/include -Iminifypp/src -Imarkuppp/include -Imarkuppp/vendor/cmark -I.build/libffi/x86_64-linux-gnu-cc/install/include -std=c++17 -O2 -Wall -Wextra -pedantic -pthread tests/progress_render_unit.cpp src/BuildProgress.cpp -o .build/progress-render
python3 tests/snap_release_contract.py
python3 tests/distribution_summary_test.py
test_edge_success_is_not_stable_success (__main__.DistributionSummaryTest.test_edge_success_is_not_stable_success) ... ok
test_install_runtime_failure_classified (__main__.DistributionSummaryTest.test_install_runtime_failure_classified) ... ok
test_maintained_channels_recorded_from_env (__main__.DistributionSummaryTest.test_maintained_channels_recorded_from_env) ... ok
test_not_selected (__main__.DistributionSummaryTest.test_not_selected) ... ok
test_stable_correct (__main__.DistributionSummaryTest.test_stable_correct) ... ok
test_validate_version_failure_recorded (__main__.DistributionSummaryTest.test_validate_version_failure_recorded) ... ok
test_version_mismatch_classified (__main__.DistributionSummaryTest.test_version_mismatch_classified) ... ok

----------------------------------------------------------------------
Ran 7 tests in 0.201s

OK
python3 tests/version_consistency_test.py
test_exact_412_413_failure_rejected (__main__.VersionConsistencyTest.test_exact_412_413_failure_rejected) ... FAIL: version disagreement: executable=4.0.13 Snap-metadata=4.0.12
FAIL: Snap metadata 4.0.12 != expected 4.0.13
FAIL: version disagreement: executable=4.0.13 Snap-metadata=4.0.12
FAIL: executable 4.0.13 != expected 4.0.12
FAIL: version disagreement: executable=4.0.13 Snap-metadata=4.0.12
ok
test_expected_accepts_leading_v_prefix (__main__.VersionConsistencyTest.test_expected_accepts_leading_v_prefix) ... ok
test_expected_prefix_does_not_mask_repo_mismatch (__main__.VersionConsistencyTest.test_expected_prefix_does_not_mask_repo_mismatch) ... FAIL: version disagreement: executable=4.0.14 Snap-metadata=4.1.0
FAIL: executable 4.0.14 != expected 4.1.0
FAIL: version disagreement: executable=4.0.14 Snap-metadata=4.1.0
FAIL: Snap metadata 4.1.0 != expected 4.0.14
ok
test_expected_rejects_malformed_prefixes (__main__.VersionConsistencyTest.test_expected_rejects_malformed_prefixes) ... FAIL: expected/release version is malformed: 'vv4.0.13'
FAIL: expected/release version is malformed: 'v4.0'
FAIL: expected/release version is malformed: '4.0.13.1'
ok
test_malformed_version_rejected (__main__.VersionConsistencyTest.test_malformed_version_rejected) ... FAIL: executable (src/CLI.cpp) version is missing
FAIL: Snap metadata (snap/snapcraft.yaml) version is malformed: 'four.zero.thirteen'
ok
test_matching_release_versions_agree (__main__.VersionConsistencyTest.test_matching_release_versions_agree) ... ok
test_missing_version_rejected (__main__.VersionConsistencyTest.test_missing_version_rejected) ... FAIL: executable (src/CLI.cpp) version is missing
FAIL: Snap metadata (snap/snapcraft.yaml) version is missing
ok
test_real_repo_development_versions_match (__main__.VersionConsistencyTest.test_real_repo_development_versions_match) ... ok
test_tag_version_mismatch_rejected (__main__.VersionConsistencyTest.test_tag_version_mismatch_rejected) ... FAIL: version disagreement: executable=4.0.13 Snap-metadata=4.1.0
FAIL: executable 4.0.13 != tag version 4.0.12
FAIL: Snap metadata 4.1.0 != tag version 4.0.12
ok

----------------------------------------------------------------------
Ran 9 tests in 0.007s

OK
PASS: version consistency (executable=4.10.0, Snap-metadata=4.10.0, expected=4.10.0)
PASS: version consistency (executable=4.10.0, Snap-metadata=4.10.0, expected=v4.10.0)
PASS: version consistency (executable=4.10.0, Snap-metadata=4.10.0, expected=v4.10.0, tag=v4.10.0)
PASS: version consistency (executable=4.10.0, Snap-metadata=4.10.0, expected=v4.10.0, tag=v4.10.0)
PASS: version consistency (executable=4.1.0, Snap-metadata=4.1.0, expected=4.1.0, tag=v4.1.0)
PASS: version consistency (executable=4.10.0, Snap-metadata=4.10.0, expected=4.10.0, tag=v4.10.0)
python3 scripts/check_version_consistency.py
PASS: version consistency (executable=4.10.0, Snap-metadata=4.10.0)
mkdir -p .build
g++ -Isrc -Iinclude -Iminifypp/include -Iminifypp/src -Imarkuppp/include -Imarkuppp/vendor/cmark -I.build/libffi/x86_64-linux-gnu-cc/install/include -std=c++17 -O2 -Wall -Wextra -pedantic -pthread tests/source_view_unit.cpp -o .build/source-view-unit
mkdir -p .build
g++ -Isrc -Iinclude -Iminifypp/include -Iminifypp/src -Imarkuppp/include -Imarkuppp/vendor/cmark -I.build/libffi/x86_64-linux-gnu-cc/install/include -std=c++17 -O2 -Wall -Wextra -pedantic -pthread tests/ast_source_unit.cpp src/Ast.cpp src/RuntimeValue.cpp -o .build/ast-source-unit
mkdir -p .build
g++ -Isrc -Iinclude -Iminifypp/include -Iminifypp/src -Imarkuppp/include -Imarkuppp/vendor/cmark -I.build/libffi/x86_64-linux-gnu-cc/install/include -std=c++17 -O2 -Wall -Wextra -pedantic -pthread tests/v49_call_outcome_unit.cpp src/Ast.cpp src/RuntimeValue.cpp -o .build/v49-call-outcome-unit
".build/nift-json-schema-smoke"
JSON Schema smoke test passed
python3 tests/v410_oracle_paths_test.py
...
----------------------------------------------------------------------
Ran 3 tests in 0.000s

OK
mkdir -p .build
g++ -std=c++17 -O2 -Wall -Wextra -pedantic -Isrc -Ijsonic/include tests/v410_object_member_unit.cpp src/RuntimeValue.cpp -o .build/v410-object-member-unit
mkdir -p ".build/object-lookup/"
g++ -Isrc -Iinclude -Iminifypp/include -Iminifypp/src -Imarkuppp/include -Imarkuppp/vendor/cmark -I.build/libffi/x86_64-linux-gnu-cc/install/include -std=c++17 -O2 -Wall -Wextra -pedantic -pthread -DNIFT_TEST_OBJECT_LOOKUP_STATS -MMD -MP -c src/RuntimeValue.cpp -o .build/object-lookup/RuntimeValue.o
.build/v410-object-member-unit
mkdir -p .build/pic/src/
g++ -Isrc -Iinclude -Iminifypp/include -Iminifypp/src -Imarkuppp/include -Imarkuppp/vendor/cmark -I.build/libffi/x86_64-linux-gnu-cc/install/include -std=c++17 -O2 -Wall -Wextra -pedantic -pthread -fPIC -MMD -MP -c src/ProjectOwnership.cpp -o .build/pic/src/ProjectOwnership.o
mkdir -p .build/pic/src/
g++ -Isrc -Iinclude -Iminifypp/include -Iminifypp/src -Imarkuppp/include -Imarkuppp/vendor/cmark -I.build/libffi/x86_64-linux-gnu-cc/install/include -std=c++17 -O2 -Wall -Wextra -pedantic -pthread -fPIC -MMD -MP -c src/PackageTransaction.cpp -o .build/pic/src/PackageTransaction.o
mkdir -p .build/pic/src/
g++ -Isrc -Iinclude -Iminifypp/include -Iminifypp/src -Imarkuppp/include -Imarkuppp/vendor/cmark -I.build/libffi/x86_64-linux-gnu-cc/install/include -std=c++17 -O2 -Wall -Wextra -pedantic -pthread -fPIC -MMD -MP -c src/Process.cpp -o .build/pic/src/Process.o
mkdir -p .build/pic/src/
g++ -Isrc -Iinclude -Iminifypp/include -Iminifypp/src -Imarkuppp/include -Imarkuppp/vendor/cmark -I.build/libffi/x86_64-linux-gnu-cc/install/include -std=c++17 -O2 -Wall -Wextra -pedantic -pthread -fPIC -MMD -MP -c src/JobControl.cpp -o .build/pic/src/JobControl.o
.build/minifypp-smoke
Standalone minifier smoke test passed
make[1]: Leaving directory '/home/nick/Repositories/nift/nift/.build/cp410-implementation/filesystem/certification/minifypp'
mkdir -p .build/pic/src/
g++ -Isrc -Iinclude -Iminifypp/include -Iminifypp/src -Imarkuppp/include -Imarkuppp/vendor/cmark -I.build/libffi/x86_64-linux-gnu-cc/install/include -std=c++17 -O2 -Wall -Wextra -pedantic -pthread -fPIC -MMD -MP -c src/RuntimeValue.cpp -o .build/pic/src/RuntimeValue.o
mkdir -p .build/pic/src/
g++ -Isrc -Iinclude -Iminifypp/include -Iminifypp/src -Imarkuppp/include -Imarkuppp/vendor/cmark -I.build/libffi/x86_64-linux-gnu-cc/install/include -std=c++17 -O2 -Wall -Wextra -pedantic -pthread -fPIC -MMD -MP -c src/Value.cpp -o .build/pic/src/Value.o
mkdir -p .build/pic/src/
g++ -Isrc -Iinclude -Iminifypp/include -Iminifypp/src -Imarkuppp/include -Imarkuppp/vendor/cmark -I.build/libffi/x86_64-linux-gnu-cc/install/include -std=c++17 -O2 -Wall -Wextra -pedantic -pthread -fPIC -MMD -MP -c src/FileSystem.cpp -o .build/pic/src/FileSystem.o
mkdir -p .build/pic/src/
g++ -Isrc -Iinclude -Iminifypp/include -Iminifypp/src -Imarkuppp/include -Imarkuppp/vendor/cmark -I.build/libffi/x86_64-linux-gnu-cc/install/include -std=c++17 -O2 -Wall -Wextra -pedantic -pthread -fPIC -MMD -MP -c src/JsonFile.cpp -o .build/pic/src/JsonFile.o
mkdir -p .build/pic/src/
g++ -Isrc -Iinclude -Iminifypp/include -Iminifypp/src -Imarkuppp/include -Imarkuppp/vendor/cmark -I.build/libffi/x86_64-linux-gnu-cc/install/include -std=c++17 -O2 -Wall -Wextra -pedantic -pthread -fPIC -MMD -MP -c src/JsonSchema.cpp -o .build/pic/src/JsonSchema.o
mkdir -p .build/pic/minifypp/src/
g++ -Isrc -Iinclude -Iminifypp/include -Iminifypp/src -Imarkuppp/include -Imarkuppp/vendor/cmark -I.build/libffi/x86_64-linux-gnu-cc/install/include -std=c++17 -O2 -Wall -Wextra -pedantic -pthread -fPIC -MMD -MP -c minifypp/src/Minify.cpp -o .build/pic/minifypp/src/Minify.o
mkdir -p .build/pic/markuppp/src/
g++ -Isrc -Iinclude -Iminifypp/include -Iminifypp/src -Imarkuppp/include -Imarkuppp/vendor/cmark -I.build/libffi/x86_64-linux-gnu-cc/install/include -std=c++17 -O2 -Wall -Wextra -pedantic -pthread -fPIC -MMD -MP -c markuppp/src/Markup.cpp -o .build/pic/markuppp/src/Markup.o
mkdir -p .build/pic/markuppp/src/
g++ -Isrc -Iinclude -Iminifypp/include -Iminifypp/src -Imarkuppp/include -Imarkuppp/vendor/cmark -I.build/libffi/x86_64-linux-gnu-cc/install/include -std=c++17 -O2 -Wall -Wextra -pedantic -pthread -fPIC -MMD -MP -c markuppp/src/AsciiDoc.cpp -o .build/pic/markuppp/src/AsciiDoc.o
mkdir -p .build/pic/markuppp/src/
g++ -Isrc -Iinclude -Iminifypp/include -Iminifypp/src -Imarkuppp/include -Imarkuppp/vendor/cmark -I.build/libffi/x86_64-linux-gnu-cc/install/include -std=c++17 -O2 -Wall -Wextra -pedantic -pthread -fPIC -MMD -MP -c markuppp/src/ReStructuredText.cpp -o .build/pic/markuppp/src/ReStructuredText.o
mkdir -p .build/pic/src/
g++ -Isrc -Iinclude -Iminifypp/include -Iminifypp/src -Imarkuppp/include -Imarkuppp/vendor/cmark -I.build/libffi/x86_64-linux-gnu-cc/install/include -std=c++17 -O2 -Wall -Wextra -pedantic -pthread -fPIC -MMD -MP -c src/ProjectInfo.cpp -o .build/pic/src/ProjectInfo.o
mkdir -p .build/pic/src/
g++ -Isrc -Iinclude -Iminifypp/include -Iminifypp/src -Imarkuppp/include -Imarkuppp/vendor/cmark -I.build/libffi/x86_64-linux-gnu-cc/install/include -std=c++17 -O2 -Wall -Wextra -pedantic -pthread -fPIC -MMD -MP -c src/ProjectRead.cpp -o .build/pic/src/ProjectRead.o
mkdir -p .build/pic/src/
g++ -Isrc -Iinclude -Iminifypp/include -Iminifypp/src -Imarkuppp/include -Imarkuppp/vendor/cmark -I.build/libffi/x86_64-linux-gnu-cc/install/include -std=c++17 -O2 -Wall -Wextra -pedantic -pthread -fPIC -MMD -MP -c src/ProjectState.cpp -o .build/pic/src/ProjectState.o
mkdir -p .build/pic/src/
g++ -Isrc -Iinclude -Iminifypp/include -Iminifypp/src -Imarkuppp/include -Imarkuppp/vendor/cmark -I.build/libffi/x86_64-linux-gnu-cc/install/include -std=c++17 -O2 -Wall -Wextra -pedantic -pthread -fPIC -MMD -MP -c src/WatchList.cpp -o .build/pic/src/WatchList.o
mkdir -p .build/pic/src/
g++ -Isrc -Iinclude -Iminifypp/include -Iminifypp/src -Imarkuppp/include -Imarkuppp/vendor/cmark -I.build/libffi/x86_64-linux-gnu-cc/install/include -std=c++17 -O2 -Wall -Wextra -pedantic -pthread -fPIC -MMD -MP -c src/BuildProgress.cpp -o .build/pic/src/BuildProgress.o
mkdir -p .build/pic/src/
g++ -Isrc -Iinclude -Iminifypp/include -Iminifypp/src -Imarkuppp/include -Imarkuppp/vendor/cmark -I.build/libffi/x86_64-linux-gnu-cc/install/include -std=c++17 -O2 -Wall -Wextra -pedantic -pthread -fPIC -MMD -MP -c src/Automation.cpp -o .build/pic/src/Automation.o
mkdir -p .build/pic/src/
g++ -Isrc -Iinclude -Iminifypp/include -Iminifypp/src -Imarkuppp/include -Imarkuppp/vendor/cmark -I.build/libffi/x86_64-linux-gnu-cc/install/include -std=c++17 -O2 -Wall -Wextra -pedantic -pthread -fPIC -MMD -MP -c src/Hooks.cpp -o .build/pic/src/Hooks.o
mkdir -p .build/pic/src/
g++ -Isrc -Iinclude -Iminifypp/include -Iminifypp/src -Imarkuppp/include -Imarkuppp/vendor/cmark -I.build/libffi/x86_64-linux-gnu-cc/install/include -std=c++17 -O2 -Wall -Wextra -pedantic -pthread -fPIC -MMD -MP -c src/Ast.cpp -o .build/pic/src/Ast.o
mkdir -p .build/pic/src/embed/
g++ -Isrc -Iinclude -Iminifypp/include -Iminifypp/src -Imarkuppp/include -Imarkuppp/vendor/cmark -I.build/libffi/x86_64-linux-gnu-cc/install/include -std=c++17 -O2 -Wall -Wextra -pedantic -pthread -fPIC -MMD -MP -c src/embed/Engine.cpp -o .build/pic/src/embed/Engine.o
mkdir -p .build/pic/src/embed/
g++ -Isrc -Iinclude -Iminifypp/include -Iminifypp/src -Imarkuppp/include -Imarkuppp/vendor/cmark -I.build/libffi/x86_64-linux-gnu-cc/install/include -std=c++17 -O2 -Wall -Wextra -pedantic -pthread -fPIC -MMD -MP -c src/embed/Context.cpp -o .build/pic/src/embed/Context.o
mkdir -p .build/pic/src/embed/
g++ -Isrc -Iinclude -Iminifypp/include -Iminifypp/src -Imarkuppp/include -Imarkuppp/vendor/cmark -I.build/libffi/x86_64-linux-gnu-cc/install/include -std=c++17 -O2 -Wall -Wextra -pedantic -pthread -fPIC -MMD -MP -c src/embed/c_abi.cpp -o .build/pic/src/embed/c_abi.o
mkdir -p .build/pic/markuppp/vendor/cmark/
cc -Imarkuppp/vendor/cmark -std=c99 -O2 -Wall -Wextra -pedantic -fPIC -MMD -MP -c markuppp/vendor/cmark/blocks.c -o .build/pic/markuppp/vendor/cmark/blocks.o
mkdir -p .build/pic/markuppp/vendor/cmark/
cc -Imarkuppp/vendor/cmark -std=c99 -O2 -Wall -Wextra -pedantic -fPIC -MMD -MP -c markuppp/vendor/cmark/buffer.c -o .build/pic/markuppp/vendor/cmark/buffer.o
mkdir -p .build/pic/markuppp/vendor/cmark/
cc -Imarkuppp/vendor/cmark -std=c99 -O2 -Wall -Wextra -pedantic -fPIC -MMD -MP -c markuppp/vendor/cmark/cmark.c -o .build/pic/markuppp/vendor/cmark/cmark.o
mkdir -p .build/pic/markuppp/vendor/cmark/
cc -Imarkuppp/vendor/cmark -std=c99 -O2 -Wall -Wextra -pedantic -fPIC -MMD -MP -c markuppp/vendor/cmark/cmark_ctype.c -o .build/pic/markuppp/vendor/cmark/cmark_ctype.o
mkdir -p .build/pic/markuppp/vendor/cmark/
cc -Imarkuppp/vendor/cmark -std=c99 -O2 -Wall -Wextra -pedantic -fPIC -MMD -MP -c markuppp/vendor/cmark/houdini_href_e.c -o .build/pic/markuppp/vendor/cmark/houdini_href_e.o
mkdir -p .build/pic/markuppp/vendor/cmark/
cc -Imarkuppp/vendor/cmark -std=c99 -O2 -Wall -Wextra -pedantic -fPIC -MMD -MP -c markuppp/vendor/cmark/houdini_html_e.c -o .build/pic/markuppp/vendor/cmark/houdini_html_e.o
mkdir -p .build/pic/markuppp/vendor/cmark/
cc -Imarkuppp/vendor/cmark -std=c99 -O2 -Wall -Wextra -pedantic -fPIC -MMD -MP -c markuppp/vendor/cmark/houdini_html_u.c -o .build/pic/markuppp/vendor/cmark/houdini_html_u.o
mkdir -p .build/pic/markuppp/vendor/cmark/
cc -Imarkuppp/vendor/cmark -std=c99 -O2 -Wall -Wextra -pedantic -fPIC -MMD -MP -c markuppp/vendor/cmark/html.c -o .build/pic/markuppp/vendor/cmark/html.o
mkdir -p .build/pic/markuppp/vendor/cmark/
cc -Imarkuppp/vendor/cmark -std=c99 -O2 -Wall -Wextra -pedantic -fPIC -MMD -MP -c markuppp/vendor/cmark/inlines.c -o .build/pic/markuppp/vendor/cmark/inlines.o
mkdir -p .build/pic/markuppp/vendor/cmark/
cc -Imarkuppp/vendor/cmark -std=c99 -O2 -Wall -Wextra -pedantic -fPIC -MMD -MP -c markuppp/vendor/cmark/iterator.c -o .build/pic/markuppp/vendor/cmark/iterator.o
mkdir -p .build/pic/markuppp/vendor/cmark/
cc -Imarkuppp/vendor/cmark -std=c99 -O2 -Wall -Wextra -pedantic -fPIC -MMD -MP -c markuppp/vendor/cmark/node.c -o .build/pic/markuppp/vendor/cmark/node.o
mkdir -p .build/pic/markuppp/vendor/cmark/
cc -Imarkuppp/vendor/cmark -std=c99 -O2 -Wall -Wextra -pedantic -fPIC -MMD -MP -c markuppp/vendor/cmark/references.c -o .build/pic/markuppp/vendor/cmark/references.o
mkdir -p .build/pic/markuppp/vendor/cmark/
cc -Imarkuppp/vendor/cmark -std=c99 -O2 -Wall -Wextra -pedantic -fPIC -MMD -MP -c markuppp/vendor/cmark/render.c -o .build/pic/markuppp/vendor/cmark/render.o
mkdir -p .build/pic/markuppp/vendor/cmark/
cc -Imarkuppp/vendor/cmark -std=c99 -O2 -Wall -Wextra -pedantic -fPIC -MMD -MP -c markuppp/vendor/cmark/scanners.c -o .build/pic/markuppp/vendor/cmark/scanners.o
mkdir -p .build/pic/markuppp/vendor/cmark/
cc -Imarkuppp/vendor/cmark -std=c99 -O2 -Wall -Wextra -pedantic -fPIC -MMD -MP -c markuppp/vendor/cmark/utf8.c -o .build/pic/markuppp/vendor/cmark/utf8.o
python3 scripts/check_binding_warnings.py
cd bindings/node && bash build.sh
using node headers: /usr/include/node
cd bindings/python && bash build.sh
using python headers: /usr/include/python3.14
BUILD vendored libffi (libffi)
BUILD vendored libffi (libffi)
NIFT_JSON_GUARD="/home/nick/Repositories/nift/nift/.build/cp410-implementation/filesystem/certification/.build/nift-json-preflight-guard" python3 tests/v49_json_preflight_guard.py
PASS 100 leaves, depth 48: one preflight, 149 converted nodes
PASS 200 leaves, depth 48: one preflight, 249 converted nodes
PASS 400 leaves, depth 48: one preflight, 449 converted nodes
CC="cc" CXX="g++" CFLAGS="-O2 -fPIC -Wno-deprecated-declarations" bash scripts/build_vendored_libffi.sh ".build/libffi/x86_64-linux-gnu-cc"
".build/nift-runtime-value"
".build/nift-console-smoke"
console diagnostics smoke passed
".build/progress-render"
progress renderer smoke passed
.build/source-view-unit
.build/ast-source-unit
.build/v49-call-outcome-unit
mkdir -p .build/pic/src/
g++ -Isrc -Iinclude -Iminifypp/include -Iminifypp/src -Imarkuppp/include -Imarkuppp/vendor/cmark -I.build/libffi/x86_64-linux-gnu-cc/install/include -std=c++17 -O2 -Wall -Wextra -pedantic -pthread -fPIC -MMD -MP -c src/Parser.cpp -o .build/pic/src/Parser.o
PASS g++: bindings/node/native/nift_node.cc warnings as errors
PASS g++: bindings/python/src/nift_module.cc warnings as errors
PASS clang++: bindings/node/native/nift_node.cc warnings as errors
PASS clang++: bindings/python/src/nift_module.cc warnings as errors
mkdir -p .build/pic/src/
g++ -Isrc -Iinclude -Iminifypp/include -Iminifypp/src -Imarkuppp/include -Imarkuppp/vendor/cmark -I.build/libffi/x86_64-linux-gnu-cc/install/include -std=c++17 -O2 -Wall -Wextra -pedantic -pthread -fPIC -MMD -MP -c src/ParserAsyncPool.cpp -o .build/pic/src/ParserAsyncPool.o
mkdir -p .build/pic/src/
g++ -Isrc -Iinclude -Iminifypp/include -Iminifypp/src -Imarkuppp/include -Imarkuppp/vendor/cmark -I.build/libffi/x86_64-linux-gnu-cc/install/include -std=c++17 -O2 -Wall -Wextra -pedantic -pthread -fPIC -MMD -MP -c src/ParserExpression.cpp -o .build/pic/src/ParserExpression.o
BUILD vendored libffi: done (5s)
BUILD vendored libffi: done (5s)
mkdir -p .build/pic/src/
g++ -Isrc -Iinclude -Iminifypp/include -Iminifypp/src -Imarkuppp/include -Imarkuppp/vendor/cmark -I.build/libffi/x86_64-linux-gnu-cc/install/include -std=c++17 -O2 -Wall -Wextra -pedantic -pthread -fPIC -MMD -MP -c src/ParserHelpers.cpp -o .build/pic/src/ParserHelpers.o
mkdir -p .build/pic/src/
g++ -Isrc -Iinclude -Iminifypp/include -Iminifypp/src -Imarkuppp/include -Imarkuppp/vendor/cmark -I.build/libffi/x86_64-linux-gnu-cc/install/include -std=c++17 -O2 -Wall -Wextra -pedantic -pthread -fPIC -MMD -MP -c src/ParserScript.cpp -o .build/pic/src/ParserScript.o
mkdir -p .build/pic/src/
g++ -Isrc -Iinclude -Iminifypp/include -Iminifypp/src -Imarkuppp/include -Imarkuppp/vendor/cmark -I.build/libffi/x86_64-linux-gnu-cc/install/include -std=c++17 -O2 -Wall -Wextra -pedantic -pthread -fPIC -MMD -MP -c src/ParserTemplate.cpp -o .build/pic/src/ParserTemplate.o
NIFT="/home/nick/Repositories/nift/nift/.build/cp410-implementation/filesystem/certification/.build/nift-glob-key-guard" python3 tests/v49_glob_key_guard.py
PASS 100 entries: 100 ordering-key conversions
PASS 200 entries: 200 ordering-key conversions
PASS 400 entries: 400 ordering-key conversions
NIFT="/home/nick/Repositories/nift/nift/.build/cp410-implementation/filesystem/certification/nift" python3 tests/v49_glob_order.py
PASS 8 glob ordering/dedup/Unicode/hidden/missing contracts plus POSIX symlinks
NIFT="/home/nick/Repositories/nift/nift/.build/cp410-implementation/filesystem/certification/nift" python3 tests/v49_selector_parity.py
PASS 58 selector/capture/location/error contracts
NIFT="/home/nick/Repositories/nift/nift/.build/cp410-implementation/filesystem/certification/nift" bash tests/v47_deep_expression_smoke.sh
PASS v4.7 deep expression
NIFT_BIN="/home/nick/Repositories/nift/nift/.build/cp410-implementation/filesystem/certification/nift" tests/parser_content_smoke.sh
Tracked content/input parser smoke test passed
NIFT_BIN="/home/nick/Repositories/nift/nift/.build/cp410-implementation/filesystem/certification/nift" tests/commands_smoke.sh
CLI grammar smoke test passed
NIFT_BIN="/home/nick/Repositories/nift/nift/.build/cp410-implementation/filesystem/certification/nift" tests/comments_smoke.sh
Comments smoke test passed
NIFT_BIN="/home/nick/Repositories/nift/nift/.build/cp410-implementation/filesystem/certification/nift" tests/contracts_smoke.sh
NIFT="/home/nick/Repositories/nift/nift/.build/cp410-implementation/filesystem/certification/nift" tests/cp15_numeric_repair.sh
CP15 numeric repair smoke: PASS
".build/nift-cp17-bytes"
NIFT="/home/nick/Repositories/nift/nift/.build/cp410-implementation/filesystem/certification/nift" tests/cp17_bytes.sh
Project contracts smoke test passed
mkdir -p .build
g++ -Isrc -Iinclude -Iminifypp/include -Iminifypp/src -Imarkuppp/include -Imarkuppp/vendor/cmark -I.build/libffi/x86_64-linux-gnu-cc/install/include -std=c++17 -O2 -Wall -Wextra -pedantic -pthread tests/cp18_bytes.cpp src/ProjectOwnership.o src/PackageTransaction.o src/Process.o src/JobControl.o src/RuntimeValue.o src/Value.o src/FileSystem.o src/JsonFile.o src/JsonSchema.o minifypp/src/Minify.o markuppp/src/Markup.o markuppp/src/AsciiDoc.o markuppp/src/ReStructuredText.o src/Parser.o src/ParserAsyncPool.o src/ParserExpression.o src/ParserHelpers.o src/ParserScript.o src/ParserTemplate.o src/ProjectInfo.o src/ProjectRead.o src/ProjectState.o src/WatchList.o src/BuildProgress.o src/Automation.o src/Hooks.o src/Ast.o src/embed/Engine.o src/embed/Context.o src/embed/c_abi.o markuppp/vendor/cmark/blocks.o markuppp/vendor/cmark/buffer.o markuppp/vendor/cmark/cmark.o markuppp/vendor/cmark/cmark_ctype.o markuppp/vendor/cmark/houdini_href_e.o markuppp/vendor/cmark/houdini_html_e.o markuppp/vendor/cmark/houdini_html_u.o markuppp/vendor/cmark/html.o markuppp/vendor/cmark/inlines.o markuppp/vendor/cmark/iterator.o markuppp/vendor/cmark/node.o markuppp/vendor/cmark/references.o markuppp/vendor/cmark/render.o markuppp/vendor/cmark/scanners.o markuppp/vendor/cmark/utf8.o -ldl .build/libffi/x86_64-linux-gnu-cc/install/lib/libffi.a -o .build/nift-cp18-bytes
CP17 bytes language semantics: PASS
NIFT="/home/nick/Repositories/nift/nift/.build/cp410-implementation/filesystem/certification/nift" tests/cp19_bytes_io.sh
CP19 bytes I/O: PASS
NIFT="/home/nick/Repositories/nift/nift/.build/cp410-implementation/filesystem/certification/nift" tests/cp20_bytes_ffi.sh
CP20 bytes/FFI copying bridges: PASS
cp .build/libffi/x86_64-linux-gnu-cc/install/lib/libffi.a libnift_c.a
ar rcs libnift_c.a src/ProjectOwnership.o src/PackageTransaction.o src/Process.o src/JobControl.o src/RuntimeValue.o src/Value.o src/FileSystem.o src/JsonFile.o src/JsonSchema.o minifypp/src/Minify.o markuppp/src/Markup.o markuppp/src/AsciiDoc.o markuppp/src/ReStructuredText.o src/Parser.o src/ParserAsyncPool.o src/ParserExpression.o src/ParserHelpers.o src/ParserScript.o src/ParserTemplate.o src/ProjectInfo.o src/ProjectRead.o src/ProjectState.o src/WatchList.o src/BuildProgress.o src/Automation.o src/Hooks.o src/Ast.o src/embed/Engine.o src/embed/Context.o src/embed/c_abi.o markuppp/vendor/cmark/blocks.o markuppp/vendor/cmark/buffer.o markuppp/vendor/cmark/cmark.o markuppp/vendor/cmark/cmark_ctype.o markuppp/vendor/cmark/houdini_href_e.o markuppp/vendor/cmark/houdini_html_e.o markuppp/vendor/cmark/houdini_html_u.o markuppp/vendor/cmark/html.o markuppp/vendor/cmark/inlines.o markuppp/vendor/cmark/iterator.o markuppp/vendor/cmark/node.o markuppp/vendor/cmark/references.o markuppp/vendor/cmark/render.o markuppp/vendor/cmark/scanners.o markuppp/vendor/cmark/utf8.o
NIFT_BIN="/home/nick/Repositories/nift/nift/.build/cp410-implementation/filesystem/certification/nift" tests/diagnostics_smoke.sh
diagnostics smoke passed
diagnostics smoke passed
NIFT_BIN="/home/nick/Repositories/nift/nift/.build/cp410-implementation/filesystem/certification/nift" tests/json_schema_integration_smoke.sh
JSON Schema integration smoke test passed
NIFT_BIN="/home/nick/Repositories/nift/nift/.build/cp410-implementation/filesystem/certification/nift" tests/markup_json_directives_smoke.sh
NIFT_BIN="/home/nick/Repositories/nift/nift/.build/cp410-implementation/filesystem/certification/nift" tests/pagination_smoke.sh
Pagination smoke test passed
NIFT_BIN="/home/nick/Repositories/nift/nift/.build/cp410-implementation/filesystem/certification/nift" tests/pagination_ordering_smoke.sh
make: *** [Makefile:1012: test-pagination-ordering] Error 1
make: *** Waiting for unfinished jobs....
@json and @markup directive smoke test passed
no dynamic libffi dependency: build/nift_node.node
private non-preemptible libffi symbols: build/nift_node.node
built build/nift_node.node
no dynamic libffi dependency: nift/_nift.cpython-314-x86_64-linux-gnu.so
private non-preemptible libffi symbols: nift/_nift.cpython-314-x86_64-linux-gnu.so
built nift/_nift.cpython-314-x86_64-linux-gnu.so
