windows behavioural corpus	v4.9 contracts on Windows	﻿2026-10-09T01:22:37.2182459Z ##[group]Run make test-v49-selector-parity test-v49-glob-order test-v49-glob-key-guard test-v49-json-preflight-guard test-runtime-value test-v48-callback-parity test-v48-callback-guard test-v410-sort-factory-parity test-v410-object-member-parity test-v410-object-member-unit test-v410-object-member-guard
windows behavioural corpus	v4.9 contracts on Windows	2026-10-09T01:22:37.2183972Z [36;1mmake test-v49-selector-parity test-v49-glob-order test-v49-glob-key-guard test-v49-json-preflight-guard test-runtime-value test-v48-callback-parity test-v48-callback-guard test-v410-sort-factory-parity test-v410-object-member-parity test-v410-object-member-unit test-v410-object-member-guard[0m
windows behavioural corpus	v4.9 contracts on Windows	2026-10-09T01:22:37.2186624Z shell: D:\a\_temp\setup-msys2\msys2.CMD {0}
windows behavioural corpus	v4.9 contracts on Windows	2026-10-09T01:22:37.2186880Z env:
windows behavioural corpus	v4.9 contracts on Windows	2026-10-09T01:22:37.2187105Z   pythonLocation: C:\hostedtoolcache\windows\Python\3.13.15\x64
windows behavioural corpus	v4.9 contracts on Windows	2026-10-09T01:22:37.2187464Z   PKG_CONFIG_PATH: C:\hostedtoolcache\windows\Python\3.13.15\x64/lib/pkgconfig
windows behavioural corpus	v4.9 contracts on Windows	2026-10-09T01:22:37.2187826Z   Python_ROOT_DIR: C:\hostedtoolcache\windows\Python\3.13.15\x64
windows behavioural corpus	v4.9 contracts on Windows	2026-10-09T01:22:37.2188214Z   Python2_ROOT_DIR: C:\hostedtoolcache\windows\Python\3.13.15\x64
windows behavioural corpus	v4.9 contracts on Windows	2026-10-09T01:22:37.2188516Z   Python3_ROOT_DIR: C:\hostedtoolcache\windows\Python\3.13.15\x64
windows behavioural corpus	v4.9 contracts on Windows	2026-10-09T01:22:37.2188798Z   MSYSTEM: UCRT64
windows behavioural corpus	v4.9 contracts on Windows	2026-10-09T01:22:37.2188979Z ##[endgroup]
windows behavioural corpus	v4.9 contracts on Windows	2026-10-09T01:22:38.1459611Z CC="cc" CXX="g++" CFLAGS="-O2 -fPIC -Wno-deprecated-declarations" bash scripts/build_vendored_libffi.sh ".build/libffi/x86_64-w64-mingw32-cc"
windows behavioural corpus	v4.9 contracts on Windows	2026-10-09T01:22:38.7511467Z NIFT="/d/a/nift/nift/nift.exe" python3 tests/v49_selector_parity.py
windows behavioural corpus	v4.9 contracts on Windows	2026-10-09T01:22:40.5654161Z PASS 58 selector/capture/location/error contracts
windows behavioural corpus	v4.9 contracts on Windows	2026-10-09T01:22:40.5949119Z NIFT="/d/a/nift/nift/nift.exe" python3 tests/v49_glob_order.py
windows behavioural corpus	v4.9 contracts on Windows	2026-10-09T01:22:40.8029994Z PASS 8 glob ordering/dedup/Unicode/hidden/missing contracts
windows behavioural corpus	v4.9 contracts on Windows	2026-10-09T01:22:40.8143973Z mkdir -p ".build/glob-keys/"
windows behavioural corpus	v4.9 contracts on Windows	2026-10-09T01:22:40.8616217Z g++ -Isrc -Iinclude -Iminifypp/include -Iminifypp/src -Imarkuppp/include -Imarkuppp/vendor/cmark -I.build/libffi/x86_64-w64-mingw32-cc/install/include -std=c++17 -O2 -Wall -Wextra -pedantic -pthread -DNIFT_TEST_GLOB_KEY_STATS -MMD -MP -c src/ParserHelpers.cpp -o .build/glob-keys/ParserHelpers.o
windows behavioural corpus	v4.9 contracts on Windows	2026-10-09T01:22:45.3202672Z g++ -std=c++17 -O2 -Wall -Wextra -pedantic -pthread -static -static-libgcc -static-libstdc++ src/nift.o src/ProjectOwnership.o src/PackageTransaction.o src/CLI.o src/Process.o src/JobControl.o src/RuntimeValue.o src/Value.o src/FileSystem.o src/JsonFile.o src/JsonSchema.o minifypp/src/Minify.o markuppp/src/Markup.o markuppp/src/AsciiDoc.o markuppp/src/ReStructuredText.o src/Parser.o src/ParserAsyncPool.o src/ParserExpression.o src/ParserScript.o src/ParserTemplate.o src/ProjectInfo.o src/ProjectRead.o src/ProjectState.o src/WatchList.o src/BuildProgress.o src/Automation.o src/Hooks.o src/Ast.o markuppp/vendor/cmark/blocks.o markuppp/vendor/cmark/buffer.o markuppp/vendor/cmark/cmark.o markuppp/vendor/cmark/cmark_ctype.o markuppp/vendor/cmark/houdini_href_e.o markuppp/vendor/cmark/houdini_html_e.o markuppp/vendor/cmark/houdini_html_u.o markuppp/vendor/cmark/html.o markuppp/vendor/cmark/inlines.o markuppp/vendor/cmark/iterator.o markuppp/vendor/cmark/node.o markuppp/vendor/cmark/references.o markuppp/vendor/cmark/render.o markuppp/vendor/cmark/scanners.o markuppp/vendor/cmark/utf8.o .build/glob-keys/ParserHelpers.o .build/libffi/x86_64-w64-mingw32-cc/install/lib/libffi.a -o .build/nift-glob-key-guard.exe
windows behavioural corpus	v4.9 contracts on Windows	2026-10-09T01:22:45.6011600Z NIFT="/d/a/nift/nift/.build/nift-glob-key-guard.exe" python3 tests/v49_glob_key_guard.py
windows behavioural corpus	v4.9 contracts on Windows	2026-10-09T01:22:45.9693792Z PASS 100 entries: 200 ordering-key conversions
windows behavioural corpus	v4.9 contracts on Windows	2026-10-09T01:22:45.9694144Z PASS 200 entries: 400 ordering-key conversions
windows behavioural corpus	v4.9 contracts on Windows	2026-10-09T01:22:45.9694708Z PASS 400 entries: 800 ordering-key conversions
windows behavioural corpus	v4.9 contracts on Windows	2026-10-09T01:22:45.9819221Z mkdir -p ".build"
windows behavioural corpus	v4.9 contracts on Windows	2026-10-09T01:22:46.0124502Z g++ -Isrc -Iinclude -Iminifypp/include -Iminifypp/src -Imarkuppp/include -Imarkuppp/vendor/cmark -I.build/libffi/x86_64-w64-mingw32-cc/install/include -std=c++17 -O2 -Wall -Wextra -pedantic -pthread -DNIFT_TEST_JSON_PREFLIGHT_STATS tests/v49_json_preflight_guard.cpp src/RuntimeValue.cpp -o ".build/nift-json-preflight-guard.exe"
windows behavioural corpus	v4.9 contracts on Windows	2026-10-09T01:22:49.3602327Z NIFT_JSON_GUARD="/d/a/nift/nift/.build/nift-json-preflight-guard.exe" python3 tests/v49_json_preflight_guard.py
windows behavioural corpus	v4.9 contracts on Windows	2026-10-09T01:22:49.5341951Z PASS 100 leaves, depth 48: one preflight, 149 converted nodes
windows behavioural corpus	v4.9 contracts on Windows	2026-10-09T01:22:49.5342431Z PASS 200 leaves, depth 48: one preflight, 249 converted nodes
windows behavioural corpus	v4.9 contracts on Windows	2026-10-09T01:22:49.5342739Z PASS 400 leaves, depth 48: one preflight, 449 converted nodes
windows behavioural corpus	v4.9 contracts on Windows	2026-10-09T01:22:49.5504716Z mkdir -p ".build"
windows behavioural corpus	v4.9 contracts on Windows	2026-10-09T01:22:49.5812136Z g++ -Isrc -Iinclude -Iminifypp/include -Iminifypp/src -Imarkuppp/include -Imarkuppp/vendor/cmark -I.build/libffi/x86_64-w64-mingw32-cc/install/include -std=c++17 -O2 -Wall -Wextra -pedantic -pthread tests/runtime_value.cpp src/RuntimeValue.cpp -o ".build/nift-runtime-value.exe"
windows behavioural corpus	v4.9 contracts on Windows	2026-10-09T01:22:54.6133812Z ".build/nift-runtime-value.exe"
windows behavioural corpus	v4.9 contracts on Windows	2026-10-09T01:22:54.6600970Z NIFT="/d/a/nift/nift/nift.exe" bash tests/v48_callback_parity.sh
windows behavioural corpus	v4.9 contracts on Windows	2026-10-09T01:22:56.1173739Z PASS v4.8 identifier and callback compatibility parity
windows behavioural corpus	v4.9 contracts on Windows	2026-10-09T01:22:56.2867187Z PASS v4.8 callback compatibility matrix
windows behavioural corpus	v4.9 contracts on Windows	2026-10-09T01:22:56.3044677Z NIFT="/d/a/nift/nift/nift.exe" python3 tests/v48_callback_numeric_parity.py
windows behavioural corpus	v4.9 contracts on Windows	2026-10-09T01:23:24.8230981Z PASS 470 ordinary/callback numeric and fallback parity pairs
windows behavioural corpus	v4.9 contracts on Windows	2026-10-09T01:23:24.8376695Z mkdir -p ".build/lambda-cache/"
windows behavioural corpus	v4.9 contracts on Windows	2026-10-09T01:23:24.8692454Z g++ -Isrc -Iinclude -Iminifypp/include -Iminifypp/src -Imarkuppp/include -Imarkuppp/vendor/cmark -I.build/libffi/x86_64-w64-mingw32-cc/install/include -std=c++17 -O2 -Wall -Wextra -pedantic -pthread -DNIFT_TEST_LAMBDA_CACHE_STATS -MMD -MP -c src/ParserExpression.cpp -o .build/lambda-cache/ParserExpression.o
windows behavioural corpus	v4.9 contracts on Windows	2026-10-09T01:23:53.2414052Z g++ -std=c++17 -O2 -Wall -Wextra -pedantic -pthread -static -static-libgcc -static-libstdc++ src/nift.o src/ProjectOwnership.o src/PackageTransaction.o src/CLI.o src/Process.o src/JobControl.o src/RuntimeValue.o src/Value.o src/FileSystem.o src/JsonFile.o src/JsonSchema.o minifypp/src/Minify.o markuppp/src/Markup.o markuppp/src/AsciiDoc.o markuppp/src/ReStructuredText.o src/Parser.o src/ParserAsyncPool.o src/ParserHelpers.o src/ParserScript.o src/ParserTemplate.o src/ProjectInfo.o src/ProjectRead.o src/ProjectState.o src/WatchList.o src/BuildProgress.o src/Automation.o src/Hooks.o src/Ast.o markuppp/vendor/cmark/blocks.o markuppp/vendor/cmark/buffer.o markuppp/vendor/cmark/cmark.o markuppp/vendor/cmark/cmark_ctype.o markuppp/vendor/cmark/houdini_href_e.o markuppp/vendor/cmark/houdini_html_e.o markuppp/vendor/cmark/houdini_html_u.o markuppp/vendor/cmark/html.o markuppp/vendor/cmark/inlines.o markuppp/vendor/cmark/iterator.o markuppp/vendor/cmark/node.o markuppp/vendor/cmark/references.o markuppp/vendor/cmark/render.o markuppp/vendor/cmark/scanners.o markuppp/vendor/cmark/utf8.o .build/lambda-cache/ParserExpression.o .build/libffi/x86_64-w64-mingw32-cc/install/lib/libffi.a -o .build/nift-lambda-cache-guard.exe
windows behavioural corpus	v4.9 contracts on Windows	2026-10-09T01:23:53.5229096Z NIFT="/d/a/nift/nift/.build/nift-lambda-cache-guard.exe" python3 tests/v48_callback_guard.py
windows behavioural corpus	v4.9 contracts on Windows	2026-10-09T01:23:56.2439656Z PASS indexed map: {'syntax': 1, 'numeric': 1, 'instances': 1, 'prepared': 100000, 'legacy': 0}
windows behavioural corpus	v4.9 contracts on Windows	2026-10-09T01:23:56.2440175Z PASS indexed sort: {'syntax': 1, 'numeric': 1, 'instances': 100000, 'prepared': 100000, 'legacy': 0}
windows behavioural corpus	v4.9 contracts on Windows	2026-10-09T01:23:56.2440578Z PASS identity map: {'syntax': 1, 'numeric': 0, 'instances': 1, 'prepared': 100000, 'legacy': 0}
windows behavioural corpus	v4.9 contracts on Windows	2026-10-09T01:23:56.2440965Z PASS identity sort: {'syntax': 1, 'numeric': 0, 'instances': 100000, 'prepared': 100000, 'legacy': 0}
windows behavioural corpus	v4.9 contracts on Windows	2026-10-09T01:23:56.2441356Z PASS identity typed fallback: {'syntax': 1, 'numeric': 0, 'instances': 1, 'prepared': 1, 'legacy': 1}
windows behavioural corpus	v4.9 contracts on Windows	2026-10-09T01:23:56.2442038Z PASS sort: {'syntax': 1, 'numeric': 1, 'instances': 100000, 'prepared': 100000, 'legacy': 0}
windows behavioural corpus	v4.9 contracts on Windows	2026-10-09T01:23:56.2442402Z PASS reduce: {'syntax': 1, 'numeric': 1, 'instances': 1, 'prepared': 100000, 'legacy': 0}
windows behavioural corpus	v4.9 contracts on Windows	2026-10-09T01:23:56.2443516Z PASS numeric filter: {'syntax': 1, 'numeric': 1, 'instances': 1, 'prepared': 100000, 'legacy': 0}
windows behavioural corpus	v4.9 contracts on Windows	2026-10-09T01:23:56.2443901Z PASS numeric equality filter: {'syntax': 1, 'numeric': 1, 'instances': 1, 'prepared': 100000, 'legacy': 0}
windows behavioural corpus	v4.9 contracts on Windows	2026-10-09T01:23:56.2444317Z PASS bounded cache: {'syntax': 300, 'numeric': 256, 'instances': 300, 'prepared': 256, 'legacy': 44}
windows behavioural corpus	v4.9 contracts on Windows	2026-10-09T01:23:56.2444694Z PASS oversized body: {'syntax': 1, 'numeric': 0, 'instances': 1, 'prepared': 0, 'legacy': 1}
windows behavioural corpus	v4.9 contracts on Windows	2026-10-09T01:23:56.2445093Z PASS typed fallback: {'syntax': 1, 'numeric': 1, 'instances': 1, 'prepared': 1, 'legacy': 1}
windows behavioural corpus	v4.9 contracts on Windows	2026-10-09T01:23:56.2588735Z python3 tests/v410_sort_factory_parity.py --nift ./nift.exe
windows behavioural corpus	v4.9 contracts on Windows	2026-10-09T01:23:56.7818391Z FAIL unused-timer-observable: (1, '', 'error: D:/a/_temp/msys64<ORACLE_ROOT>/unused-timer-observable.f:3:6: async function capture contains a non-transferable timer\n') != (1, '', 'error: <ORACLE_ROOT>/unused-timer-observable.f:3:6: async function capture contains a non-transferable timer\n')
windows behavioural corpus	v4.9 contracts on Windows	2026-10-09T01:23:56.7964738Z make: *** [Makefile:1837: test-v410-sort-factory-parity] Error 1
windows behavioural corpus	v4.9 contracts on Windows	2026-10-09T01:23:56.8020340Z ##[error]Process completed with exit code 2.
